******************************************************************************
                  TI ARM Linker PC v5.2.3                      
******************************************************************************
>> Linked Thu May 26 11:55:46 2016

OUTPUT FILE NAME:   <RFID_Tiva.out>
ENTRY POINT SYMBOL: "_c_int00"  address: 00002bb1


MEMORY CONFIGURATION

         name            origin    length      used     unused   attr    fill
----------------------  --------  ---------  --------  --------  ----  --------
  FLASH                 00000000   00040000  0000320e  0003cdf2  R  X
  SRAM                  20000000   00008000  0000026c  00007d94  RW X


SEGMENT ALLOCATION MAP

run origin  load origin   length   init length attrs members
----------  ----------- ---------- ----------- ----- -------
00000000    00000000    00003210   00003210    r-x
  00000000    00000000    0000026c   0000026c    r-- .intvecs
  0000026c    0000026c    00002cd0   00002cd0    r-x .text
  00002f3c    00002f3c    0000028a   0000028a    r-- .const
  000031c8    000031c8    00000048   00000048    r-- .cinit
20000000    20000000    0000026c   00000000    rw-
  20000000    20000000    00000200   00000000    rw- .stack
  20000200    20000200    00000040   00000000    rw- .bss
  20000240    20000240    0000002c   00000000    rw- .data


SECTION ALLOCATION MAP

 output                                  attributes/
section   page    origin      length       input sections
--------  ----  ----------  ----------   ----------------
.intvecs   0    00000000    0000026c     
                  00000000    0000026c     tm4c123gh6pm_startup_ccs.obj (.intvecs)

.text      0    0000026c    00002cd0     
                  0000026c    00000e28     EF_TIVA_DIO.obj (.text)
                  00001094    0000074c     EF_RFID.obj (.text)
                  000017e0    000004dc     uartstdio.obj (.text)
                  00001cbc    00000450     EF_TIVA_uart.obj (.text)
                  0000210c    00000230     EF_SpechialTIMER.obj (.text)
                  0000233c    00000170     main.obj (.text)
                  000024ac    00000130     driverlib.lib : gpio.obj (.text:GPIOPadConfigSet)
                  000025dc    00000118                   : sysctl.obj (.text:SysCtlClockGet)
                  000026f4    000000f0                   : sysctl.obj (.text:SysCtlClockSet)
                  000027e4    0000009c     rtsv7M4_T_le_v4SPD16_eabi.lib : memcpy_t2.obj (.text)
                  00002880    00000094     EF_TIVA_Timer.obj (.text)
                  00002914    0000008c     std_types.obj (.text)
                  000029a0    0000007a     rtsv7M4_T_le_v4SPD16_eabi.lib : memset_t2.obj (.text)
                  00002a1a    00000002                                   : i_div0.obj (.text)
                  00002a1c    0000006c                                   : autoinit.obj (.text)
                  00002a88    0000006a                                   : copy_decompress_rle.obj (.text)
                  00002af2    00000002     --HOLE-- [fill = 0]
                  00002af4    00000060     driverlib.lib : interrupt.obj (.text:IntEnable)
                  00002b54    0000005c                   : timer.obj (.text:TimerConfigure)
                  00002bb0    00000050     rtsv7M4_T_le_v4SPD16_eabi.lib : boot.obj (.text)
                  00002c00    0000004c                                   : cpy_tbl.obj (.text)
                  00002c4c    00000048     driverlib.lib : gpio.obj (.text:GPIOPinConfigure)
                  00002c94    00000044     rtsv7M4_T_le_v4SPD16_eabi.lib : exit.obj (.text)
                  00002cd8    00000040     driverlib.lib : uart.obj (.text:UARTConfigSetExpClk)
                  00002d18    00000040     rtsv7M4_T_le_v4SPD16_eabi.lib : u_divt2.obj (.text)
                  00002d58    00000034     driverlib.lib : sysctl.obj (.text:SysCtlPeripheralEnable)
                  00002d8c    0000002a                   : gpio.obj (.text:GPIODirModeSet)
                  00002db6    00000002     --HOLE-- [fill = 0]
                  00002db8    0000001c                   : uart.obj (.text:UARTDisable)
                  00002dd4    00000018                   : gpio.obj (.text:GPIOPinTypeGPIOOutput)
                  00002dec    00000018     rtsv7M4_T_le_v4SPD16_eabi.lib : args_main.obj (.text)
                  00002e04    00000014     driverlib.lib : uart.obj (.text:UARTEnable)
                  00002e18    00000014     rtsv7M4_T_le_v4SPD16_eabi.lib : _lock.obj (.text)
                  00002e2c    00000012     driverlib.lib : gpio.obj (.text:GPIOPinTypeGPIOInput)
                  00002e3e    00000012                   : gpio.obj (.text:GPIOPinTypeUART)
                  00002e50    00000012                   : timer.obj (.text:TimerLoadSet)
                  00002e62    00000012                   : timer.obj (.text:TimerPrescaleSet)
                  00002e74    0000000e                   : timer.obj (.text:TimerEnable)
                  00002e82    0000000e                   : uart.obj (.text:UARTCharGetNonBlocking)
                  00002e90    0000000e                   : uart.obj (.text:UARTCharPutNonBlocking)
                  00002e9e    0000000e     rtsv7M4_T_le_v4SPD16_eabi.lib : copy_decompress_none.obj (.text:decompress:none)
                  00002eac    0000000c     driverlib.lib : cpu.obj (.text:CPUcpsie)
                  00002eb8    0000000c                   : uart.obj (.text:UARTCharsAvail)
                  00002ec4    0000000c                   : uart.obj (.text:UARTSpaceAvail)
                  00002ed0    0000000c     rtsv7M4_T_le_v4SPD16_eabi.lib : copy_zero_init.obj (.text:decompress:ZI)
                  00002edc    0000000c     tm4c123gh6pm_startup_ccs.obj (.text)
                  00002ee8    0000000a     driverlib.lib : interrupt.obj (.text:IntMasterEnable)
                  00002ef2    0000000a                   : uart.obj (.text:UARTCharGet)
                  00002efc    0000000a                   : uart.obj (.text:UARTCharPut)
                  00002f06    00000008                   : timer.obj (.text:TimerIntEnable)
                  00002f0e    00000008                   : uart.obj (.text:UARTIntEnable)
                  00002f16    00000006                   : gpio.obj (.text:GPIOPinRead)
                  00002f1c    00000006                   : gpio.obj (.text:GPIOPinWrite)
                  00002f22    00000006                   : sysctl.obj (.text:SysCtlDelay)
                  00002f28    00000006                   : uart.obj (.text:UARTClockSourceSet)
                  00002f2e    00000006     rtsv7M4_T_le_v4SPD16_eabi.lib : copy_decompress_rle.obj (.text:decompress:rle24)
                  00002f34    00000004     driverlib.lib : timer.obj (.text:TimerIntClear)
                  00002f38    00000004     rtsv7M4_T_le_v4SPD16_eabi.lib : pre_init.obj (.text)

.const     0    00002f3c    0000028a     
                  00002f3c    000000a8     EF_TIVA_uart.obj (.const:UART_PinConfiguration_Array)
                  00002fe4    00000090     driverlib.lib : gpio.obj (.const:g_pui32GPIOBaseAddrs)
                  00003074    00000070                   : interrupt.obj (.const)
                  000030e4    0000006c                   : sysctl.obj (.const:g_pui32Xtals)
                  00003150    00000030     EF_TIVA_uart.obj (.const)
                  00003180    0000001c     uartstdio.obj (.const)
                  0000319c    00000016     main.obj (.const:.string)
                  000031b2    00000002     --HOLE-- [fill = 0]
                  000031b4    00000012     uartstdio.obj (.const:.string)

.cinit     0    000031c8    00000048     
                  000031c8    0000001e     (.cinit..data.load) [load image, compression = rle]
                  000031e6    00000002     --HOLE-- [fill = 0]
                  000031e8    0000000c     (__TI_handler_table)
                  000031f4    00000004     --HOLE-- [fill = 0]
                  000031f8    00000008     (.cinit..bss.load) [load image, compression = zero_init]
                  00003200    00000010     (__TI_cinit_table)

.init_array 
*          0    00000000    00000000     UNINITIALIZED

.stack     0    20000000    00000200     UNINITIALIZED
                  20000000    00000200     --HOLE--

.bss       0    20000200    00000040     UNINITIALIZED
                  20000200    0000003c     EF_SpechialTIMER.obj (.bss:timers_list)
                  2000023c    00000004     (.common:voidFuncPtr)

.TI.noinit 
*          0    20000200    00000000     UNINITIALIZED

.data      0    20000240    0000002c     UNINITIALIZED
                  20000240    00000010     EF_RFID.obj (.data)
                  20000250    00000008     rtsv7M4_T_le_v4SPD16_eabi.lib : _lock.obj (.data)
                  20000258    00000008                                   : exit.obj (.data)
                  20000260    00000005     uartstdio.obj (.data)
                  20000265    00000003     --HOLE--
                  20000268    00000004     rtsv7M4_T_le_v4SPD16_eabi.lib : stkdepth_vars.obj (.data)

.TI.persistent 
*          0    20000240    00000000     UNINITIALIZED


LINKER GENERATED COPY TABLES

__TI_cinit_table @ 00003200 records: 2, size/record: 8, table size: 16
	.data: load addr=000031c8, load size=0000001e bytes, run addr=20000240, run size=0000002c bytes, compression=rle
	.bss: load addr=000031f8, load size=00000008 bytes, run addr=20000200, run size=00000040 bytes, compression=zero_init


LINKER GENERATED HANDLER TABLE

__TI_handler_table @ 000031e8 records: 3, size/record: 4, table size: 12
	index: 0, handler: __TI_decompress_rle24
	index: 1, handler: __TI_decompress_none
	index: 2, handler: __TI_zero_init


GLOBAL SYMBOLS: SORTED ALPHABETICALLY BY Name 

address   name                                
-------   ----                                
00002c95  C$$EXIT                             
00002ead  CPUcpsie                            
00002957  EF_ArrayCopy                        
00002289  EF_BOOLEAN_TimerCheck               
00001e77  EF_BOOLEAN_UART_GetArray            
00001ee3  EF_BOOLEAN_UART_GetArrayByLength    
00001dfd  EF_BOOLEAN_UART_GetChar             
00001f41  EF_BOOLEAN_UART_PutChar             
00000905  EF_S16_DIO_ReadPort                 
00000f2b  EF_S8_DIO_CheckPin                  
00000b0d  EF_S8_DIO_ClearPin                  
00000c9b  EF_S8_DIO_ClearPort                 
0000026d  EF_S8_DIO_InitPort                  
000009e9  EF_S8_DIO_SetPin                    
00000bf7  EF_S8_DIO_SetPort                   
00000d4d  EF_S8_DIO_TogglePin                 
00000851  EF_S8_DIO_WritePort                 
00000409  EF_S8_t_DIO_InitPin                 
00000675  EF_S8_t_DIO_InitSomePins            
000012ef  EF_u8_RFID_GetCardNumber            
00001381  EF_u8_RFID_LoginSector              
00001619  EF_u8_RFID_ReadDataBlock            
000016ab  EF_u8_RFID_ReadDataValue            
0000178f  EF_u8_RFID_RedLedOff                
0000173d  EF_u8_RFID_RedLedOn                 
00001485  EF_u8_RFID_UpdateAllKeys            
0000140b  EF_u8_RFID_UpdateMasterKey          
000014e3  EF_u8_RFID_WriteDataBlock           
0000157d  EF_u8_RFID_WriteDataValue           
00001fbd  EF_u8_UART_WaitChar                 
000012cf  EF_void_RFID_Init                   
00002197  EF_void_TimerCreate                 
00002115  EF_void_TimerDelete                 
00002161  EF_void_TimerInit                   
0000230d  EF_void_TimerReset                  
000022c5  EF_void_TimerStart                  
000022f1  EF_void_TimerStop                   
00002881  EF_void_Timer_PORTinit              
000028e3  EF_void_Timer_RemoveTimerISRCallBack
000028d3  EF_void_Timer_SetISRCallBack        
000021f9  EF_void_TimersUpdate                
00002081  EF_void_UART_HextoASCII             
00001cbd  EF_void_UART_Init                   
00001fe5  EF_void_UART_PutChar                
00002025  EF_void_UART_SendArray              
00002d8d  GPIODirModeSet                      
000024ad  GPIOPadConfigSet                    
00002c4d  GPIOPinConfigure                    
00002f17  GPIOPinRead                         
00002e2d  GPIOPinTypeGPIOInput                
00002dd5  GPIOPinTypeGPIOOutput               
00002e3f  GPIOPinTypeUART                     
00002f1d  GPIOPinWrite                        
00003150  GPIO_SystCtlClock_Array             
00002af5  IntEnable                           
00002ee9  IntMasterEnable                     
00002edd  ResetISR                            
UNDEFED   SHT$$INIT_ARRAY$$Base               
UNDEFED   SHT$$INIT_ARRAY$$Limit              
000025dd  SysCtlClockGet                      
000026f5  SysCtlClockSet                      
00002f23  SysCtlDelay                         
00002d59  SysCtlPeripheralEnable              
00002b55  TimerConfigure                      
00002e75  TimerEnable                         
00002f35  TimerIntClear                       
00002f07  TimerIntEnable                      
00002e51  TimerLoadSet                        
00002e63  TimerPrescaleSet                    
000028eb  Timer_W0_ISR                        
00002ef3  UARTCharGet                         
00002e83  UARTCharGetNonBlocking              
00002efd  UARTCharPut                         
00002e91  UARTCharPutNonBlocking              
00002eb9  UARTCharsAvail                      
00002f29  UARTClockSourceSet                  
00002cd9  UARTConfigSetExpClk                 
00002db9  UARTDisable                         
00002e05  UARTEnable                          
00002f0f  UARTIntEnable                       
00002ec5  UARTSpaceAvail                      
000017e1  UARTStdioConfig                     
00002f3c  UART_PinConfiguration_Array         
00003168  UART_SystCtlClock_Array             
00001959  UARTgetc                            
00001893  UARTgets                            
00001c87  UARTprintf                          
0000198d  UARTvprintf                         
00001841  UARTwrite                           
20000200  __STACK_END                         
00000200  __STACK_SIZE                        
20000200  __STACK_TOP                         
00003200  __TI_CINIT_Base                     
00003210  __TI_CINIT_Limit                    
000031e8  __TI_Handler_Table_Base             
000031f4  __TI_Handler_Table_Limit            
00002a1d  __TI_auto_init                      
20000258  __TI_cleanup_ptr                    
00002e9f  __TI_decompress_none                
00002f2f  __TI_decompress_rle24               
2000025c  __TI_dtors_ptr                      
00000000  __TI_static_base__                  
00002ed1  __TI_zero_init                      
00002a1b  __aeabi_idiv0                       
000029a1  __aeabi_memclr                      
000029a1  __aeabi_memclr4                     
000029a1  __aeabi_memclr8                     
000027e5  __aeabi_memcpy                      
000027e5  __aeabi_memcpy4                     
000027e5  __aeabi_memcpy8                     
000029a3  __aeabi_memset                      
000029a3  __aeabi_memset4                     
000029a3  __aeabi_memset8                     
00002d19  __aeabi_uidiv                       
00002d19  __aeabi_uidivmod                    
ffffffff  __binit__                           
ffffffff  __c_args__                          
20000000  __stack                             
00002ded  _args_main                          
00002bb1  _c_int00                            
00002915  _delay_ms                           
00002937  _delay_us                           
20000250  _lock                               
00002e27  _nop                                
00002e1f  _register_lock                      
00002e19  _register_unlock                    
00002f39  _system_pre_init                    
20000254  _unlock                             
00002c99  abort                               
ffffffff  binit                               
00002c01  copy_in                             
00002ca1  exit                                
00000000  g_pfnVectors                        
00002385  main                                
20000268  main_func_sp                        
000027e5  memcpy                              
000029a9  memset                              
20000240  uart_cfg                            
0000206d  void_UART_Deinit                    


GLOBAL SYMBOLS: SORTED BY Symbol Address 

address   name                                
-------   ----                                
00000000  __TI_static_base__                  
00000000  g_pfnVectors                        
00000200  __STACK_SIZE                        
0000026d  EF_S8_DIO_InitPort                  
00000409  EF_S8_t_DIO_InitPin                 
00000675  EF_S8_t_DIO_InitSomePins            
00000851  EF_S8_DIO_WritePort                 
00000905  EF_S16_DIO_ReadPort                 
000009e9  EF_S8_DIO_SetPin                    
00000b0d  EF_S8_DIO_ClearPin                  
00000bf7  EF_S8_DIO_SetPort                   
00000c9b  EF_S8_DIO_ClearPort                 
00000d4d  EF_S8_DIO_TogglePin                 
00000f2b  EF_S8_DIO_CheckPin                  
000012cf  EF_void_RFID_Init                   
000012ef  EF_u8_RFID_GetCardNumber            
00001381  EF_u8_RFID_LoginSector              
0000140b  EF_u8_RFID_UpdateMasterKey          
00001485  EF_u8_RFID_UpdateAllKeys            
000014e3  EF_u8_RFID_WriteDataBlock           
0000157d  EF_u8_RFID_WriteDataValue           
00001619  EF_u8_RFID_ReadDataBlock            
000016ab  EF_u8_RFID_ReadDataValue            
0000173d  EF_u8_RFID_RedLedOn                 
0000178f  EF_u8_RFID_RedLedOff                
000017e1  UARTStdioConfig                     
00001841  UARTwrite                           
00001893  UARTgets                            
00001959  UARTgetc                            
0000198d  UARTvprintf                         
00001c87  UARTprintf                          
00001cbd  EF_void_UART_Init                   
00001dfd  EF_BOOLEAN_UART_GetChar             
00001e77  EF_BOOLEAN_UART_GetArray            
00001ee3  EF_BOOLEAN_UART_GetArrayByLength    
00001f41  EF_BOOLEAN_UART_PutChar             
00001fbd  EF_u8_UART_WaitChar                 
00001fe5  EF_void_UART_PutChar                
00002025  EF_void_UART_SendArray              
0000206d  void_UART_Deinit                    
00002081  EF_void_UART_HextoASCII             
00002115  EF_void_TimerDelete                 
00002161  EF_void_TimerInit                   
00002197  EF_void_TimerCreate                 
000021f9  EF_void_TimersUpdate                
00002289  EF_BOOLEAN_TimerCheck               
000022c5  EF_void_TimerStart                  
000022f1  EF_void_TimerStop                   
0000230d  EF_void_TimerReset                  
00002385  main                                
000024ad  GPIOPadConfigSet                    
000025dd  SysCtlClockGet                      
000026f5  SysCtlClockSet                      
000027e5  __aeabi_memcpy                      
000027e5  __aeabi_memcpy4                     
000027e5  __aeabi_memcpy8                     
000027e5  memcpy                              
00002881  EF_void_Timer_PORTinit              
000028d3  EF_void_Timer_SetISRCallBack        
000028e3  EF_void_Timer_RemoveTimerISRCallBack
000028eb  Timer_W0_ISR                        
00002915  _delay_ms                           
00002937  _delay_us                           
00002957  EF_ArrayCopy                        
000029a1  __aeabi_memclr                      
000029a1  __aeabi_memclr4                     
000029a1  __aeabi_memclr8                     
000029a3  __aeabi_memset                      
000029a3  __aeabi_memset4                     
000029a3  __aeabi_memset8                     
000029a9  memset                              
00002a1b  __aeabi_idiv0                       
00002a1d  __TI_auto_init                      
00002af5  IntEnable                           
00002b55  TimerConfigure                      
00002bb1  _c_int00                            
00002c01  copy_in                             
00002c4d  GPIOPinConfigure                    
00002c95  C$$EXIT                             
00002c99  abort                               
00002ca1  exit                                
00002cd9  UARTConfigSetExpClk                 
00002d19  __aeabi_uidiv                       
00002d19  __aeabi_uidivmod                    
00002d59  SysCtlPeripheralEnable              
00002d8d  GPIODirModeSet                      
00002db9  UARTDisable                         
00002dd5  GPIOPinTypeGPIOOutput               
00002ded  _args_main                          
00002e05  UARTEnable                          
00002e19  _register_unlock                    
00002e1f  _register_lock                      
00002e27  _nop                                
00002e2d  GPIOPinTypeGPIOInput                
00002e3f  GPIOPinTypeUART                     
00002e51  TimerLoadSet                        
00002e63  TimerPrescaleSet                    
00002e75  TimerEnable                         
00002e83  UARTCharGetNonBlocking              
00002e91  UARTCharPutNonBlocking              
00002e9f  __TI_decompress_none                
00002ead  CPUcpsie                            
00002eb9  UARTCharsAvail                      
00002ec5  UARTSpaceAvail                      
00002ed1  __TI_zero_init                      
00002edd  ResetISR                            
00002ee9  IntMasterEnable                     
00002ef3  UARTCharGet                         
00002efd  UARTCharPut                         
00002f07  TimerIntEnable                      
00002f0f  UARTIntEnable                       
00002f17  GPIOPinRead                         
00002f1d  GPIOPinWrite                        
00002f23  SysCtlDelay                         
00002f29  UARTClockSourceSet                  
00002f2f  __TI_decompress_rle24               
00002f35  TimerIntClear                       
00002f39  _system_pre_init                    
00002f3c  UART_PinConfiguration_Array         
00003150  GPIO_SystCtlClock_Array             
00003168  UART_SystCtlClock_Array             
000031e8  __TI_Handler_Table_Base             
000031f4  __TI_Handler_Table_Limit            
00003200  __TI_CINIT_Base                     
00003210  __TI_CINIT_Limit                    
20000000  __stack                             
20000200  __STACK_END                         
20000200  __STACK_TOP                         
20000240  uart_cfg                            
20000250  _lock                               
20000254  _unlock                             
20000258  __TI_cleanup_ptr                    
2000025c  __TI_dtors_ptr                      
20000268  main_func_sp                        
ffffffff  __binit__                           
ffffffff  __c_args__                          
ffffffff  binit                               
UNDEFED   SHT$$INIT_ARRAY$$Base               
UNDEFED   SHT$$INIT_ARRAY$$Limit              

[139 symbols]
