******************************************************************************
                  TI ARM Linker PC v5.2.3                      
******************************************************************************
>> Linked Mon Jul 25 14:49:57 2016

OUTPUT FILE NAME:   <RFID_Tiva.out>
ENTRY POINT SYMBOL: "_c_int00"  address: 00004061


MEMORY CONFIGURATION

         name            origin    length      used     unused   attr    fill
----------------------  --------  ---------  --------  --------  ----  --------
  FLASH                 00000000   00040000  000047ce  0003b832  R  X
  SRAM                  20000000   00008000  000002b4  00007d4c  RW X


SEGMENT ALLOCATION MAP

run origin  load origin   length   init length attrs members
----------  ----------- ---------- ----------- ----- -------
00000000    00000000    000047d0   000047d0    r-x
  00000000    00000000    0000026c   0000026c    r-- .intvecs
  0000026c    0000026c    00004274   00004274    r-x .text
  000044e0    000044e0    00000276   00000276    r-- .const
  00004758    00004758    00000078   00000078    r-- .cinit
20000000    20000000    000002b4   00000000    rw-
  20000000    20000000    00000200   00000000    rw- .stack
  20000200    20000200    00000074   00000000    rw- .data
  20000274    20000274    00000040   00000000    rw- .bss


SECTION ALLOCATION MAP

 output                                  attributes/
section   page    origin      length       input sections
--------  ----  ----------  ----------   ----------------
.intvecs   0    00000000    0000026c     
                  00000000    0000026c     tm4c123gh6pm_startup_ccs.obj (.intvecs)

.text      0    0000026c    00004274     
                  0000026c    00000e28     EF_TIVA_DIO.obj (.text)
                  00001094    0000081a     EF_SLM025M.obj (.text)
                  000018ae    00000002     rtsv7M4_T_le_v4SPD16_eabi.lib : i_div0.obj (.text)
                  000018b0    000005d8     EF_UserInterface.obj (.text)
                  00001e88    00000560     EF_LCD.obj (.text)
                  000023e8    000004dc     uartstdio.obj (.text)
                  000028c4    00000450     EF_TIVA_uart.obj (.text)
                  00002d14    00000320     EF_LcdMenus.obj (.text)
                  00003034    000002f8     EF_RFID.obj (.text)
                  0000332c    00000230     EF_SpechialTIMER.obj (.text)
                  0000355c    0000018c     EF_Keypad.obj (.text)
                  000036e8    00000130     driverlib.lib : gpio.obj (.text:GPIOPadConfigSet)
                  00003818    00000118                   : sysctl.obj (.text:SysCtlClockGet)
                  00003930    000000f0                   : sysctl.obj (.text:SysCtlClockSet)
                  00003a20    000000c4                   : eeprom.obj (.text:EEPROMProgram)
                  00003ae4    0000009c     rtsv7M4_T_le_v4SPD16_eabi.lib : memcpy_t2.obj (.text)
                  00003b80    00000094     EF_TIVA_Timer.obj (.text)
                  00003c14    00000090     main.obj (.text)
                  00003ca4    0000008c     std_types.obj (.text)
                  00003d30    0000007c     EF_TIVA_EEPROM.obj (.text)
                  00003dac    0000007a     rtsv7M4_T_le_v4SPD16_eabi.lib : memset_t2.obj (.text)
                  00003e26    00000002     --HOLE-- [fill = 0]
                  00003e28    0000006c                                   : autoinit.obj (.text)
                  00003e94    0000006a                                   : copy_decompress_rle.obj (.text)
                  00003efe    00000002     --HOLE-- [fill = 0]
                  00003f00    00000060     driverlib.lib : interrupt.obj (.text:IntEnable)
                  00003f60    0000005c                   : timer.obj (.text:TimerConfigure)
                  00003fbc    00000054                   : eeprom.obj (.text:EEPROMMassErase)
                  00004010    00000050                   : sysctl.obj (.text:SysCtlPeripheralReset)
                  00004060    00000050     rtsv7M4_T_le_v4SPD16_eabi.lib : boot.obj (.text)
                  000040b0    0000004c                                   : cpy_tbl.obj (.text)
                  000040fc    00000048     driverlib.lib : gpio.obj (.text:GPIOPinConfigure)
                  00004144    00000044     rtsv7M4_T_le_v4SPD16_eabi.lib : exit.obj (.text)
                  00004188    00000040     driverlib.lib : eeprom.obj (.text:EEPROMInit)
                  000041c8    00000040                   : uart.obj (.text:UARTConfigSetExpClk)
                  00004208    00000040     rtsv7M4_T_le_v4SPD16_eabi.lib : u_divt2.obj (.text)
                  00004248    0000003c     driverlib.lib : eeprom.obj (.text:_EEPROMSectorMaskSet)
                  00004284    00000034                   : eeprom.obj (.text:EEPROMRead)
                  000042b8    00000034                   : sysctl.obj (.text:SysCtlPeripheralEnable)
                  000042ec    00000034                   : eeprom.obj (.text:_EEPROMSectorMaskClear)
                  00004320    0000002a                   : gpio.obj (.text:GPIODirModeSet)
                  0000434a    00000002     --HOLE-- [fill = 0]
                  0000434c    0000001c                   : uart.obj (.text:UARTDisable)
                  00004368    00000018                   : gpio.obj (.text:GPIOPinTypeGPIOOutput)
                  00004380    00000018     rtsv7M4_T_le_v4SPD16_eabi.lib : args_main.obj (.text)
                  00004398    00000014     driverlib.lib : uart.obj (.text:UARTEnable)
                  000043ac    00000014     rtsv7M4_T_le_v4SPD16_eabi.lib : _lock.obj (.text)
                  000043c0    00000012     driverlib.lib : gpio.obj (.text:GPIOPinTypeGPIOInput)
                  000043d2    00000012                   : gpio.obj (.text:GPIOPinTypeUART)
                  000043e4    00000012                   : timer.obj (.text:TimerLoadSet)
                  000043f6    00000012                   : timer.obj (.text:TimerPrescaleSet)
                  00004408    00000010                   : eeprom.obj (.text:_EEPROMWaitForDone)
                  00004418    0000000e                   : timer.obj (.text:TimerEnable)
                  00004426    0000000e                   : uart.obj (.text:UARTCharGetNonBlocking)
                  00004434    0000000e                   : uart.obj (.text:UARTCharPutNonBlocking)
                  00004442    0000000e     rtsv7M4_T_le_v4SPD16_eabi.lib : copy_decompress_none.obj (.text:decompress:none)
                  00004450    0000000c     driverlib.lib : cpu.obj (.text:CPUcpsie)
                  0000445c    0000000c                   : uart.obj (.text:UARTCharsAvail)
                  00004468    0000000c                   : uart.obj (.text:UARTSpaceAvail)
                  00004474    0000000c     rtsv7M4_T_le_v4SPD16_eabi.lib : copy_zero_init.obj (.text:decompress:ZI)
                  00004480    0000000c     tm4c123gh6pm_startup_ccs.obj (.text)
                  0000448c    0000000a     driverlib.lib : interrupt.obj (.text:IntMasterEnable)
                  00004496    0000000a                   : uart.obj (.text:UARTCharGet)
                  000044a0    0000000a                   : uart.obj (.text:UARTCharPut)
                  000044aa    00000008                   : timer.obj (.text:TimerIntEnable)
                  000044b2    00000008                   : uart.obj (.text:UARTIntEnable)
                  000044ba    00000006                   : gpio.obj (.text:GPIOPinRead)
                  000044c0    00000006                   : gpio.obj (.text:GPIOPinWrite)
                  000044c6    00000006                   : sysctl.obj (.text:SysCtlDelay)
                  000044cc    00000006                   : uart.obj (.text:UARTClockSourceSet)
                  000044d2    00000006     rtsv7M4_T_le_v4SPD16_eabi.lib : copy_decompress_rle.obj (.text:decompress:rle24)
                  000044d8    00000004     driverlib.lib : timer.obj (.text:TimerIntClear)
                  000044dc    00000004     rtsv7M4_T_le_v4SPD16_eabi.lib : pre_init.obj (.text)

.const     0    000044e0    00000276     
                  000044e0    000000a8     EF_TIVA_uart.obj (.const:UART_PinConfiguration_Array)
                  00004588    00000090     driverlib.lib : gpio.obj (.const:g_pui32GPIOBaseAddrs)
                  00004618    00000070                   : interrupt.obj (.const)
                  00004688    0000006c                   : sysctl.obj (.const:g_pui32Xtals)
                  000046f4    00000030     EF_TIVA_uart.obj (.const)
                  00004724    0000001c     uartstdio.obj (.const)
                  00004740    00000012     uartstdio.obj (.const:.string)
                  00004752    00000004     EF_LCD.obj (.const:.string)

.cinit     0    00004758    00000078     
                  00004758    0000004f     (.cinit..data.load) [load image, compression = rle]
                  000047a7    00000001     --HOLE-- [fill = 0]
                  000047a8    0000000c     (__TI_handler_table)
                  000047b4    00000004     --HOLE-- [fill = 0]
                  000047b8    00000008     (.cinit..bss.load) [load image, compression = zero_init]
                  000047c0    00000010     (__TI_cinit_table)

.init_array 
*          0    00000000    00000000     UNINITIALIZED

.stack     0    20000000    00000200     UNINITIALIZED
                  20000000    00000200     --HOLE--

.data      0    20000200    00000074     UNINITIALIZED
                  20000200    00000029     EF_UserInterface.obj (.data)
                  20000229    0000001e     EF_RFID.obj (.data)
                  20000247    00000001     --HOLE--
                  20000248    00000010     EF_SLM025M.obj (.data)
                  20000258    00000008     rtsv7M4_T_le_v4SPD16_eabi.lib : _lock.obj (.data)
                  20000260    00000008                                   : exit.obj (.data)
                  20000268    00000005     uartstdio.obj (.data)
                  2000026d    00000003     --HOLE--
                  20000270    00000004     rtsv7M4_T_le_v4SPD16_eabi.lib : stkdepth_vars.obj (.data)

.bss       0    20000274    00000040     UNINITIALIZED
                  20000274    0000003c     EF_SpechialTIMER.obj (.bss:timers_list)
                  200002b0    00000004     (.common:voidFuncPtr)

.TI.persistent 
*          0    20000200    00000000     UNINITIALIZED

.TI.noinit 
*          0    20000274    00000000     UNINITIALIZED


LINKER GENERATED COPY TABLES

__TI_cinit_table @ 000047c0 records: 2, size/record: 8, table size: 16
	.data: load addr=00004758, load size=0000004f bytes, run addr=20000200, run size=00000074 bytes, compression=rle
	.bss: load addr=000047b8, load size=00000008 bytes, run addr=20000274, run size=00000040 bytes, compression=zero_init


LINKER GENERATED HANDLER TABLE

__TI_handler_table @ 000047a8 records: 3, size/record: 4, table size: 12
	index: 0, handler: __TI_decompress_rle24
	index: 1, handler: __TI_decompress_none
	index: 2, handler: __TI_zero_init


GLOBAL SYMBOLS: SORTED ALPHABETICALLY BY Name 

address   name                                
-------   ----                                
00004145  C$$EXIT                             
00004451  CPUcpsie                            
00004189  EEPROMInit                          
00003fbd  EEPROMMassErase                     
00003a21  EEPROMProgram                       
00004285  EEPROMRead                          
00003ce7  EF_ArrayCopy                        
00003d99  EF_BOOLEAN_EEPROM_Erase             
00003d31  EF_BOOLEAN_EEPROM_Init              
00003d6d  EF_BOOLEAN_EEPROM_ReadNBytes        
00003d49  EF_BOOLEAN_EEPROM_WriteNBytes       
00003035  EF_BOOLEAN_RFID_Init                
000034a9  EF_BOOLEAN_TimerCheck               
00002a7f  EF_BOOLEAN_UART_GetArray            
00002aeb  EF_BOOLEAN_UART_GetArrayByLength    
00002a05  EF_BOOLEAN_UART_GetChar             
00002b49  EF_BOOLEAN_UART_PutChar             
00000905  EF_S16_DIO_ReadPort                 
00000f2b  EF_S8_DIO_CheckPin                  
00000b0d  EF_S8_DIO_ClearPin                  
00000c9b  EF_S8_DIO_ClearPort                 
0000026d  EF_S8_DIO_InitPort                  
000009e9  EF_S8_DIO_SetPin                    
00000bf7  EF_S8_DIO_SetPort                   
00000d4d  EF_S8_DIO_TogglePin                 
00000851  EF_S8_DIO_WritePort                 
00000409  EF_S8_t_DIO_InitPin                 
00000675  EF_S8_t_DIO_InitSomePins            
000036b3  EF_u8_KeyPad_GetKeyAfterReleasing   
000035c1  EF_u8_KeyPad_Scan                   
00003221  EF_u8_RFID_AddUserBalance           
00003091  EF_u8_RFID_GetCardNumber            
00003185  EF_u8_RFID_GetUserBalance           
00003061  EF_u8_RFID_IsCardExist              
000030cf  EF_u8_RFID_PrepareCard              
00003297  EF_u8_RFID_SubtractUserBalance      
000031d3  EF_u8_RFID_UpdateUserBalance        
00001311  EF_u8_SLM025M_GetCardNumber         
000013b7  EF_u8_SLM025M_IsCardExist           
000013c5  EF_u8_SLM025M_LoginSector           
000016b7  EF_u8_SLM025M_ReadDataBlock         
00001755  EF_u8_SLM025M_ReadDataValue         
00001851  EF_u8_SLM025M_RedLedOff             
000017f3  EF_u8_SLM025M_RedLedOn              
000014e9  EF_u8_SLM025M_UpdateAllKeys         
0000145f  EF_u8_SLM025M_UpdateMasterKey       
00001565  EF_u8_SLM025M_WriteDataBlock        
00001611  EF_u8_SLM025M_WriteDataValue        
00002bc5  EF_u8_UART_WaitChar                 
0000355d  EF_void_KeyPad_Init                 
000022ff  EF_void_LCD_Clear_Screen            
00002365  EF_void_LCD_HextoASCII              
000021f9  EF_void_LCD_goto                    
00001f69  EF_void_LCD_init                    
0000229b  EF_void_LCD_print                   
000022cb  EF_void_LCD_print_ByLength          
0000222d  EF_void_LCD_print_NUM               
00001fdd  EF_void_LCD_send_command            
000020eb  EF_void_LCD_send_data               
00002ee3  EF_void_LcdMenus_BalanceUpdated     
00002d7f  EF_void_LcdMenus_CardDeteced        
00002ebf  EF_void_LcdMenus_CardRemoved        
00002f15  EF_void_LcdMenus_ChargeHistory      
00002e95  EF_void_LcdMenus_ConfirmBalance     
00002e4d  EF_void_LcdMenus_EnterBalance       
00002d4d  EF_void_LcdMenus_EnterCard          
00002de1  EF_void_LcdMenus_EnterPassword      
00002e71  EF_void_LcdMenus_GetBalance         
00002d15  EF_void_LcdMenus_Init               
00002e05  EF_void_LcdMenus_RightPassword      
00002db1  EF_void_LcdMenus_Selection          
00002d29  EF_void_LcdMenus_Welcome            
00002e29  EF_void_LcdMenus_WrongPassword      
000012f1  EF_void_SLM025M_Init                
000033b7  EF_void_TimerCreate                 
00003335  EF_void_TimerDelete                 
00003381  EF_void_TimerInit                   
0000352d  EF_void_TimerReset                  
000034e5  EF_void_TimerStart                  
00003511  EF_void_TimerStop                   
00003b81  EF_void_Timer_PORTinit              
00003be3  EF_void_Timer_RemoveTimerISRCallBack
00003bd3  EF_void_Timer_SetISRCallBack        
00003419  EF_void_TimersUpdate                
00002c89  EF_void_UART_HextoASCII             
000028c5  EF_void_UART_Init                   
00002bed  EF_void_UART_PutChar                
00002c2d  EF_void_UART_SendArray              
000018f9  EF_void_UserInterface_Init          
00001961  EF_void_UserInterface_SystemStates  
00002315  EF_void_uploadCustomChar            
00004321  GPIODirModeSet                      
000036e9  GPIOPadConfigSet                    
000040fd  GPIOPinConfigure                    
000044bb  GPIOPinRead                         
000043c1  GPIOPinTypeGPIOInput                
00004369  GPIOPinTypeGPIOOutput               
000043d3  GPIOPinTypeUART                     
000044c1  GPIOPinWrite                        
000046f4  GPIO_SystCtlClock_Array             
00003f01  IntEnable                           
0000448d  IntMasterEnable                     
00004481  ResetISR                            
UNDEFED   SHT$$INIT_ARRAY$$Base               
UNDEFED   SHT$$INIT_ARRAY$$Limit              
20000241  SL025_DefaultKey                    
20000235  SL025_LockedKeyA                    
2000023b  SL025_LockedKeyB                    
20000229  SL025_WorkedKeyA                    
2000022f  SL025_WorkedKeyB                    
00003819  SysCtlClockGet                      
00003931  SysCtlClockSet                      
000044c7  SysCtlDelay                         
000042b9  SysCtlPeripheralEnable              
00004011  SysCtlPeripheralReset               
00003f61  TimerConfigure                      
00004419  TimerEnable                         
000044d9  TimerIntClear                       
000044ab  TimerIntEnable                      
000043e5  TimerLoadSet                        
000043f7  TimerPrescaleSet                    
00003beb  Timer_W0_ISR                        
00004497  UARTCharGet                         
00004427  UARTCharGetNonBlocking              
000044a1  UARTCharPut                         
00004435  UARTCharPutNonBlocking              
0000445d  UARTCharsAvail                      
000044cd  UARTClockSourceSet                  
000041c9  UARTConfigSetExpClk                 
0000434d  UARTDisable                         
00004399  UARTEnable                          
000044b3  UARTIntEnable                       
00004469  UARTSpaceAvail                      
000023e9  UARTStdioConfig                     
000044e0  UART_PinConfiguration_Array         
0000470c  UART_SystCtlClock_Array             
00002561  UARTgetc                            
0000249b  UARTgets                            
0000288f  UARTprintf                          
00002595  UARTvprintf                         
00002449  UARTwrite                           
20000200  __STACK_END                         
00000200  __STACK_SIZE                        
20000200  __STACK_TOP                         
000047c0  __TI_CINIT_Base                     
000047d0  __TI_CINIT_Limit                    
000047a8  __TI_Handler_Table_Base             
000047b4  __TI_Handler_Table_Limit            
00003e29  __TI_auto_init                      
20000260  __TI_cleanup_ptr                    
00004443  __TI_decompress_none                
000044d3  __TI_decompress_rle24               
20000264  __TI_dtors_ptr                      
00000000  __TI_static_base__                  
00004475  __TI_zero_init                      
000018af  __aeabi_idiv0                       
00003dad  __aeabi_memclr                      
00003dad  __aeabi_memclr4                     
00003dad  __aeabi_memclr8                     
00003ae5  __aeabi_memcpy                      
00003ae5  __aeabi_memcpy4                     
00003ae5  __aeabi_memcpy8                     
00003daf  __aeabi_memset                      
00003daf  __aeabi_memset4                     
00003daf  __aeabi_memset8                     
00004209  __aeabi_uidiv                       
00004209  __aeabi_uidivmod                    
ffffffff  __binit__                           
ffffffff  __c_args__                          
20000000  __stack                             
00004381  _args_main                          
00004061  _c_int00                            
00003ca5  _delay_ms                           
00003cc7  _delay_us                           
20000258  _lock                               
000043bb  _nop                                
000043b3  _register_lock                      
000043ad  _register_unlock                    
000044dd  _system_pre_init                    
2000025c  _unlock                             
00004149  abort                               
ffffffff  binit                               
000040b1  copy_in                             
00004151  exit                                
00000000  g_pfnVectors                        
00001e89  itoa_Convert                        
00003c5d  main                                
20000270  main_func_sp                        
00003ae5  memcpy                              
00003db5  memset                              
20000204  u32HistoryCharge                    
2000020c  u8pHistoryPassword                  
20000208  u8pPasswordArray                    
20000248  uart_cfg                            
00002c75  void_UART_Deinit                    


GLOBAL SYMBOLS: SORTED BY Symbol Address 

address   name                                
-------   ----                                
00000000  __TI_static_base__                  
00000000  g_pfnVectors                        
00000200  __STACK_SIZE                        
0000026d  EF_S8_DIO_InitPort                  
00000409  EF_S8_t_DIO_InitPin                 
00000675  EF_S8_t_DIO_InitSomePins            
00000851  EF_S8_DIO_WritePort                 
00000905  EF_S16_DIO_ReadPort                 
000009e9  EF_S8_DIO_SetPin                    
00000b0d  EF_S8_DIO_ClearPin                  
00000bf7  EF_S8_DIO_SetPort                   
00000c9b  EF_S8_DIO_ClearPort                 
00000d4d  EF_S8_DIO_TogglePin                 
00000f2b  EF_S8_DIO_CheckPin                  
000012f1  EF_void_SLM025M_Init                
00001311  EF_u8_SLM025M_GetCardNumber         
000013b7  EF_u8_SLM025M_IsCardExist           
000013c5  EF_u8_SLM025M_LoginSector           
0000145f  EF_u8_SLM025M_UpdateMasterKey       
000014e9  EF_u8_SLM025M_UpdateAllKeys         
00001565  EF_u8_SLM025M_WriteDataBlock        
00001611  EF_u8_SLM025M_WriteDataValue        
000016b7  EF_u8_SLM025M_ReadDataBlock         
00001755  EF_u8_SLM025M_ReadDataValue         
000017f3  EF_u8_SLM025M_RedLedOn              
00001851  EF_u8_SLM025M_RedLedOff             
000018af  __aeabi_idiv0                       
000018f9  EF_void_UserInterface_Init          
00001961  EF_void_UserInterface_SystemStates  
00001e89  itoa_Convert                        
00001f69  EF_void_LCD_init                    
00001fdd  EF_void_LCD_send_command            
000020eb  EF_void_LCD_send_data               
000021f9  EF_void_LCD_goto                    
0000222d  EF_void_LCD_print_NUM               
0000229b  EF_void_LCD_print                   
000022cb  EF_void_LCD_print_ByLength          
000022ff  EF_void_LCD_Clear_Screen            
00002315  EF_void_uploadCustomChar            
00002365  EF_void_LCD_HextoASCII              
000023e9  UARTStdioConfig                     
00002449  UARTwrite                           
0000249b  UARTgets                            
00002561  UARTgetc                            
00002595  UARTvprintf                         
0000288f  UARTprintf                          
000028c5  EF_void_UART_Init                   
00002a05  EF_BOOLEAN_UART_GetChar             
00002a7f  EF_BOOLEAN_UART_GetArray            
00002aeb  EF_BOOLEAN_UART_GetArrayByLength    
00002b49  EF_BOOLEAN_UART_PutChar             
00002bc5  EF_u8_UART_WaitChar                 
00002bed  EF_void_UART_PutChar                
00002c2d  EF_void_UART_SendArray              
00002c75  void_UART_Deinit                    
00002c89  EF_void_UART_HextoASCII             
00002d15  EF_void_LcdMenus_Init               
00002d29  EF_void_LcdMenus_Welcome            
00002d4d  EF_void_LcdMenus_EnterCard          
00002d7f  EF_void_LcdMenus_CardDeteced        
00002db1  EF_void_LcdMenus_Selection          
00002de1  EF_void_LcdMenus_EnterPassword      
00002e05  EF_void_LcdMenus_RightPassword      
00002e29  EF_void_LcdMenus_WrongPassword      
00002e4d  EF_void_LcdMenus_EnterBalance       
00002e71  EF_void_LcdMenus_GetBalance         
00002e95  EF_void_LcdMenus_ConfirmBalance     
00002ebf  EF_void_LcdMenus_CardRemoved        
00002ee3  EF_void_LcdMenus_BalanceUpdated     
00002f15  EF_void_LcdMenus_ChargeHistory      
00003035  EF_BOOLEAN_RFID_Init                
00003061  EF_u8_RFID_IsCardExist              
00003091  EF_u8_RFID_GetCardNumber            
000030cf  EF_u8_RFID_PrepareCard              
00003185  EF_u8_RFID_GetUserBalance           
000031d3  EF_u8_RFID_UpdateUserBalance        
00003221  EF_u8_RFID_AddUserBalance           
00003297  EF_u8_RFID_SubtractUserBalance      
00003335  EF_void_TimerDelete                 
00003381  EF_void_TimerInit                   
000033b7  EF_void_TimerCreate                 
00003419  EF_void_TimersUpdate                
000034a9  EF_BOOLEAN_TimerCheck               
000034e5  EF_void_TimerStart                  
00003511  EF_void_TimerStop                   
0000352d  EF_void_TimerReset                  
0000355d  EF_void_KeyPad_Init                 
000035c1  EF_u8_KeyPad_Scan                   
000036b3  EF_u8_KeyPad_GetKeyAfterReleasing   
000036e9  GPIOPadConfigSet                    
00003819  SysCtlClockGet                      
00003931  SysCtlClockSet                      
00003a21  EEPROMProgram                       
00003ae5  __aeabi_memcpy                      
00003ae5  __aeabi_memcpy4                     
00003ae5  __aeabi_memcpy8                     
00003ae5  memcpy                              
00003b81  EF_void_Timer_PORTinit              
00003bd3  EF_void_Timer_SetISRCallBack        
00003be3  EF_void_Timer_RemoveTimerISRCallBack
00003beb  Timer_W0_ISR                        
00003c5d  main                                
00003ca5  _delay_ms                           
00003cc7  _delay_us                           
00003ce7  EF_ArrayCopy                        
00003d31  EF_BOOLEAN_EEPROM_Init              
00003d49  EF_BOOLEAN_EEPROM_WriteNBytes       
00003d6d  EF_BOOLEAN_EEPROM_ReadNBytes        
00003d99  EF_BOOLEAN_EEPROM_Erase             
00003dad  __aeabi_memclr                      
00003dad  __aeabi_memclr4                     
00003dad  __aeabi_memclr8                     
00003daf  __aeabi_memset                      
00003daf  __aeabi_memset4                     
00003daf  __aeabi_memset8                     
00003db5  memset                              
00003e29  __TI_auto_init                      
00003f01  IntEnable                           
00003f61  TimerConfigure                      
00003fbd  EEPROMMassErase                     
00004011  SysCtlPeripheralReset               
00004061  _c_int00                            
000040b1  copy_in                             
000040fd  GPIOPinConfigure                    
00004145  C$$EXIT                             
00004149  abort                               
00004151  exit                                
00004189  EEPROMInit                          
000041c9  UARTConfigSetExpClk                 
00004209  __aeabi_uidiv                       
00004209  __aeabi_uidivmod                    
00004285  EEPROMRead                          
000042b9  SysCtlPeripheralEnable              
00004321  GPIODirModeSet                      
0000434d  UARTDisable                         
00004369  GPIOPinTypeGPIOOutput               
00004381  _args_main                          
00004399  UARTEnable                          
000043ad  _register_unlock                    
000043b3  _register_lock                      
000043bb  _nop                                
000043c1  GPIOPinTypeGPIOInput                
000043d3  GPIOPinTypeUART                     
000043e5  TimerLoadSet                        
000043f7  TimerPrescaleSet                    
00004419  TimerEnable                         
00004427  UARTCharGetNonBlocking              
00004435  UARTCharPutNonBlocking              
00004443  __TI_decompress_none                
00004451  CPUcpsie                            
0000445d  UARTCharsAvail                      
00004469  UARTSpaceAvail                      
00004475  __TI_zero_init                      
00004481  ResetISR                            
0000448d  IntMasterEnable                     
00004497  UARTCharGet                         
000044a1  UARTCharPut                         
000044ab  TimerIntEnable                      
000044b3  UARTIntEnable                       
000044bb  GPIOPinRead                         
000044c1  GPIOPinWrite                        
000044c7  SysCtlDelay                         
000044cd  UARTClockSourceSet                  
000044d3  __TI_decompress_rle24               
000044d9  TimerIntClear                       
000044dd  _system_pre_init                    
000044e0  UART_PinConfiguration_Array         
000046f4  GPIO_SystCtlClock_Array             
0000470c  UART_SystCtlClock_Array             
000047a8  __TI_Handler_Table_Base             
000047b4  __TI_Handler_Table_Limit            
000047c0  __TI_CINIT_Base                     
000047d0  __TI_CINIT_Limit                    
20000000  __stack                             
20000200  __STACK_END                         
20000200  __STACK_TOP                         
20000204  u32HistoryCharge                    
20000208  u8pPasswordArray                    
2000020c  u8pHistoryPassword                  
20000229  SL025_WorkedKeyA                    
2000022f  SL025_WorkedKeyB                    
20000235  SL025_LockedKeyA                    
2000023b  SL025_LockedKeyB                    
20000241  SL025_DefaultKey                    
20000248  uart_cfg                            
20000258  _lock                               
2000025c  _unlock                             
20000260  __TI_cleanup_ptr                    
20000264  __TI_dtors_ptr                      
20000270  main_func_sp                        
ffffffff  __binit__                           
ffffffff  __c_args__                          
ffffffff  binit                               
UNDEFED   SHT$$INIT_ARRAY$$Base               
UNDEFED   SHT$$INIT_ARRAY$$Limit              

[195 symbols]
