<?xml version="1.0"?>
<link_info>
   <banner>TI ARM Linker PC v5.2.3</banner>
   <copyright>Copyright (c) 1996-2015 Texas Instruments Incorporated</copyright>
   <link_time>0x578e5622</link_time>
   <link_errors>0x0</link_errors>
   <output_file>RFID_Tiva.out</output_file>
   <entry_point>
      <name>_c_int00</name>
      <address>0x4055</address>
   </entry_point>
   <input_file_list>
      <input_file id="fl-2">
         <path>.\</path>
         <kind>object</kind>
         <file>main.obj</file>
         <name>main.obj</name>
      </input_file>
      <input_file id="fl-3">
         <path>.\</path>
         <kind>object</kind>
         <file>tm4c123gh6pm_startup_ccs.obj</file>
         <name>tm4c123gh6pm_startup_ccs.obj</name>
      </input_file>
      <input_file id="fl-4">
         <path>.\</path>
         <kind>object</kind>
         <file>uartstdio.obj</file>
         <name>uartstdio.obj</name>
      </input_file>
      <input_file id="fl-5">
         <path>.\UtilitiesLayer\</path>
         <kind>object</kind>
         <file>EF_SpechialTIMER.obj</file>
         <name>EF_SpechialTIMER.obj</name>
      </input_file>
      <input_file id="fl-6">
         <path>.\UtilitiesLayer\</path>
         <kind>object</kind>
         <file>std_types.obj</file>
         <name>std_types.obj</name>
      </input_file>
      <input_file id="fl-7">
         <path>.\ServiceLayer\</path>
         <kind>object</kind>
         <file>EF_LcdMenus.obj</file>
         <name>EF_LcdMenus.obj</name>
      </input_file>
      <input_file id="fl-8">
         <path>.\ServiceLayer\</path>
         <kind>object</kind>
         <file>EF_RFID.obj</file>
         <name>EF_RFID.obj</name>
      </input_file>
      <input_file id="fl-9">
         <path>.\ServiceLayer\</path>
         <kind>object</kind>
         <file>EF_UserInterface.obj</file>
         <name>EF_UserInterface.obj</name>
      </input_file>
      <input_file id="fl-a">
         <path>.\MCAL\</path>
         <kind>object</kind>
         <file>EF_TIVA_DIO.obj</file>
         <name>EF_TIVA_DIO.obj</name>
      </input_file>
      <input_file id="fl-b">
         <path>.\MCAL\</path>
         <kind>object</kind>
         <file>EF_TIVA_EEPROM.obj</file>
         <name>EF_TIVA_EEPROM.obj</name>
      </input_file>
      <input_file id="fl-c">
         <path>.\MCAL\</path>
         <kind>object</kind>
         <file>EF_TIVA_SPI.obj</file>
         <name>EF_TIVA_SPI.obj</name>
      </input_file>
      <input_file id="fl-d">
         <path>.\MCAL\</path>
         <kind>object</kind>
         <file>EF_TIVA_Timer.obj</file>
         <name>EF_TIVA_Timer.obj</name>
      </input_file>
      <input_file id="fl-e">
         <path>.\MCAL\</path>
         <kind>object</kind>
         <file>EF_TIVA_uart.obj</file>
         <name>EF_TIVA_uart.obj</name>
      </input_file>
      <input_file id="fl-f">
         <path>.\HAL\</path>
         <kind>object</kind>
         <file>EF_Keypad.obj</file>
         <name>EF_Keypad.obj</name>
      </input_file>
      <input_file id="fl-10">
         <path>.\HAL\</path>
         <kind>object</kind>
         <file>EF_LCD.obj</file>
         <name>EF_LCD.obj</name>
      </input_file>
      <input_file id="fl-11">
         <path>.\HAL\</path>
         <kind>object</kind>
         <file>EF_SLM025M.obj</file>
         <name>EF_SLM025M.obj</name>
      </input_file>
      <input_file id="fl-17">
         <path>C:\TI\TivaWare_C_Series-2.1.0.12573\driverlib\ccs\Debug\</path>
         <kind>archive</kind>
         <file>driverlib.lib</file>
         <name>uart.obj</name>
      </input_file>
      <input_file id="fl-18">
         <path>C:\TI\TivaWare_C_Series-2.1.0.12573\driverlib\ccs\Debug\</path>
         <kind>archive</kind>
         <file>driverlib.lib</file>
         <name>timer.obj</name>
      </input_file>
      <input_file id="fl-19">
         <path>C:\TI\TivaWare_C_Series-2.1.0.12573\driverlib\ccs\Debug\</path>
         <kind>archive</kind>
         <file>driverlib.lib</file>
         <name>sysctl.obj</name>
      </input_file>
      <input_file id="fl-1a">
         <path>C:\TI\TivaWare_C_Series-2.1.0.12573\driverlib\ccs\Debug\</path>
         <kind>archive</kind>
         <file>driverlib.lib</file>
         <name>ssi.obj</name>
      </input_file>
      <input_file id="fl-1b">
         <path>C:\TI\TivaWare_C_Series-2.1.0.12573\driverlib\ccs\Debug\</path>
         <kind>archive</kind>
         <file>driverlib.lib</file>
         <name>interrupt.obj</name>
      </input_file>
      <input_file id="fl-1c">
         <path>C:\TI\TivaWare_C_Series-2.1.0.12573\driverlib\ccs\Debug\</path>
         <kind>archive</kind>
         <file>driverlib.lib</file>
         <name>gpio.obj</name>
      </input_file>
      <input_file id="fl-1d">
         <path>C:\TI\TivaWare_C_Series-2.1.0.12573\driverlib\ccs\Debug\</path>
         <kind>archive</kind>
         <file>driverlib.lib</file>
         <name>eeprom.obj</name>
      </input_file>
      <input_file id="fl-1e">
         <path>C:\TI\TivaWare_C_Series-2.1.0.12573\driverlib\ccs\Debug\</path>
         <kind>archive</kind>
         <file>driverlib.lib</file>
         <name>cpu.obj</name>
      </input_file>
      <input_file id="fl-140">
         <path>C:\TI\ccsv6\tools\compiler\ti-cgt-arm_5.2.3\lib\</path>
         <kind>archive</kind>
         <file>rtsv7M4_T_le_v4SPD16_eabi.lib</file>
         <name>boot.obj</name>
      </input_file>
      <input_file id="fl-141">
         <path>C:\TI\ccsv6\tools\compiler\ti-cgt-arm_5.2.3\lib\</path>
         <kind>archive</kind>
         <file>rtsv7M4_T_le_v4SPD16_eabi.lib</file>
         <name>copy_decompress_none.obj</name>
      </input_file>
      <input_file id="fl-142">
         <path>C:\TI\ccsv6\tools\compiler\ti-cgt-arm_5.2.3\lib\</path>
         <kind>archive</kind>
         <file>rtsv7M4_T_le_v4SPD16_eabi.lib</file>
         <name>copy_decompress_rle.obj</name>
      </input_file>
      <input_file id="fl-143">
         <path>C:\TI\ccsv6\tools\compiler\ti-cgt-arm_5.2.3\lib\</path>
         <kind>archive</kind>
         <file>rtsv7M4_T_le_v4SPD16_eabi.lib</file>
         <name>copy_zero_init.obj</name>
      </input_file>
      <input_file id="fl-144">
         <path>C:\TI\ccsv6\tools\compiler\ti-cgt-arm_5.2.3\lib\</path>
         <kind>archive</kind>
         <file>rtsv7M4_T_le_v4SPD16_eabi.lib</file>
         <name>exit.obj</name>
      </input_file>
      <input_file id="fl-145">
         <path>C:\TI\ccsv6\tools\compiler\ti-cgt-arm_5.2.3\lib\</path>
         <kind>archive</kind>
         <file>rtsv7M4_T_le_v4SPD16_eabi.lib</file>
         <name>memcpy_t2.obj</name>
      </input_file>
      <input_file id="fl-146">
         <path>C:\TI\ccsv6\tools\compiler\ti-cgt-arm_5.2.3\lib\</path>
         <kind>archive</kind>
         <file>rtsv7M4_T_le_v4SPD16_eabi.lib</file>
         <name>memset_t2.obj</name>
      </input_file>
      <input_file id="fl-147">
         <path>C:\TI\ccsv6\tools\compiler\ti-cgt-arm_5.2.3\lib\</path>
         <kind>archive</kind>
         <file>rtsv7M4_T_le_v4SPD16_eabi.lib</file>
         <name>pre_init.obj</name>
      </input_file>
      <input_file id="fl-148">
         <path>C:\TI\ccsv6\tools\compiler\ti-cgt-arm_5.2.3\lib\</path>
         <kind>archive</kind>
         <file>rtsv7M4_T_le_v4SPD16_eabi.lib</file>
         <name>stkdepth_vars.obj</name>
      </input_file>
      <input_file id="fl-149">
         <path>C:\TI\ccsv6\tools\compiler\ti-cgt-arm_5.2.3\lib\</path>
         <kind>archive</kind>
         <file>rtsv7M4_T_le_v4SPD16_eabi.lib</file>
         <name>u_divt2.obj</name>
      </input_file>
      <input_file id="fl-14a">
         <path>C:\TI\ccsv6\tools\compiler\ti-cgt-arm_5.2.3\lib\</path>
         <kind>archive</kind>
         <file>rtsv7M4_T_le_v4SPD16_eabi.lib</file>
         <name>_lock.obj</name>
      </input_file>
      <input_file id="fl-14b">
         <path>C:\TI\ccsv6\tools\compiler\ti-cgt-arm_5.2.3\lib\</path>
         <kind>archive</kind>
         <file>rtsv7M4_T_le_v4SPD16_eabi.lib</file>
         <name>args_main.obj</name>
      </input_file>
      <input_file id="fl-14c">
         <path>C:\TI\ccsv6\tools\compiler\ti-cgt-arm_5.2.3\lib\</path>
         <kind>archive</kind>
         <file>rtsv7M4_T_le_v4SPD16_eabi.lib</file>
         <name>autoinit.obj</name>
      </input_file>
      <input_file id="fl-14d">
         <path>C:\TI\ccsv6\tools\compiler\ti-cgt-arm_5.2.3\lib\</path>
         <kind>archive</kind>
         <file>rtsv7M4_T_le_v4SPD16_eabi.lib</file>
         <name>cpy_tbl.obj</name>
      </input_file>
      <input_file id="fl-14e">
         <path>C:\TI\ccsv6\tools\compiler\ti-cgt-arm_5.2.3\lib\</path>
         <kind>archive</kind>
         <file>rtsv7M4_T_le_v4SPD16_eabi.lib</file>
         <name>i_div0.obj</name>
      </input_file>
   </input_file_list>
   <object_component_list>
      <object_component id="oc-f">
         <name>.intvecs</name>
         <load_address>0x0</load_address>
         <run_address>0x0</run_address>
         <size>0x26c</size>
         <input_file_ref idref="fl-3"/>
      </object_component>
      <object_component id="oc-202">
         <name>.text</name>
         <load_address>0x26c</load_address>
         <run_address>0x26c</run_address>
         <size>0xe28</size>
         <input_file_ref idref="fl-a"/>
      </object_component>
      <object_component id="oc-20b">
         <name>.text</name>
         <load_address>0x1094</load_address>
         <run_address>0x1094</run_address>
         <size>0x81a</size>
         <input_file_ref idref="fl-11"/>
      </object_component>
      <object_component id="oc-1f4">
         <name>.text</name>
         <load_address>0x18ae</load_address>
         <run_address>0x18ae</run_address>
         <size>0x2</size>
         <input_file_ref idref="fl-14e"/>
      </object_component>
      <object_component id="oc-152">
         <name>.text</name>
         <load_address>0x18b0</load_address>
         <run_address>0x18b0</run_address>
         <size>0x5ac</size>
         <input_file_ref idref="fl-9"/>
      </object_component>
      <object_component id="oc-1ce">
         <name>.text</name>
         <load_address>0x1e5c</load_address>
         <run_address>0x1e5c</run_address>
         <size>0x560</size>
         <input_file_ref idref="fl-10"/>
      </object_component>
      <object_component id="oc-146">
         <name>.text</name>
         <load_address>0x23bc</load_address>
         <run_address>0x23bc</run_address>
         <size>0x4dc</size>
         <input_file_ref idref="fl-4"/>
      </object_component>
      <object_component id="oc-25f">
         <name>.text</name>
         <load_address>0x2898</load_address>
         <run_address>0x2898</run_address>
         <size>0x450</size>
         <input_file_ref idref="fl-e"/>
      </object_component>
      <object_component id="oc-1ad">
         <name>.text</name>
         <load_address>0x2ce8</load_address>
         <run_address>0x2ce8</run_address>
         <size>0x320</size>
         <input_file_ref idref="fl-7"/>
      </object_component>
      <object_component id="oc-1bf">
         <name>.text</name>
         <load_address>0x3008</load_address>
         <run_address>0x3008</run_address>
         <size>0x310</size>
         <input_file_ref idref="fl-8"/>
      </object_component>
      <object_component id="oc-1b3">
         <name>.text</name>
         <load_address>0x3318</load_address>
         <run_address>0x3318</run_address>
         <size>0x230</size>
         <input_file_ref idref="fl-5"/>
      </object_component>
      <object_component id="oc-1b9">
         <name>.text</name>
         <load_address>0x3548</load_address>
         <run_address>0x3548</run_address>
         <size>0x18c</size>
         <input_file_ref idref="fl-f"/>
      </object_component>
      <object_component id="oc-193">
         <name>.text:GPIOPadConfigSet</name>
         <load_address>0x36d4</load_address>
         <run_address>0x36d4</run_address>
         <size>0x130</size>
         <input_file_ref idref="fl-1c"/>
      </object_component>
      <object_component id="oc-8e">
         <name>.text:SysCtlClockGet</name>
         <load_address>0x3804</load_address>
         <run_address>0x3804</run_address>
         <size>0x118</size>
         <input_file_ref idref="fl-19"/>
      </object_component>
      <object_component id="oc-14c">
         <name>.text:SysCtlClockSet</name>
         <load_address>0x391c</load_address>
         <run_address>0x391c</run_address>
         <size>0xf0</size>
         <input_file_ref idref="fl-19"/>
      </object_component>
      <object_component id="oc-21c">
         <name>.text:EEPROMProgram</name>
         <load_address>0x3a0c</load_address>
         <run_address>0x3a0c</run_address>
         <size>0xc4</size>
         <input_file_ref idref="fl-1d"/>
      </object_component>
      <object_component id="oc-39">
         <name>.text</name>
         <load_address>0x3ad0</load_address>
         <run_address>0x3ad0</run_address>
         <size>0x9c</size>
         <input_file_ref idref="fl-145"/>
      </object_component>
      <object_component id="oc-e4">
         <name>.text</name>
         <load_address>0x3b6c</load_address>
         <run_address>0x3b6c</run_address>
         <size>0x98</size>
         <input_file_ref idref="fl-2"/>
      </object_component>
      <object_component id="oc-30">
         <name>.text</name>
         <load_address>0x3c04</load_address>
         <run_address>0x3c04</run_address>
         <size>0x94</size>
         <input_file_ref idref="fl-d"/>
      </object_component>
      <object_component id="oc-1d4">
         <name>.text</name>
         <load_address>0x3c98</load_address>
         <run_address>0x3c98</run_address>
         <size>0x8c</size>
         <input_file_ref idref="fl-6"/>
      </object_component>
      <object_component id="oc-1c5">
         <name>.text</name>
         <load_address>0x3d24</load_address>
         <run_address>0x3d24</run_address>
         <size>0x7c</size>
         <input_file_ref idref="fl-b"/>
      </object_component>
      <object_component id="oc-52">
         <name>.text</name>
         <load_address>0x3da0</load_address>
         <run_address>0x3da0</run_address>
         <size>0x7a</size>
         <input_file_ref idref="fl-146"/>
      </object_component>
      <object_component id="oc-64">
         <name>.text</name>
         <load_address>0x3e1c</load_address>
         <run_address>0x3e1c</run_address>
         <size>0x6c</size>
         <input_file_ref idref="fl-14c"/>
      </object_component>
      <object_component id="oc-45">
         <name>.text</name>
         <load_address>0x3e88</load_address>
         <run_address>0x3e88</run_address>
         <size>0x6a</size>
         <input_file_ref idref="fl-142"/>
      </object_component>
      <object_component id="oc-a0">
         <name>.text:IntEnable</name>
         <load_address>0x3ef4</load_address>
         <run_address>0x3ef4</run_address>
         <size>0x60</size>
         <input_file_ref idref="fl-1b"/>
      </object_component>
      <object_component id="oc-82">
         <name>.text:TimerConfigure</name>
         <load_address>0x3f54</load_address>
         <run_address>0x3f54</run_address>
         <size>0x5c</size>
         <input_file_ref idref="fl-18"/>
      </object_component>
      <object_component id="oc-228">
         <name>.text:EEPROMMassErase</name>
         <load_address>0x3fb0</load_address>
         <run_address>0x3fb0</run_address>
         <size>0x54</size>
         <input_file_ref idref="fl-1d"/>
      </object_component>
      <object_component id="oc-279">
         <name>.text:SysCtlPeripheralReset</name>
         <load_address>0x4004</load_address>
         <run_address>0x4004</run_address>
         <size>0x50</size>
         <input_file_ref idref="fl-19"/>
      </object_component>
      <object_component id="oc-24">
         <name>.text</name>
         <load_address>0x4054</load_address>
         <run_address>0x4054</run_address>
         <size>0x50</size>
         <input_file_ref idref="fl-140"/>
      </object_component>
      <object_component id="oc-dc">
         <name>.text</name>
         <load_address>0x40a4</load_address>
         <run_address>0x40a4</run_address>
         <size>0x4c</size>
         <input_file_ref idref="fl-14d"/>
      </object_component>
      <object_component id="oc-134">
         <name>.text:GPIOPinConfigure</name>
         <load_address>0x40f0</load_address>
         <run_address>0x40f0</run_address>
         <size>0x48</size>
         <input_file_ref idref="fl-1c"/>
      </object_component>
      <object_component id="oc-70">
         <name>.text</name>
         <load_address>0x4138</load_address>
         <run_address>0x4138</run_address>
         <size>0x44</size>
         <input_file_ref idref="fl-144"/>
      </object_component>
      <object_component id="oc-216">
         <name>.text:EEPROMInit</name>
         <load_address>0x417c</load_address>
         <run_address>0x417c</run_address>
         <size>0x40</size>
         <input_file_ref idref="fl-1d"/>
      </object_component>
      <object_component id="oc-2a5">
         <name>.text:UARTConfigSetExpClk</name>
         <load_address>0x41bc</load_address>
         <run_address>0x41bc</run_address>
         <size>0x40</size>
         <input_file_ref idref="fl-17"/>
      </object_component>
      <object_component id="oc-1a0">
         <name>.text</name>
         <load_address>0x41fc</load_address>
         <run_address>0x41fc</run_address>
         <size>0x40</size>
         <input_file_ref idref="fl-149"/>
      </object_component>
      <object_component id="oc-286">
         <name>.text:_EEPROMSectorMaskSet</name>
         <load_address>0x423c</load_address>
         <run_address>0x423c</run_address>
         <size>0x3c</size>
         <input_file_ref idref="fl-1d"/>
      </object_component>
      <object_component id="oc-222">
         <name>.text:EEPROMRead</name>
         <load_address>0x4278</load_address>
         <run_address>0x4278</run_address>
         <size>0x34</size>
         <input_file_ref idref="fl-1d"/>
      </object_component>
      <object_component id="oc-7b">
         <name>.text:SysCtlPeripheralEnable</name>
         <load_address>0x42ac</load_address>
         <run_address>0x42ac</run_address>
         <size>0x34</size>
         <input_file_ref idref="fl-19"/>
      </object_component>
      <object_component id="oc-280">
         <name>.text:_EEPROMSectorMaskClear</name>
         <load_address>0x42e0</load_address>
         <run_address>0x42e0</run_address>
         <size>0x34</size>
         <input_file_ref idref="fl-1d"/>
      </object_component>
      <object_component id="oc-18d">
         <name>.text:GPIODirModeSet</name>
         <load_address>0x4314</load_address>
         <run_address>0x4314</run_address>
         <size>0x2a</size>
         <input_file_ref idref="fl-1c"/>
      </object_component>
      <object_component id="oc-2ec">
         <name>.text:UARTDisable</name>
         <load_address>0x4340</load_address>
         <run_address>0x4340</run_address>
         <size>0x1c</size>
         <input_file_ref idref="fl-17"/>
      </object_component>
      <object_component id="oc-243">
         <name>.text:GPIOPinTypeGPIOOutput</name>
         <load_address>0x435c</load_address>
         <run_address>0x435c</run_address>
         <size>0x18</size>
         <input_file_ref idref="fl-1c"/>
      </object_component>
      <object_component id="oc-6a">
         <name>.text</name>
         <load_address>0x4374</load_address>
         <run_address>0x4374</run_address>
         <size>0x18</size>
         <input_file_ref idref="fl-14b"/>
      </object_component>
      <object_component id="oc-2f2">
         <name>.text:UARTEnable</name>
         <load_address>0x438c</load_address>
         <run_address>0x438c</run_address>
         <size>0x14</size>
         <input_file_ref idref="fl-17"/>
      </object_component>
      <object_component id="oc-161">
         <name>.text</name>
         <load_address>0x43a0</load_address>
         <run_address>0x43a0</run_address>
         <size>0x14</size>
         <input_file_ref idref="fl-14a"/>
      </object_component>
      <object_component id="oc-249">
         <name>.text:GPIOPinTypeGPIOInput</name>
         <load_address>0x43b4</load_address>
         <run_address>0x43b4</run_address>
         <size>0x12</size>
         <input_file_ref idref="fl-1c"/>
      </object_component>
      <object_component id="oc-140">
         <name>.text:GPIOPinTypeUART</name>
         <load_address>0x43c6</load_address>
         <run_address>0x43c6</run_address>
         <size>0x12</size>
         <input_file_ref idref="fl-1c"/>
      </object_component>
      <object_component id="oc-94">
         <name>.text:TimerLoadSet</name>
         <load_address>0x43d8</load_address>
         <run_address>0x43d8</run_address>
         <size>0x12</size>
         <input_file_ref idref="fl-18"/>
      </object_component>
      <object_component id="oc-88">
         <name>.text:TimerPrescaleSet</name>
         <load_address>0x43ea</load_address>
         <run_address>0x43ea</run_address>
         <size>0x12</size>
         <input_file_ref idref="fl-18"/>
      </object_component>
      <object_component id="oc-273">
         <name>.text:_EEPROMWaitForDone</name>
         <load_address>0x43fc</load_address>
         <run_address>0x43fc</run_address>
         <size>0x10</size>
         <input_file_ref idref="fl-1d"/>
      </object_component>
      <object_component id="oc-ac">
         <name>.text:TimerEnable</name>
         <load_address>0x440c</load_address>
         <run_address>0x440c</run_address>
         <size>0xe</size>
         <input_file_ref idref="fl-18"/>
      </object_component>
      <object_component id="oc-2b7">
         <name>.text:UARTCharGetNonBlocking</name>
         <load_address>0x441a</load_address>
         <run_address>0x441a</run_address>
         <size>0xe</size>
         <input_file_ref idref="fl-17"/>
      </object_component>
      <object_component id="oc-2c3">
         <name>.text:UARTCharPutNonBlocking</name>
         <load_address>0x4428</load_address>
         <run_address>0x4428</run_address>
         <size>0xe</size>
         <input_file_ref idref="fl-17"/>
      </object_component>
      <object_component id="oc-12">
         <name>.text:decompress:none</name>
         <load_address>0x4436</load_address>
         <run_address>0x4436</run_address>
         <size>0xe</size>
         <input_file_ref idref="fl-141"/>
      </object_component>
      <object_component id="oc-10c">
         <name>.text:CPUcpsie</name>
         <load_address>0x4444</load_address>
         <run_address>0x4444</run_address>
         <size>0xc</size>
         <input_file_ref idref="fl-1e"/>
      </object_component>
      <object_component id="oc-2b1">
         <name>.text:UARTCharsAvail</name>
         <load_address>0x4450</load_address>
         <run_address>0x4450</run_address>
         <size>0xc</size>
         <input_file_ref idref="fl-17"/>
      </object_component>
      <object_component id="oc-2bd">
         <name>.text:UARTSpaceAvail</name>
         <load_address>0x445c</load_address>
         <run_address>0x445c</run_address>
         <size>0xc</size>
         <input_file_ref idref="fl-17"/>
      </object_component>
      <object_component id="oc-1e">
         <name>.text:decompress:ZI</name>
         <load_address>0x4468</load_address>
         <run_address>0x4468</run_address>
         <size>0xc</size>
         <input_file_ref idref="fl-143"/>
      </object_component>
      <object_component id="oc-2a">
         <name>.text</name>
         <load_address>0x4474</load_address>
         <run_address>0x4474</run_address>
         <size>0xc</size>
         <input_file_ref idref="fl-3"/>
      </object_component>
      <object_component id="oc-a6">
         <name>.text:IntMasterEnable</name>
         <load_address>0x4480</load_address>
         <run_address>0x4480</run_address>
         <size>0xa</size>
         <input_file_ref idref="fl-1b"/>
      </object_component>
      <object_component id="oc-2c9">
         <name>.text:UARTCharGet</name>
         <load_address>0x448a</load_address>
         <run_address>0x448a</run_address>
         <size>0xa</size>
         <input_file_ref idref="fl-17"/>
      </object_component>
      <object_component id="oc-2d2">
         <name>.text:UARTCharPut</name>
         <load_address>0x4494</load_address>
         <run_address>0x4494</run_address>
         <size>0xa</size>
         <input_file_ref idref="fl-17"/>
      </object_component>
      <object_component id="oc-9a">
         <name>.text:TimerIntEnable</name>
         <load_address>0x449e</load_address>
         <run_address>0x449e</run_address>
         <size>0x8</size>
         <input_file_ref idref="fl-18"/>
      </object_component>
      <object_component id="oc-2ab">
         <name>.text:UARTIntEnable</name>
         <load_address>0x44a6</load_address>
         <run_address>0x44a6</run_address>
         <size>0x8</size>
         <input_file_ref idref="fl-17"/>
      </object_component>
      <object_component id="oc-255">
         <name>.text:GPIOPinRead</name>
         <load_address>0x44ae</load_address>
         <run_address>0x44ae</run_address>
         <size>0x6</size>
         <input_file_ref idref="fl-1c"/>
      </object_component>
      <object_component id="oc-24f">
         <name>.text:GPIOPinWrite</name>
         <load_address>0x44b4</load_address>
         <run_address>0x44b4</run_address>
         <size>0x6</size>
         <input_file_ref idref="fl-1c"/>
      </object_component>
      <object_component id="oc-81">
         <name>.text:SysCtlDelay</name>
         <load_address>0x44ba</load_address>
         <run_address>0x44ba</run_address>
         <size>0x6</size>
         <input_file_ref idref="fl-19"/>
      </object_component>
      <object_component id="oc-13a">
         <name>.text:UARTClockSourceSet</name>
         <load_address>0x44c0</load_address>
         <run_address>0x44c0</run_address>
         <size>0x6</size>
         <input_file_ref idref="fl-17"/>
      </object_component>
      <object_component id="oc-18">
         <name>.text:decompress:rle24</name>
         <load_address>0x44c6</load_address>
         <run_address>0x44c6</run_address>
         <size>0x6</size>
         <input_file_ref idref="fl-142"/>
      </object_component>
      <object_component id="oc-b2">
         <name>.text:TimerIntClear</name>
         <load_address>0x44cc</load_address>
         <run_address>0x44cc</run_address>
         <size>0x4</size>
         <input_file_ref idref="fl-18"/>
      </object_component>
      <object_component id="oc-5e">
         <name>.text</name>
         <load_address>0x44d0</load_address>
         <run_address>0x44d0</run_address>
         <size>0x4</size>
         <input_file_ref idref="fl-147"/>
      </object_component>
      <object_component id="oc-2d8">
         <name>.const:UART_PinConfiguration_Array</name>
         <load_address>0x44d4</load_address>
         <run_address>0x44d4</run_address>
         <size>0xa8</size>
         <input_file_ref idref="fl-e"/>
      </object_component>
      <object_component id="oc-186">
         <name>.const:g_pui32GPIOBaseAddrs</name>
         <load_address>0x457c</load_address>
         <run_address>0x457c</run_address>
         <size>0x90</size>
         <input_file_ref idref="fl-1c"/>
      </object_component>
      <object_component id="oc-107">
         <name>.const</name>
         <load_address>0x460c</load_address>
         <run_address>0x460c</run_address>
         <size>0x70</size>
         <input_file_ref idref="fl-1b"/>
      </object_component>
      <object_component id="oc-101">
         <name>.const:g_pui32Xtals</name>
         <load_address>0x467c</load_address>
         <run_address>0x467c</run_address>
         <size>0x6c</size>
         <input_file_ref idref="fl-19"/>
      </object_component>
      <object_component id="oc-2cf">
         <name>.const</name>
         <load_address>0x46e8</load_address>
         <run_address>0x46e8</run_address>
         <size>0x30</size>
         <input_file_ref idref="fl-e"/>
      </object_component>
      <object_component id="oc-19a">
         <name>.const</name>
         <load_address>0x4718</load_address>
         <run_address>0x4718</run_address>
         <size>0x1c</size>
         <input_file_ref idref="fl-4"/>
      </object_component>
      <object_component id="oc-1ef">
         <name>.const:.string</name>
         <load_address>0x4734</load_address>
         <run_address>0x4734</run_address>
         <size>0x12</size>
         <input_file_ref idref="fl-4"/>
      </object_component>
      <object_component id="oc-232">
         <name>.const:.string</name>
         <load_address>0x4746</load_address>
         <run_address>0x4746</run_address>
         <size>0x4</size>
         <input_file_ref idref="fl-10"/>
      </object_component>
      <object_component id="oc-32b">
         <name>.cinit..data.load</name>
         <load_address>0x4750</load_address>
         <run_address>0x4750</run_address>
         <size>0x4e</size>
      </object_component>
      <object_component id="oc-329">
         <name>__TI_handler_table</name>
         <load_address>0x47a0</load_address>
         <run_address>0x47a0</run_address>
         <size>0xc</size>
      </object_component>
      <object_component id="oc-32c">
         <name>.cinit..bss.load</name>
         <load_address>0x47b0</load_address>
         <run_address>0x47b0</run_address>
         <size>0x8</size>
      </object_component>
      <object_component id="oc-32a">
         <name>__TI_cinit_table</name>
         <load_address>0x47b8</load_address>
         <run_address>0x47b8</run_address>
         <size>0x10</size>
      </object_component>
      <object_component id="oc-29">
         <name>.stack</name>
         <uninitialized>true</uninitialized>
         <run_address>0x20000000</run_address>
         <size>0x0</size>
         <input_file_ref idref="fl-140"/>
      </object_component>
      <object_component id="oc-32d">
         <name>.stack</name>
         <uninitialized>true</uninitialized>
         <run_address>0x20000000</run_address>
         <size>0x0</size>
      </object_component>
      <object_component id="oc-1fe">
         <name>.bss:timers_list</name>
         <uninitialized>true</uninitialized>
         <run_address>0x2000026c</run_address>
         <size>0x3c</size>
         <input_file_ref idref="fl-5"/>
      </object_component>
      <object_component id="oc-b8">
         <name>.common:voidFuncPtr</name>
         <uninitialized>true</uninitialized>
         <run_address>0x200002a8</run_address>
         <size>0x4</size>
      </object_component>
      <object_component id="oc-19d">
         <name>.data</name>
         <load_address>0x20000260</load_address>
         <run_address>0x20000260</run_address>
         <size>0x5</size>
         <input_file_ref idref="fl-4"/>
      </object_component>
      <object_component id="oc-211">
         <name>.data</name>
         <load_address>0x20000200</load_address>
         <run_address>0x20000200</run_address>
         <size>0x1e</size>
         <input_file_ref idref="fl-8"/>
      </object_component>
      <object_component id="oc-1cb">
         <name>.data</name>
         <load_address>0x20000220</load_address>
         <run_address>0x20000220</run_address>
         <size>0x1e</size>
         <input_file_ref idref="fl-9"/>
      </object_component>
      <object_component id="oc-265">
         <name>.data</name>
         <load_address>0x20000240</load_address>
         <run_address>0x20000240</run_address>
         <size>0x10</size>
         <input_file_ref idref="fl-11"/>
      </object_component>
      <object_component id="oc-ef">
         <name>.data</name>
         <load_address>0x20000258</load_address>
         <run_address>0x20000258</run_address>
         <size>0x8</size>
         <input_file_ref idref="fl-144"/>
      </object_component>
      <object_component id="oc-76">
         <name>.data</name>
         <load_address>0x20000268</load_address>
         <run_address>0x20000268</run_address>
         <size>0x4</size>
         <input_file_ref idref="fl-148"/>
      </object_component>
      <object_component id="oc-ec">
         <name>.data</name>
         <load_address>0x20000250</load_address>
         <run_address>0x20000250</run_address>
         <size>0x8</size>
         <input_file_ref idref="fl-14a"/>
      </object_component>
      <object_component id="oc-159">
         <name>.debug_info</name>
         <load_address>0x0</load_address>
         <run_address>0x0</run_address>
         <size>0x534</size>
         <input_file_ref idref="fl-2"/>
      </object_component>
      <object_component id="oc-e5">
         <name>.debug_info</name>
         <load_address>0x534</load_address>
         <run_address>0x534</run_address>
         <size>0x3ac</size>
         <input_file_ref idref="fl-2"/>
      </object_component>
      <object_component id="oc-2df">
         <name>.debug_info</name>
         <load_address>0x8e0</load_address>
         <run_address>0x8e0</run_address>
         <size>0x137</size>
         <input_file_ref idref="fl-2"/>
      </object_component>
      <object_component id="oc-1df">
         <name>.debug_info</name>
         <load_address>0xa17</load_address>
         <run_address>0xa17</run_address>
         <size>0x3f</size>
         <input_file_ref idref="fl-2"/>
      </object_component>
      <object_component id="oc-26a">
         <name>.debug_info</name>
         <load_address>0xa56</load_address>
         <run_address>0xa56</run_address>
         <size>0x48</size>
         <input_file_ref idref="fl-2"/>
      </object_component>
      <object_component id="oc-be">
         <name>.debug_info</name>
         <load_address>0xa9e</load_address>
         <run_address>0xa9e</run_address>
         <size>0x84</size>
         <input_file_ref idref="fl-2"/>
      </object_component>
      <object_component id="oc-121">
         <name>.debug_info</name>
         <load_address>0xb22</load_address>
         <run_address>0xb22</run_address>
         <size>0xa1</size>
         <input_file_ref idref="fl-2"/>
      </object_component>
      <object_component id="oc-c3">
         <name>.debug_info</name>
         <load_address>0xbc3</load_address>
         <run_address>0xbc3</run_address>
         <size>0x18b</size>
         <input_file_ref idref="fl-2"/>
      </object_component>
      <object_component id="oc-1a7">
         <name>.debug_info</name>
         <load_address>0xd4e</load_address>
         <run_address>0xd4e</run_address>
         <size>0x4e</size>
         <input_file_ref idref="fl-2"/>
      </object_component>
      <object_component id="oc-29a">
         <name>.debug_info</name>
         <load_address>0xd9c</load_address>
         <run_address>0xd9c</run_address>
         <size>0x8a</size>
         <input_file_ref idref="fl-2"/>
      </object_component>
      <object_component id="oc-38">
         <name>.debug_info</name>
         <load_address>0xe26</load_address>
         <run_address>0xe26</run_address>
         <size>0x128</size>
         <input_file_ref idref="fl-3"/>
      </object_component>
      <object_component id="oc-10">
         <name>.debug_info</name>
         <load_address>0xf4e</load_address>
         <run_address>0xf4e</run_address>
         <size>0xed</size>
         <input_file_ref idref="fl-3"/>
      </object_component>
      <object_component id="oc-2b">
         <name>.debug_info</name>
         <load_address>0x103b</load_address>
         <run_address>0x103b</run_address>
         <size>0x269</size>
         <input_file_ref idref="fl-3"/>
      </object_component>
      <object_component id="oc-1a6">
         <name>.debug_info</name>
         <load_address>0x12a4</load_address>
         <run_address>0x12a4</run_address>
         <size>0x119</size>
         <input_file_ref idref="fl-4"/>
      </object_component>
      <object_component id="oc-19e">
         <name>.debug_info</name>
         <load_address>0x13bd</load_address>
         <run_address>0x13bd</run_address>
         <size>0x100</size>
         <input_file_ref idref="fl-4"/>
      </object_component>
      <object_component id="oc-19b">
         <name>.debug_info</name>
         <load_address>0x14bd</load_address>
         <run_address>0x14bd</run_address>
         <size>0x156</size>
         <input_file_ref idref="fl-4"/>
      </object_component>
      <object_component id="oc-147">
         <name>.debug_info</name>
         <load_address>0x1613</load_address>
         <run_address>0x1613</run_address>
         <size>0x8fc</size>
         <input_file_ref idref="fl-4"/>
      </object_component>
      <object_component id="oc-11c">
         <name>.debug_info</name>
         <load_address>0x1f0f</load_address>
         <run_address>0x1f0f</run_address>
         <size>0x8b</size>
         <input_file_ref idref="fl-4"/>
      </object_component>
      <object_component id="oc-242">
         <name>.debug_info</name>
         <load_address>0x1f9a</load_address>
         <run_address>0x1f9a</run_address>
         <size>0x175</size>
         <input_file_ref idref="fl-5"/>
      </object_component>
      <object_component id="oc-1ff">
         <name>.debug_info</name>
         <load_address>0x210f</load_address>
         <run_address>0x210f</run_address>
         <size>0xf1</size>
         <input_file_ref idref="fl-5"/>
      </object_component>
      <object_component id="oc-1b4">
         <name>.debug_info</name>
         <load_address>0x2200</load_address>
         <run_address>0x2200</run_address>
         <size>0x87d</size>
         <input_file_ref idref="fl-5"/>
      </object_component>
      <object_component id="oc-238">
         <name>.debug_info</name>
         <load_address>0x2a7d</load_address>
         <run_address>0x2a7d</run_address>
         <size>0x128</size>
         <input_file_ref idref="fl-6"/>
      </object_component>
      <object_component id="oc-1d5">
         <name>.debug_info</name>
         <load_address>0x2ba5</load_address>
         <run_address>0x2ba5</run_address>
         <size>0x426</size>
         <input_file_ref idref="fl-6"/>
      </object_component>
      <object_component id="oc-1b1">
         <name>.debug_info</name>
         <load_address>0x2fcb</load_address>
         <run_address>0x2fcb</run_address>
         <size>0xfb6</size>
         <input_file_ref idref="fl-7"/>
      </object_component>
      <object_component id="oc-d3">
         <name>.debug_info</name>
         <load_address>0x3f81</load_address>
         <run_address>0x3f81</run_address>
         <size>0x2c</size>
         <input_file_ref idref="fl-7"/>
      </object_component>
      <object_component id="oc-215">
         <name>.debug_info</name>
         <load_address>0x3fad</load_address>
         <run_address>0x3fad</run_address>
         <size>0x333</size>
         <input_file_ref idref="fl-8"/>
      </object_component>
      <object_component id="oc-212">
         <name>.debug_info</name>
         <load_address>0x42e0</load_address>
         <run_address>0x42e0</run_address>
         <size>0x1b5</size>
         <input_file_ref idref="fl-8"/>
      </object_component>
      <object_component id="oc-1c1">
         <name>.debug_info</name>
         <load_address>0x4495</load_address>
         <run_address>0x4495</run_address>
         <size>0xc67</size>
         <input_file_ref idref="fl-8"/>
      </object_component>
      <object_component id="oc-1db">
         <name>.debug_info</name>
         <load_address>0x50fc</load_address>
         <run_address>0x50fc</run_address>
         <size>0x9ae</size>
         <input_file_ref idref="fl-9"/>
      </object_component>
      <object_component id="oc-1cc">
         <name>.debug_info</name>
         <load_address>0x5aaa</load_address>
         <run_address>0x5aaa</run_address>
         <size>0x192</size>
         <input_file_ref idref="fl-9"/>
      </object_component>
      <object_component id="oc-156">
         <name>.debug_info</name>
         <load_address>0x5c3c</load_address>
         <run_address>0x5c3c</run_address>
         <size>0xbda</size>
         <input_file_ref idref="fl-9"/>
      </object_component>
      <object_component id="oc-23b">
         <name>.debug_info</name>
         <load_address>0x6816</load_address>
         <run_address>0x6816</run_address>
         <size>0x56</size>
         <input_file_ref idref="fl-9"/>
      </object_component>
      <object_component id="oc-25c">
         <name>.debug_info</name>
         <load_address>0x686c</load_address>
         <run_address>0x686c</run_address>
         <size>0x1f1</size>
         <input_file_ref idref="fl-a"/>
      </object_component>
      <object_component id="oc-203">
         <name>.debug_info</name>
         <load_address>0x6a5d</load_address>
         <run_address>0x6a5d</run_address>
         <size>0x14e9</size>
         <input_file_ref idref="fl-a"/>
      </object_component>
      <object_component id="oc-22f">
         <name>.debug_info</name>
         <load_address>0x7f46</load_address>
         <run_address>0x7f46</run_address>
         <size>0x1ca</size>
         <input_file_ref idref="fl-b"/>
      </object_component>
      <object_component id="oc-1c7">
         <name>.debug_info</name>
         <load_address>0x8110</load_address>
         <run_address>0x8110</run_address>
         <size>0x47a</size>
         <input_file_ref idref="fl-b"/>
      </object_component>
      <object_component id="oc-b9">
         <name>.debug_info</name>
         <load_address>0x858a</load_address>
         <run_address>0x858a</run_address>
         <size>0x314</size>
         <input_file_ref idref="fl-d"/>
      </object_component>
      <object_component id="oc-33">
         <name>.debug_info</name>
         <load_address>0x889e</load_address>
         <run_address>0x889e</run_address>
         <size>0x3e4</size>
         <input_file_ref idref="fl-d"/>
      </object_component>
      <object_component id="oc-2dc">
         <name>.debug_info</name>
         <load_address>0x8c82</load_address>
         <run_address>0x8c82</run_address>
         <size>0x50d</size>
         <input_file_ref idref="fl-e"/>
      </object_component>
      <object_component id="oc-2d0">
         <name>.debug_info</name>
         <load_address>0x918f</load_address>
         <run_address>0x918f</run_address>
         <size>0x13b</size>
         <input_file_ref idref="fl-e"/>
      </object_component>
      <object_component id="oc-2d9">
         <name>.debug_info</name>
         <load_address>0x92ca</load_address>
         <run_address>0x92ca</run_address>
         <size>0x104</size>
         <input_file_ref idref="fl-e"/>
      </object_component>
      <object_component id="oc-260">
         <name>.debug_info</name>
         <load_address>0x93ce</load_address>
         <run_address>0x93ce</run_address>
         <size>0xe51</size>
         <input_file_ref idref="fl-e"/>
      </object_component>
      <object_component id="oc-209">
         <name>.debug_info</name>
         <load_address>0xa21f</load_address>
         <run_address>0xa21f</run_address>
         <size>0x259</size>
         <input_file_ref idref="fl-f"/>
      </object_component>
      <object_component id="oc-1bc">
         <name>.debug_info</name>
         <load_address>0xa478</load_address>
         <run_address>0xa478</run_address>
         <size>0x543</size>
         <input_file_ref idref="fl-f"/>
      </object_component>
      <object_component id="oc-236">
         <name>.debug_info</name>
         <load_address>0xa9bb</load_address>
         <run_address>0xa9bb</run_address>
         <size>0x228</size>
         <input_file_ref idref="fl-10"/>
      </object_component>
      <object_component id="oc-233">
         <name>.debug_info</name>
         <load_address>0xabe3</load_address>
         <run_address>0xabe3</run_address>
         <size>0xd5</size>
         <input_file_ref idref="fl-10"/>
      </object_component>
      <object_component id="oc-1d0">
         <name>.debug_info</name>
         <load_address>0xacb8</load_address>
         <run_address>0xacb8</run_address>
         <size>0x109a</size>
         <input_file_ref idref="fl-10"/>
      </object_component>
      <object_component id="oc-269">
         <name>.debug_info</name>
         <load_address>0xbd52</load_address>
         <run_address>0xbd52</run_address>
         <size>0x3a5</size>
         <input_file_ref idref="fl-11"/>
      </object_component>
      <object_component id="oc-266">
         <name>.debug_info</name>
         <load_address>0xc0f7</load_address>
         <run_address>0xc0f7</run_address>
         <size>0xdb</size>
         <input_file_ref idref="fl-11"/>
      </object_component>
      <object_component id="oc-20d">
         <name>.debug_info</name>
         <load_address>0xc1d2</load_address>
         <run_address>0xc1d2</run_address>
         <size>0x189d</size>
         <input_file_ref idref="fl-11"/>
      </object_component>
      <object_component id="oc-18c">
         <name>.debug_info</name>
         <load_address>0xda6f</load_address>
         <run_address>0xda6f</run_address>
         <size>0x1ce</size>
         <input_file_ref idref="fl-17"/>
      </object_component>
      <object_component id="oc-2c0">
         <name>.debug_info</name>
         <load_address>0xdc3d</load_address>
         <run_address>0xdc3d</run_address>
         <size>0x1b7</size>
         <input_file_ref idref="fl-17"/>
      </object_component>
      <object_component id="oc-2af">
         <name>.debug_info</name>
         <load_address>0xddf4</load_address>
         <run_address>0xddf4</run_address>
         <size>0x1f3</size>
         <input_file_ref idref="fl-17"/>
      </object_component>
      <object_component id="oc-2f6">
         <name>.debug_info</name>
         <load_address>0xdfe7</load_address>
         <run_address>0xdfe7</run_address>
         <size>0x1ab</size>
         <input_file_ref idref="fl-17"/>
      </object_component>
      <object_component id="oc-2f0">
         <name>.debug_info</name>
         <load_address>0xe192</load_address>
         <run_address>0xe192</run_address>
         <size>0x233</size>
         <input_file_ref idref="fl-17"/>
      </object_component>
      <object_component id="oc-2a9">
         <name>.debug_info</name>
         <load_address>0xe3c5</load_address>
         <run_address>0xe3c5</run_address>
         <size>0x28a</size>
         <input_file_ref idref="fl-17"/>
      </object_component>
      <object_component id="oc-13e">
         <name>.debug_info</name>
         <load_address>0xe64f</load_address>
         <run_address>0xe64f</run_address>
         <size>0x1f5</size>
         <input_file_ref idref="fl-17"/>
      </object_component>
      <object_component id="oc-2b5">
         <name>.debug_info</name>
         <load_address>0xe844</load_address>
         <run_address>0xe844</run_address>
         <size>0x1b7</size>
         <input_file_ref idref="fl-17"/>
      </object_component>
      <object_component id="oc-2c7">
         <name>.debug_info</name>
         <load_address>0xe9fb</load_address>
         <run_address>0xe9fb</run_address>
         <size>0x1f1</size>
         <input_file_ref idref="fl-17"/>
      </object_component>
      <object_component id="oc-2d6">
         <name>.debug_info</name>
         <load_address>0xebec</load_address>
         <run_address>0xebec</run_address>
         <size>0x25d</size>
         <input_file_ref idref="fl-17"/>
      </object_component>
      <object_component id="oc-2bb">
         <name>.debug_info</name>
         <load_address>0xee49</load_address>
         <run_address>0xee49</run_address>
         <size>0x1c7</size>
         <input_file_ref idref="fl-17"/>
      </object_component>
      <object_component id="oc-2cd">
         <name>.debug_info</name>
         <load_address>0xf010</load_address>
         <run_address>0xf010</run_address>
         <size>0x237</size>
         <input_file_ref idref="fl-17"/>
      </object_component>
      <object_component id="oc-113">
         <name>.debug_info</name>
         <load_address>0xf247</load_address>
         <run_address>0xf247</run_address>
         <size>0x90</size>
         <input_file_ref idref="fl-17"/>
      </object_component>
      <object_component id="oc-f8">
         <name>.debug_info</name>
         <load_address>0xf2d7</load_address>
         <run_address>0xf2d7</run_address>
         <size>0x18b</size>
         <input_file_ref idref="fl-17"/>
      </object_component>
      <object_component id="oc-ff">
         <name>.debug_info</name>
         <load_address>0xf462</load_address>
         <run_address>0xf462</run_address>
         <size>0x1cf</size>
         <input_file_ref idref="fl-18"/>
      </object_component>
      <object_component id="oc-8a">
         <name>.debug_info</name>
         <load_address>0xf631</load_address>
         <run_address>0xf631</run_address>
         <size>0x226</size>
         <input_file_ref idref="fl-18"/>
      </object_component>
      <object_component id="oc-96">
         <name>.debug_info</name>
         <load_address>0xf857</load_address>
         <run_address>0xf857</run_address>
         <size>0x21e</size>
         <input_file_ref idref="fl-18"/>
      </object_component>
      <object_component id="oc-9c">
         <name>.debug_info</name>
         <load_address>0xfa75</load_address>
         <run_address>0xfa75</run_address>
         <size>0x1f8</size>
         <input_file_ref idref="fl-18"/>
      </object_component>
      <object_component id="oc-b4">
         <name>.debug_info</name>
         <load_address>0xfc6d</load_address>
         <run_address>0xfc6d</run_address>
         <size>0x1f6</size>
         <input_file_ref idref="fl-18"/>
      </object_component>
      <object_component id="oc-ae">
         <name>.debug_info</name>
         <load_address>0xfe63</load_address>
         <run_address>0xfe63</run_address>
         <size>0x1e3</size>
         <input_file_ref idref="fl-18"/>
      </object_component>
      <object_component id="oc-85">
         <name>.debug_info</name>
         <load_address>0x10046</load_address>
         <run_address>0x10046</run_address>
         <size>0x1f0</size>
         <input_file_ref idref="fl-18"/>
      </object_component>
      <object_component id="oc-fd">
         <name>.debug_info</name>
         <load_address>0x10236</load_address>
         <run_address>0x10236</run_address>
         <size>0x226</size>
         <input_file_ref idref="fl-19"/>
      </object_component>
      <object_component id="oc-102">
         <name>.debug_info</name>
         <load_address>0x1045c</load_address>
         <run_address>0x1045c</run_address>
         <size>0xff</size>
         <input_file_ref idref="fl-19"/>
      </object_component>
      <object_component id="oc-27b">
         <name>.debug_info</name>
         <load_address>0x1055b</load_address>
         <run_address>0x1055b</run_address>
         <size>0x281</size>
         <input_file_ref idref="fl-19"/>
      </object_component>
      <object_component id="oc-7d">
         <name>.debug_info</name>
         <load_address>0x107dc</load_address>
         <run_address>0x107dc</run_address>
         <size>0x1e1</size>
         <input_file_ref idref="fl-19"/>
      </object_component>
      <object_component id="oc-14e">
         <name>.debug_info</name>
         <load_address>0x109bd</load_address>
         <run_address>0x109bd</run_address>
         <size>0x363</size>
         <input_file_ref idref="fl-19"/>
      </object_component>
      <object_component id="oc-90">
         <name>.debug_info</name>
         <load_address>0x10d20</load_address>
         <run_address>0x10d20</run_address>
         <size>0x219</size>
         <input_file_ref idref="fl-19"/>
      </object_component>
      <object_component id="oc-171">
         <name>.debug_info</name>
         <load_address>0x10f39</load_address>
         <run_address>0x10f39</run_address>
         <size>0x5f</size>
         <input_file_ref idref="fl-19"/>
      </object_component>
      <object_component id="oc-10b">
         <name>.debug_info</name>
         <load_address>0x10f98</load_address>
         <run_address>0x10f98</run_address>
         <size>0x1ba</size>
         <input_file_ref idref="fl-1b"/>
      </object_component>
      <object_component id="oc-108">
         <name>.debug_info</name>
         <load_address>0x11152</load_address>
         <run_address>0x11152</run_address>
         <size>0x1c2</size>
         <input_file_ref idref="fl-1b"/>
      </object_component>
      <object_component id="oc-a7">
         <name>.debug_info</name>
         <load_address>0x11314</load_address>
         <run_address>0x11314</run_address>
         <size>0x1a2</size>
         <input_file_ref idref="fl-1b"/>
      </object_component>
      <object_component id="oc-a1">
         <name>.debug_info</name>
         <load_address>0x114b6</load_address>
         <run_address>0x114b6</run_address>
         <size>0x1cc</size>
         <input_file_ref idref="fl-1b"/>
      </object_component>
      <object_component id="oc-18a">
         <name>.debug_info</name>
         <load_address>0x11682</load_address>
         <run_address>0x11682</run_address>
         <size>0x1d7</size>
         <input_file_ref idref="fl-1c"/>
      </object_component>
      <object_component id="oc-187">
         <name>.debug_info</name>
         <load_address>0x11859</load_address>
         <run_address>0x11859</run_address>
         <size>0x10d</size>
         <input_file_ref idref="fl-1c"/>
      </object_component>
      <object_component id="oc-250">
         <name>.debug_info</name>
         <load_address>0x11966</load_address>
         <run_address>0x11966</run_address>
         <size>0x207</size>
         <input_file_ref idref="fl-1c"/>
      </object_component>
      <object_component id="oc-18e">
         <name>.debug_info</name>
         <load_address>0x11b6d</load_address>
         <run_address>0x11b6d</run_address>
         <size>0x217</size>
         <input_file_ref idref="fl-1c"/>
      </object_component>
      <object_component id="oc-194">
         <name>.debug_info</name>
         <load_address>0x11d84</load_address>
         <run_address>0x11d84</run_address>
         <size>0x312</size>
         <input_file_ref idref="fl-1c"/>
      </object_component>
      <object_component id="oc-141">
         <name>.debug_info</name>
         <load_address>0x12096</load_address>
         <run_address>0x12096</run_address>
         <size>0x1df</size>
         <input_file_ref idref="fl-1c"/>
      </object_component>
      <object_component id="oc-244">
         <name>.debug_info</name>
         <load_address>0x12275</load_address>
         <run_address>0x12275</run_address>
         <size>0x1eb</size>
         <input_file_ref idref="fl-1c"/>
      </object_component>
      <object_component id="oc-24a">
         <name>.debug_info</name>
         <load_address>0x12460</load_address>
         <run_address>0x12460</run_address>
         <size>0x1e9</size>
         <input_file_ref idref="fl-1c"/>
      </object_component>
      <object_component id="oc-256">
         <name>.debug_info</name>
         <load_address>0x12649</load_address>
         <run_address>0x12649</run_address>
         <size>0x1df</size>
         <input_file_ref idref="fl-1c"/>
      </object_component>
      <object_component id="oc-135">
         <name>.debug_info</name>
         <load_address>0x12828</load_address>
         <run_address>0x12828</run_address>
         <size>0x1e4</size>
         <input_file_ref idref="fl-1c"/>
      </object_component>
      <object_component id="oc-28d">
         <name>.debug_info</name>
         <load_address>0x12a0c</load_address>
         <run_address>0x12a0c</run_address>
         <size>0x153</size>
         <input_file_ref idref="fl-1d"/>
      </object_component>
      <object_component id="oc-223">
         <name>.debug_info</name>
         <load_address>0x12b5f</load_address>
         <run_address>0x12b5f</run_address>
         <size>0x2cc</size>
         <input_file_ref idref="fl-1d"/>
      </object_component>
      <object_component id="oc-287">
         <name>.debug_info</name>
         <load_address>0x12e2b</load_address>
         <run_address>0x12e2b</run_address>
         <size>0x215</size>
         <input_file_ref idref="fl-1d"/>
      </object_component>
      <object_component id="oc-281">
         <name>.debug_info</name>
         <load_address>0x13040</load_address>
         <run_address>0x13040</run_address>
         <size>0x1db</size>
         <input_file_ref idref="fl-1d"/>
      </object_component>
      <object_component id="oc-21d">
         <name>.debug_info</name>
         <load_address>0x1321b</load_address>
         <run_address>0x1321b</run_address>
         <size>0x4bc</size>
         <input_file_ref idref="fl-1d"/>
      </object_component>
      <object_component id="oc-274">
         <name>.debug_info</name>
         <load_address>0x136d7</load_address>
         <run_address>0x136d7</run_address>
         <size>0x212</size>
         <input_file_ref idref="fl-1d"/>
      </object_component>
      <object_component id="oc-229">
         <name>.debug_info</name>
         <load_address>0x138e9</load_address>
         <run_address>0x138e9</run_address>
         <size>0x20a</size>
         <input_file_ref idref="fl-1d"/>
      </object_component>
      <object_component id="oc-217">
         <name>.debug_info</name>
         <load_address>0x13af3</load_address>
         <run_address>0x13af3</run_address>
         <size>0x22c</size>
         <input_file_ref idref="fl-1d"/>
      </object_component>
      <object_component id="oc-10d">
         <name>.debug_info</name>
         <load_address>0x13d1f</load_address>
         <run_address>0x13d1f</run_address>
         <size>0x176</size>
         <input_file_ref idref="fl-1e"/>
      </object_component>
      <object_component id="oc-26">
         <name>.debug_info</name>
         <load_address>0x13e95</load_address>
         <run_address>0x13e95</run_address>
         <size>0x136</size>
         <input_file_ref idref="fl-140"/>
      </object_component>
      <object_component id="oc-44">
         <name>.debug_info</name>
         <load_address>0x13fcb</load_address>
         <run_address>0x13fcb</run_address>
         <size>0x123</size>
         <input_file_ref idref="fl-141"/>
      </object_component>
      <object_component id="oc-16">
         <name>.debug_info</name>
         <load_address>0x140ee</load_address>
         <run_address>0x140ee</run_address>
         <size>0x1c2</size>
         <input_file_ref idref="fl-141"/>
      </object_component>
      <object_component id="oc-3f">
         <name>.debug_info</name>
         <load_address>0x142b0</load_address>
         <run_address>0x142b0</run_address>
         <size>0x46</size>
         <input_file_ref idref="fl-141"/>
      </object_component>
      <object_component id="oc-c9">
         <name>.debug_info</name>
         <load_address>0x142f6</load_address>
         <run_address>0x142f6</run_address>
         <size>0x2c</size>
         <input_file_ref idref="fl-141"/>
      </object_component>
      <object_component id="oc-4c">
         <name>.debug_info</name>
         <load_address>0x14322</load_address>
         <run_address>0x14322</run_address>
         <size>0x117</size>
         <input_file_ref idref="fl-142"/>
      </object_component>
      <object_component id="oc-47">
         <name>.debug_info</name>
         <load_address>0x14439</load_address>
         <run_address>0x14439</run_address>
         <size>0x22a</size>
         <input_file_ref idref="fl-142"/>
      </object_component>
      <object_component id="oc-1a">
         <name>.debug_info</name>
         <load_address>0x14663</load_address>
         <run_address>0x14663</run_address>
         <size>0x194</size>
         <input_file_ref idref="fl-142"/>
      </object_component>
      <object_component id="oc-4d">
         <name>.debug_info</name>
         <load_address>0x147f7</load_address>
         <run_address>0x147f7</run_address>
         <size>0x39</size>
         <input_file_ref idref="fl-142"/>
      </object_component>
      <object_component id="oc-5d">
         <name>.debug_info</name>
         <load_address>0x14830</load_address>
         <run_address>0x14830</run_address>
         <size>0x112</size>
         <input_file_ref idref="fl-143"/>
      </object_component>
      <object_component id="oc-22">
         <name>.debug_info</name>
         <load_address>0x14942</load_address>
         <run_address>0x14942</run_address>
         <size>0x18d</size>
         <input_file_ref idref="fl-143"/>
      </object_component>
      <object_component id="oc-58">
         <name>.debug_info</name>
         <load_address>0x14acf</load_address>
         <run_address>0x14acf</run_address>
         <size>0x46</size>
         <input_file_ref idref="fl-143"/>
      </object_component>
      <object_component id="oc-f3">
         <name>.debug_info</name>
         <load_address>0x14b15</load_address>
         <run_address>0x14b15</run_address>
         <size>0x174</size>
         <input_file_ref idref="fl-144"/>
      </object_component>
      <object_component id="oc-f0">
         <name>.debug_info</name>
         <load_address>0x14c89</load_address>
         <run_address>0x14c89</run_address>
         <size>0x119</size>
         <input_file_ref idref="fl-144"/>
      </object_component>
      <object_component id="oc-73">
         <name>.debug_info</name>
         <load_address>0x14da2</load_address>
         <run_address>0x14da2</run_address>
         <size>0x1f0</size>
         <input_file_ref idref="fl-144"/>
      </object_component>
      <object_component id="oc-3b">
         <name>.debug_info</name>
         <load_address>0x14f92</load_address>
         <run_address>0x14f92</run_address>
         <size>0xf8</size>
         <input_file_ref idref="fl-145"/>
      </object_component>
      <object_component id="oc-53">
         <name>.debug_info</name>
         <load_address>0x1508a</load_address>
         <run_address>0x1508a</run_address>
         <size>0x126</size>
         <input_file_ref idref="fl-146"/>
      </object_component>
      <object_component id="oc-5f">
         <name>.debug_info</name>
         <load_address>0x151b0</load_address>
         <run_address>0x151b0</run_address>
         <size>0x12b</size>
         <input_file_ref idref="fl-147"/>
      </object_component>
      <object_component id="oc-77">
         <name>.debug_info</name>
         <load_address>0x152db</load_address>
         <run_address>0x152db</run_address>
         <size>0xec</size>
         <input_file_ref idref="fl-148"/>
      </object_component>
      <object_component id="oc-1a3">
         <name>.debug_info</name>
         <load_address>0x153c7</load_address>
         <run_address>0x153c7</run_address>
         <size>0x121</size>
         <input_file_ref idref="fl-149"/>
      </object_component>
      <object_component id="oc-169">
         <name>.debug_info</name>
         <load_address>0x154e8</load_address>
         <run_address>0x154e8</run_address>
         <size>0x107</size>
         <input_file_ref idref="fl-14a"/>
      </object_component>
      <object_component id="oc-ed">
         <name>.debug_info</name>
         <load_address>0x155ef</load_address>
         <run_address>0x155ef</run_address>
         <size>0xf6</size>
         <input_file_ref idref="fl-14a"/>
      </object_component>
      <object_component id="oc-164">
         <name>.debug_info</name>
         <load_address>0x156e5</load_address>
         <run_address>0x156e5</run_address>
         <size>0x202</size>
         <input_file_ref idref="fl-14a"/>
      </object_component>
      <object_component id="oc-eb">
         <name>.debug_info</name>
         <load_address>0x158e7</load_address>
         <run_address>0x158e7</run_address>
         <size>0x149</size>
         <input_file_ref idref="fl-14b"/>
      </object_component>
      <object_component id="oc-6b">
         <name>.debug_info</name>
         <load_address>0x15a30</load_address>
         <run_address>0x15a30</run_address>
         <size>0x14a</size>
         <input_file_ref idref="fl-14b"/>
      </object_component>
      <object_component id="oc-15c">
         <name>.debug_info</name>
         <load_address>0x15b7a</load_address>
         <run_address>0x15b7a</run_address>
         <size>0x5e</size>
         <input_file_ref idref="fl-14b"/>
      </object_component>
      <object_component id="oc-e3">
         <name>.debug_info</name>
         <load_address>0x15bd8</load_address>
         <run_address>0x15bd8</run_address>
         <size>0x2a0</size>
         <input_file_ref idref="fl-14c"/>
      </object_component>
      <object_component id="oc-65">
         <name>.debug_info</name>
         <load_address>0x15e78</load_address>
         <run_address>0x15e78</run_address>
         <size>0x15a</size>
         <input_file_ref idref="fl-14c"/>
      </object_component>
      <object_component id="oc-12a">
         <name>.debug_info</name>
         <load_address>0x15fd2</load_address>
         <run_address>0x15fd2</run_address>
         <size>0x39</size>
         <input_file_ref idref="fl-14c"/>
      </object_component>
      <object_component id="oc-12f">
         <name>.debug_info</name>
         <load_address>0x1600b</load_address>
         <run_address>0x1600b</run_address>
         <size>0xcd</size>
         <input_file_ref idref="fl-14c"/>
      </object_component>
      <object_component id="oc-127">
         <name>.debug_info</name>
         <load_address>0x160d8</load_address>
         <run_address>0x160d8</run_address>
         <size>0x1c3</size>
         <input_file_ref idref="fl-14d"/>
      </object_component>
      <object_component id="oc-dd">
         <name>.debug_info</name>
         <load_address>0x1629b</load_address>
         <run_address>0x1629b</run_address>
         <size>0x166</size>
         <input_file_ref idref="fl-14d"/>
      </object_component>
      <object_component id="oc-181">
         <name>.debug_info</name>
         <load_address>0x16401</load_address>
         <run_address>0x16401</run_address>
         <size>0x2c</size>
         <input_file_ref idref="fl-14d"/>
      </object_component>
      <object_component id="oc-1f5">
         <name>.debug_info</name>
         <load_address>0x1642d</load_address>
         <run_address>0x1642d</run_address>
         <size>0x12a</size>
         <input_file_ref idref="fl-14e"/>
      </object_component>
      <object_component id="oc-32e">
         <name>.debug_info</name>
         <load_address>0x16557</load_address>
         <run_address>0x16557</run_address>
         <size>0xa7</size>
      </object_component>
      <object_component id="oc-1de">
         <name>.debug_line</name>
         <load_address>0x0</load_address>
         <run_address>0x0</run_address>
         <size>0x167</size>
         <input_file_ref idref="fl-2"/>
      </object_component>
      <object_component id="oc-e8">
         <name>.debug_line</name>
         <load_address>0x167</load_address>
         <run_address>0x167</run_address>
         <size>0x79</size>
         <input_file_ref idref="fl-2"/>
      </object_component>
      <object_component id="oc-2e2">
         <name>.debug_line</name>
         <load_address>0x1e0</load_address>
         <run_address>0x1e0</run_address>
         <size>0x46</size>
         <input_file_ref idref="fl-2"/>
      </object_component>
      <object_component id="oc-1e2">
         <name>.debug_line</name>
         <load_address>0x226</load_address>
         <run_address>0x226</run_address>
         <size>0x3d</size>
         <input_file_ref idref="fl-2"/>
      </object_component>
      <object_component id="oc-26d">
         <name>.debug_line</name>
         <load_address>0x263</load_address>
         <run_address>0x263</run_address>
         <size>0x37</size>
         <input_file_ref idref="fl-2"/>
      </object_component>
      <object_component id="oc-c1">
         <name>.debug_line</name>
         <load_address>0x29a</load_address>
         <run_address>0x29a</run_address>
         <size>0x20</size>
         <input_file_ref idref="fl-2"/>
      </object_component>
      <object_component id="oc-124">
         <name>.debug_line</name>
         <load_address>0x2ba</load_address>
         <run_address>0x2ba</run_address>
         <size>0x41</size>
         <input_file_ref idref="fl-2"/>
      </object_component>
      <object_component id="oc-c6">
         <name>.debug_line</name>
         <load_address>0x2fb</load_address>
         <run_address>0x2fb</run_address>
         <size>0x60</size>
         <input_file_ref idref="fl-2"/>
      </object_component>
      <object_component id="oc-1aa">
         <name>.debug_line</name>
         <load_address>0x35b</load_address>
         <run_address>0x35b</run_address>
         <size>0x60</size>
         <input_file_ref idref="fl-2"/>
      </object_component>
      <object_component id="oc-29d">
         <name>.debug_line</name>
         <load_address>0x3bb</load_address>
         <run_address>0x3bb</run_address>
         <size>0x4c</size>
         <input_file_ref idref="fl-2"/>
      </object_component>
      <object_component id="oc-bd">
         <name>.debug_line</name>
         <load_address>0x407</load_address>
         <run_address>0x407</run_address>
         <size>0x41</size>
         <input_file_ref idref="fl-3"/>
      </object_component>
      <object_component id="oc-37">
         <name>.debug_line</name>
         <load_address>0x448</load_address>
         <run_address>0x448</run_address>
         <size>0x41</size>
         <input_file_ref idref="fl-3"/>
      </object_component>
      <object_component id="oc-2f">
         <name>.debug_line</name>
         <load_address>0x489</load_address>
         <run_address>0x489</run_address>
         <size>0xa1</size>
         <input_file_ref idref="fl-3"/>
      </object_component>
      <object_component id="oc-1fc">
         <name>.debug_line</name>
         <load_address>0x52a</load_address>
         <run_address>0x52a</run_address>
         <size>0x20</size>
         <input_file_ref idref="fl-4"/>
      </object_component>
      <object_component id="oc-1f3">
         <name>.debug_line</name>
         <load_address>0x54a</load_address>
         <run_address>0x54a</run_address>
         <size>0x59</size>
         <input_file_ref idref="fl-4"/>
      </object_component>
      <object_component id="oc-1f1">
         <name>.debug_line</name>
         <load_address>0x5a3</load_address>
         <run_address>0x5a3</run_address>
         <size>0x59</size>
         <input_file_ref idref="fl-4"/>
      </object_component>
      <object_component id="oc-14a">
         <name>.debug_line</name>
         <load_address>0x5fc</load_address>
         <run_address>0x5fc</run_address>
         <size>0x2aa</size>
         <input_file_ref idref="fl-4"/>
      </object_component>
      <object_component id="oc-11f">
         <name>.debug_line</name>
         <load_address>0x8a6</load_address>
         <run_address>0x8a6</run_address>
         <size>0x20</size>
         <input_file_ref idref="fl-4"/>
      </object_component>
      <object_component id="oc-299">
         <name>.debug_line</name>
         <load_address>0x8c6</load_address>
         <run_address>0x8c6</run_address>
         <size>0x4d</size>
         <input_file_ref idref="fl-5"/>
      </object_component>
      <object_component id="oc-241">
         <name>.debug_line</name>
         <load_address>0x913</load_address>
         <run_address>0x913</run_address>
         <size>0x48</size>
         <input_file_ref idref="fl-5"/>
      </object_component>
      <object_component id="oc-1b7">
         <name>.debug_line</name>
         <load_address>0x95b</load_address>
         <run_address>0x95b</run_address>
         <size>0x178</size>
         <input_file_ref idref="fl-5"/>
      </object_component>
      <object_component id="oc-297">
         <name>.debug_line</name>
         <load_address>0xad3</load_address>
         <run_address>0xad3</run_address>
         <size>0x5a</size>
         <input_file_ref idref="fl-6"/>
      </object_component>
      <object_component id="oc-1d9">
         <name>.debug_line</name>
         <load_address>0xb2d</load_address>
         <run_address>0xb2d</run_address>
         <size>0x9c</size>
         <input_file_ref idref="fl-6"/>
      </object_component>
      <object_component id="oc-1af">
         <name>.debug_line</name>
         <load_address>0xbc9</load_address>
         <run_address>0xbc9</run_address>
         <size>0x1f0</size>
         <input_file_ref idref="fl-7"/>
      </object_component>
      <object_component id="oc-d6">
         <name>.debug_line</name>
         <load_address>0xdb9</load_address>
         <run_address>0xdb9</run_address>
         <size>0x60</size>
         <input_file_ref idref="fl-7"/>
      </object_component>
      <object_component id="oc-272">
         <name>.debug_line</name>
         <load_address>0xe19</load_address>
         <run_address>0xe19</run_address>
         <size>0x47</size>
         <input_file_ref idref="fl-8"/>
      </object_component>
      <object_component id="oc-270">
         <name>.debug_line</name>
         <load_address>0xe60</load_address>
         <run_address>0xe60</run_address>
         <size>0x3d</size>
         <input_file_ref idref="fl-8"/>
      </object_component>
      <object_component id="oc-1c0">
         <name>.debug_line</name>
         <load_address>0xe9d</load_address>
         <run_address>0xe9d</run_address>
         <size>0x21e</size>
         <input_file_ref idref="fl-8"/>
      </object_component>
      <object_component id="oc-23a">
         <name>.debug_line</name>
         <load_address>0x10bb</load_address>
         <run_address>0x10bb</run_address>
         <size>0x21f</size>
         <input_file_ref idref="fl-9"/>
      </object_component>
      <object_component id="oc-231">
         <name>.debug_line</name>
         <load_address>0x12da</load_address>
         <run_address>0x12da</run_address>
         <size>0x46</size>
         <input_file_ref idref="fl-9"/>
      </object_component>
      <object_component id="oc-154">
         <name>.debug_line</name>
         <load_address>0x1320</load_address>
         <run_address>0x1320</run_address>
         <size>0x251</size>
         <input_file_ref idref="fl-9"/>
      </object_component>
      <object_component id="oc-23d">
         <name>.debug_line</name>
         <load_address>0x1571</load_address>
         <run_address>0x1571</run_address>
         <size>0x46</size>
         <input_file_ref idref="fl-9"/>
      </object_component>
      <object_component id="oc-2a4">
         <name>.debug_line</name>
         <load_address>0x15b7</load_address>
         <run_address>0x15b7</run_address>
         <size>0x92</size>
         <input_file_ref idref="fl-a"/>
      </object_component>
      <object_component id="oc-206">
         <name>.debug_line</name>
         <load_address>0x1649</load_address>
         <run_address>0x1649</run_address>
         <size>0x62d</size>
         <input_file_ref idref="fl-a"/>
      </object_component>
      <object_component id="oc-291">
         <name>.debug_line</name>
         <load_address>0x1c76</load_address>
         <run_address>0x1c76</run_address>
         <size>0x94</size>
         <input_file_ref idref="fl-b"/>
      </object_component>
      <object_component id="oc-1ca">
         <name>.debug_line</name>
         <load_address>0x1d0a</load_address>
         <run_address>0x1d0a</run_address>
         <size>0xbe</size>
         <input_file_ref idref="fl-b"/>
      </object_component>
      <object_component id="oc-11b">
         <name>.debug_line</name>
         <load_address>0x1dc8</load_address>
         <run_address>0x1dc8</run_address>
         <size>0xeb</size>
         <input_file_ref idref="fl-d"/>
      </object_component>
      <object_component id="oc-31">
         <name>.debug_line</name>
         <load_address>0x1eb3</load_address>
         <run_address>0x1eb3</run_address>
         <size>0xb5</size>
         <input_file_ref idref="fl-d"/>
      </object_component>
      <object_component id="oc-305">
         <name>.debug_line</name>
         <load_address>0x1f68</load_address>
         <run_address>0x1f68</run_address>
         <size>0x147</size>
         <input_file_ref idref="fl-e"/>
      </object_component>
      <object_component id="oc-300">
         <name>.debug_line</name>
         <load_address>0x20af</load_address>
         <run_address>0x20af</run_address>
         <size>0x3a</size>
         <input_file_ref idref="fl-e"/>
      </object_component>
      <object_component id="oc-303">
         <name>.debug_line</name>
         <load_address>0x20e9</load_address>
         <run_address>0x20e9</run_address>
         <size>0x3a</size>
         <input_file_ref idref="fl-e"/>
      </object_component>
      <object_component id="oc-263">
         <name>.debug_line</name>
         <load_address>0x2123</load_address>
         <run_address>0x2123</run_address>
         <size>0x20c</size>
         <input_file_ref idref="fl-e"/>
      </object_component>
      <object_component id="oc-25e">
         <name>.debug_line</name>
         <load_address>0x232f</load_address>
         <run_address>0x232f</run_address>
         <size>0xb6</size>
         <input_file_ref idref="fl-f"/>
      </object_component>
      <object_component id="oc-1bb">
         <name>.debug_line</name>
         <load_address>0x23e5</load_address>
         <run_address>0x23e5</run_address>
         <size>0xf8</size>
         <input_file_ref idref="fl-f"/>
      </object_component>
      <object_component id="oc-295">
         <name>.debug_line</name>
         <load_address>0x24dd</load_address>
         <run_address>0x24dd</run_address>
         <size>0x68</size>
         <input_file_ref idref="fl-10"/>
      </object_component>
      <object_component id="oc-293">
         <name>.debug_line</name>
         <load_address>0x2545</load_address>
         <run_address>0x2545</run_address>
         <size>0x33</size>
         <input_file_ref idref="fl-10"/>
      </object_component>
      <object_component id="oc-1d3">
         <name>.debug_line</name>
         <load_address>0x2578</load_address>
         <run_address>0x2578</run_address>
         <size>0x287</size>
         <input_file_ref idref="fl-10"/>
      </object_component>
      <object_component id="oc-2e5">
         <name>.debug_line</name>
         <load_address>0x27ff</load_address>
         <run_address>0x27ff</run_address>
         <size>0xc1</size>
         <input_file_ref idref="fl-11"/>
      </object_component>
      <object_component id="oc-2de">
         <name>.debug_line</name>
         <load_address>0x28c0</load_address>
         <run_address>0x28c0</run_address>
         <size>0x37</size>
         <input_file_ref idref="fl-11"/>
      </object_component>
      <object_component id="oc-20f">
         <name>.debug_line</name>
         <load_address>0x28f7</load_address>
         <run_address>0x28f7</run_address>
         <size>0x40a</size>
         <input_file_ref idref="fl-11"/>
      </object_component>
      <object_component id="oc-1ec">
         <name>.debug_line</name>
         <load_address>0x2d01</load_address>
         <run_address>0x2d01</run_address>
         <size>0x5b</size>
         <input_file_ref idref="fl-17"/>
      </object_component>
[...]
         <name>EF_S8_t_DIO_InitSomePins</name>
         <value>0x675</value>
         <object_component_ref idref="oc-202"/>
      </symbol>
      <symbol id="sm-32e">
         <name>EF_S8_DIO_ClearPin</name>
         <value>0xb0d</value>
         <object_component_ref idref="oc-202"/>
      </symbol>
      <symbol id="sm-348">
         <name>EF_BOOLEAN_EEPROM_WriteNBytes</name>
         <value>0x3d3d</value>
         <object_component_ref idref="oc-1c5"/>
      </symbol>
      <symbol id="sm-349">
         <name>EF_BOOLEAN_EEPROM_Init</name>
         <value>0x3d25</value>
         <object_component_ref idref="oc-1c5"/>
      </symbol>
      <symbol id="sm-34a">
         <name>EF_BOOLEAN_EEPROM_ReadNBytes</name>
         <value>0x3d61</value>
         <object_component_ref idref="oc-1c5"/>
      </symbol>
      <symbol id="sm-34b">
         <name>EF_BOOLEAN_EEPROM_Erase</name>
         <value>0x3d8d</value>
         <object_component_ref idref="oc-1c5"/>
      </symbol>
      <symbol id="sm-364">
         <name>EF_void_Timer_SetISRCallBack</name>
         <value>0x3c57</value>
         <object_component_ref idref="oc-30"/>
      </symbol>
      <symbol id="sm-365">
         <name>EF_void_Timer_PORTinit</name>
         <value>0x3c05</value>
         <object_component_ref idref="oc-30"/>
      </symbol>
      <symbol id="sm-366">
         <name>EF_void_Timer_RemoveTimerISRCallBack</name>
         <value>0x3c67</value>
         <object_component_ref idref="oc-30"/>
      </symbol>
      <symbol id="sm-367">
         <name>Timer_W0_ISR</name>
         <value>0x3c6f</value>
         <object_component_ref idref="oc-30"/>
      </symbol>
      <symbol id="sm-3b2">
         <name>EF_u8_UART_WaitChar</name>
         <value>0x2b99</value>
         <object_component_ref idref="oc-25f"/>
      </symbol>
      <symbol id="sm-3b3">
         <name>EF_BOOLEAN_UART_GetChar</name>
         <value>0x29d9</value>
         <object_component_ref idref="oc-25f"/>
      </symbol>
      <symbol id="sm-3b4">
         <name>GPIO_SystCtlClock_Array</name>
         <value>0x46e8</value>
         <object_component_ref idref="oc-2cf"/>
      </symbol>
      <symbol id="sm-3b5">
         <name>UART_PinConfiguration_Array</name>
         <value>0x44d4</value>
         <object_component_ref idref="oc-2d8"/>
      </symbol>
      <symbol id="sm-3b6">
         <name>EF_BOOLEAN_UART_PutChar</name>
         <value>0x2b1d</value>
         <object_component_ref idref="oc-25f"/>
      </symbol>
      <symbol id="sm-3b7">
         <name>EF_BOOLEAN_UART_GetArrayByLength</name>
         <value>0x2abf</value>
         <object_component_ref idref="oc-25f"/>
      </symbol>
      <symbol id="sm-3b8">
         <name>EF_void_UART_Init</name>
         <value>0x2899</value>
         <object_component_ref idref="oc-25f"/>
      </symbol>
      <symbol id="sm-3b9">
         <name>EF_BOOLEAN_UART_GetArray</name>
         <value>0x2a53</value>
         <object_component_ref idref="oc-25f"/>
      </symbol>
      <symbol id="sm-3ba">
         <name>UART_SystCtlClock_Array</name>
         <value>0x4700</value>
         <object_component_ref idref="oc-2cf"/>
      </symbol>
      <symbol id="sm-3bb">
         <name>EF_void_UART_HextoASCII</name>
         <value>0x2c5d</value>
         <object_component_ref idref="oc-25f"/>
      </symbol>
      <symbol id="sm-3bc">
         <name>EF_void_UART_PutChar</name>
         <value>0x2bc1</value>
         <object_component_ref idref="oc-25f"/>
      </symbol>
      <symbol id="sm-3bd">
         <name>void_UART_Deinit</name>
         <value>0x2c49</value>
         <object_component_ref idref="oc-25f"/>
      </symbol>
      <symbol id="sm-3be">
         <name>EF_void_UART_SendArray</name>
         <value>0x2c01</value>
         <object_component_ref idref="oc-25f"/>
      </symbol>
      <symbol id="sm-3dc">
         <name>EF_u8_KeyPad_Scan</name>
         <value>0x35ad</value>
         <object_component_ref idref="oc-1b9"/>
      </symbol>
      <symbol id="sm-3dd">
         <name>EF_u8_KeyPad_GetKeyAfterReleasing</name>
         <value>0x369f</value>
         <object_component_ref idref="oc-1b9"/>
      </symbol>
      <symbol id="sm-3de">
         <name>EF_void_KeyPad_Init</name>
         <value>0x3549</value>
         <object_component_ref idref="oc-1b9"/>
      </symbol>
      <symbol id="sm-422">
         <name>EF_void_LCD_send_data</name>
         <value>0x20bf</value>
         <object_component_ref idref="oc-1ce"/>
      </symbol>
      <symbol id="sm-423">
         <name>EF_void_LCD_Clear_Screen</name>
         <value>0x22d3</value>
         <object_component_ref idref="oc-1ce"/>
      </symbol>
      <symbol id="sm-424">
         <name>EF_void_LCD_init</name>
         <value>0x1f3d</value>
         <object_component_ref idref="oc-1ce"/>
      </symbol>
      <symbol id="sm-425">
         <name>EF_void_LCD_send_command</name>
         <value>0x1fb1</value>
         <object_component_ref idref="oc-1ce"/>
      </symbol>
      <symbol id="sm-426">
         <name>EF_void_uploadCustomChar</name>
         <value>0x22e9</value>
         <object_component_ref idref="oc-1ce"/>
      </symbol>
      <symbol id="sm-427">
         <name>EF_void_LCD_goto</name>
         <value>0x21cd</value>
         <object_component_ref idref="oc-1ce"/>
      </symbol>
      <symbol id="sm-428">
         <name>itoa_Convert</name>
         <value>0x1e5d</value>
         <object_component_ref idref="oc-1ce"/>
      </symbol>
      <symbol id="sm-429">
         <name>EF_void_LCD_print_ByLength</name>
         <value>0x229f</value>
         <object_component_ref idref="oc-1ce"/>
      </symbol>
      <symbol id="sm-42a">
         <name>EF_void_LCD_print</name>
         <value>0x226f</value>
         <object_component_ref idref="oc-1ce"/>
      </symbol>
      <symbol id="sm-42b">
         <name>EF_void_LCD_print_NUM</name>
         <value>0x2201</value>
         <object_component_ref idref="oc-1ce"/>
      </symbol>
      <symbol id="sm-42c">
         <name>EF_void_LCD_HextoASCII</name>
         <value>0x2339</value>
         <object_component_ref idref="oc-1ce"/>
      </symbol>
      <symbol id="sm-494">
         <name>EF_u8_SLM025M_RedLedOn</name>
         <value>0x17f3</value>
         <object_component_ref idref="oc-20b"/>
      </symbol>
      <symbol id="sm-495">
         <name>EF_u8_SLM025M_UpdateAllKeys</name>
         <value>0x14e9</value>
         <object_component_ref idref="oc-20b"/>
      </symbol>
      <symbol id="sm-496">
         <name>uart_cfg</name>
         <value>0x20000240</value>
         <object_component_ref idref="oc-265"/>
      </symbol>
      <symbol id="sm-497">
         <name>EF_u8_SLM025M_WriteDataValue</name>
         <value>0x1611</value>
         <object_component_ref idref="oc-20b"/>
      </symbol>
      <symbol id="sm-498">
         <name>EF_u8_SLM025M_WriteDataBlock</name>
         <value>0x1565</value>
         <object_component_ref idref="oc-20b"/>
      </symbol>
      <symbol id="sm-499">
         <name>EF_u8_SLM025M_ReadDataValue</name>
         <value>0x1755</value>
         <object_component_ref idref="oc-20b"/>
      </symbol>
      <symbol id="sm-49a">
         <name>EF_u8_SLM025M_RedLedOff</name>
         <value>0x1851</value>
         <object_component_ref idref="oc-20b"/>
      </symbol>
      <symbol id="sm-49b">
         <name>EF_u8_SLM025M_GetCardNumber</name>
         <value>0x1311</value>
         <object_component_ref idref="oc-20b"/>
      </symbol>
      <symbol id="sm-49c">
         <name>EF_u8_SLM025M_IsCardExist</name>
         <value>0x13b7</value>
         <object_component_ref idref="oc-20b"/>
      </symbol>
      <symbol id="sm-49d">
         <name>EF_u8_SLM025M_UpdateMasterKey</name>
         <value>0x145f</value>
         <object_component_ref idref="oc-20b"/>
      </symbol>
      <symbol id="sm-49e">
         <name>EF_u8_SLM025M_LoginSector</name>
         <value>0x13c5</value>
         <object_component_ref idref="oc-20b"/>
      </symbol>
      <symbol id="sm-49f">
         <name>EF_void_SLM025M_Init</name>
         <value>0x12f1</value>
         <object_component_ref idref="oc-20b"/>
      </symbol>
      <symbol id="sm-4a0">
         <name>EF_u8_SLM025M_ReadDataBlock</name>
         <value>0x16b7</value>
         <object_component_ref idref="oc-20b"/>
      </symbol>
      <symbol id="sm-513">
         <name>UARTCharPutNonBlocking</name>
         <value>0x4429</value>
         <object_component_ref idref="oc-2c3"/>
      </symbol>
      <symbol id="sm-514">
         <name>UARTConfigSetExpClk</name>
         <value>0x41bd</value>
         <object_component_ref idref="oc-2a5"/>
      </symbol>
      <symbol id="sm-515">
         <name>UARTDisable</name>
         <value>0x4341</value>
         <object_component_ref idref="oc-2ec"/>
      </symbol>
      <symbol id="sm-516">
         <name>UARTIntEnable</name>
         <value>0x44a7</value>
         <object_component_ref idref="oc-2ab"/>
      </symbol>
      <symbol id="sm-517">
         <name>UARTCharsAvail</name>
         <value>0x4451</value>
         <object_component_ref idref="oc-2b1"/>
      </symbol>
      <symbol id="sm-518">
         <name>UARTCharGetNonBlocking</name>
         <value>0x441b</value>
         <object_component_ref idref="oc-2b7"/>
      </symbol>
      <symbol id="sm-519">
         <name>UARTClockSourceSet</name>
         <value>0x44c1</value>
         <object_component_ref idref="oc-13a"/>
      </symbol>
      <symbol id="sm-51a">
         <name>UARTCharPut</name>
         <value>0x4495</value>
         <object_component_ref idref="oc-2d2"/>
      </symbol>
      <symbol id="sm-51b">
         <name>UARTEnable</name>
         <value>0x438d</value>
         <object_component_ref idref="oc-2f2"/>
      </symbol>
      <symbol id="sm-51c">
         <name>UARTSpaceAvail</name>
         <value>0x445d</value>
         <object_component_ref idref="oc-2bd"/>
      </symbol>
      <symbol id="sm-51d">
         <name>UARTCharGet</name>
         <value>0x448b</value>
         <object_component_ref idref="oc-2c9"/>
      </symbol>
      <symbol id="sm-558">
         <name>TimerLoadSet</name>
         <value>0x43d9</value>
         <object_component_ref idref="oc-94"/>
      </symbol>
      <symbol id="sm-559">
         <name>TimerEnable</name>
         <value>0x440d</value>
         <object_component_ref idref="oc-ac"/>
      </symbol>
      <symbol id="sm-55a">
         <name>TimerPrescaleSet</name>
         <value>0x43eb</value>
         <object_component_ref idref="oc-88"/>
      </symbol>
      <symbol id="sm-55b">
         <name>TimerIntEnable</name>
         <value>0x449f</value>
         <object_component_ref idref="oc-9a"/>
      </symbol>
      <symbol id="sm-55c">
         <name>TimerConfigure</name>
         <value>0x3f55</value>
         <object_component_ref idref="oc-82"/>
      </symbol>
      <symbol id="sm-55d">
         <name>TimerIntClear</name>
         <value>0x44cd</value>
         <object_component_ref idref="oc-b2"/>
      </symbol>
      <symbol id="sm-5c6">
         <name>SysCtlClockSet</name>
         <value>0x391d</value>
         <object_component_ref idref="oc-14c"/>
      </symbol>
      <symbol id="sm-5c7">
         <name>SysCtlDelay</name>
         <value>0x44bb</value>
         <object_component_ref idref="oc-81"/>
      </symbol>
      <symbol id="sm-5c8">
         <name>SysCtlPeripheralEnable</name>
         <value>0x42ad</value>
         <object_component_ref idref="oc-7b"/>
      </symbol>
      <symbol id="sm-5c9">
         <name>SysCtlClockGet</name>
         <value>0x3805</value>
         <object_component_ref idref="oc-8e"/>
      </symbol>
      <symbol id="sm-5ca">
         <name>SysCtlPeripheralReset</name>
         <value>0x4005</value>
         <object_component_ref idref="oc-279"/>
      </symbol>
      <symbol id="sm-5f9">
         <name>IntEnable</name>
         <value>0x3ef5</value>
         <object_component_ref idref="oc-a0"/>
      </symbol>
      <symbol id="sm-5fa">
         <name>IntMasterEnable</name>
         <value>0x4481</value>
         <object_component_ref idref="oc-a6"/>
      </symbol>
      <symbol id="sm-652">
         <name>GPIOPinConfigure</name>
         <value>0x40f1</value>
         <object_component_ref idref="oc-134"/>
      </symbol>
      <symbol id="sm-653">
         <name>GPIOPinTypeGPIOInput</name>
         <value>0x43b5</value>
         <object_component_ref idref="oc-249"/>
      </symbol>
      <symbol id="sm-654">
         <name>GPIOPinTypeUART</name>
         <value>0x43c7</value>
         <object_component_ref idref="oc-140"/>
      </symbol>
      <symbol id="sm-655">
         <name>GPIOPinTypeGPIOOutput</name>
         <value>0x435d</value>
         <object_component_ref idref="oc-243"/>
      </symbol>
      <symbol id="sm-656">
         <name>GPIOPinRead</name>
         <value>0x44af</value>
         <object_component_ref idref="oc-255"/>
      </symbol>
      <symbol id="sm-657">
         <name>GPIODirModeSet</name>
         <value>0x4315</value>
         <object_component_ref idref="oc-18d"/>
      </symbol>
      <symbol id="sm-658">
         <name>GPIOPinWrite</name>
         <value>0x44b5</value>
         <object_component_ref idref="oc-24f"/>
      </symbol>
      <symbol id="sm-659">
         <name>GPIOPadConfigSet</name>
         <value>0x36d5</value>
         <object_component_ref idref="oc-193"/>
      </symbol>
      <symbol id="sm-6e4">
         <name>EEPROMMassErase</name>
         <value>0x3fb1</value>
         <object_component_ref idref="oc-228"/>
      </symbol>
      <symbol id="sm-6e5">
         <name>EEPROMRead</name>
         <value>0x4279</value>
         <object_component_ref idref="oc-222"/>
      </symbol>
      <symbol id="sm-6e6">
         <name>EEPROMProgram</name>
         <value>0x3a0d</value>
         <object_component_ref idref="oc-21c"/>
      </symbol>
      <symbol id="sm-6e7">
         <name>EEPROMInit</name>
         <value>0x417d</value>
         <object_component_ref idref="oc-216"/>
      </symbol>
      <symbol id="sm-6f1">
         <name>CPUcpsie</name>
         <value>0x4445</value>
         <object_component_ref idref="oc-10c"/>
      </symbol>
      <symbol id="sm-703">
         <name>_c_int00</name>
         <value>0x4055</value>
         <object_component_ref idref="oc-24"/>
      </symbol>
      <symbol id="sm-704">
         <name>__stack</name>
         <value>0x20000000</value>
         <object_component_ref idref="oc-29"/>
      </symbol>
      <symbol id="sm-71b">
         <name>__TI_decompress_none</name>
         <value>0x4437</value>
         <object_component_ref idref="oc-12"/>
      </symbol>
      <symbol id="sm-73e">
         <name>__TI_decompress_rle24</name>
         <value>0x44c7</value>
         <object_component_ref idref="oc-18"/>
      </symbol>
      <symbol id="sm-750">
         <name>__TI_zero_init</name>
         <value>0x4469</value>
         <object_component_ref idref="oc-1e"/>
      </symbol>
      <symbol id="sm-76f">
         <name>C$$EXIT</name>
         <value>0x4139</value>
         <object_component_ref idref="oc-70"/>
      </symbol>
      <symbol id="sm-770">
         <name>abort</name>
         <value>0x413d</value>
         <object_component_ref idref="oc-70"/>
      </symbol>
      <symbol id="sm-771">
         <name>exit</name>
         <value>0x4145</value>
         <object_component_ref idref="oc-70"/>
      </symbol>
      <symbol id="sm-772">
         <name>__TI_dtors_ptr</name>
         <value>0x2000025c</value>
         <object_component_ref idref="oc-ef"/>
      </symbol>
      <symbol id="sm-773">
         <name>__TI_cleanup_ptr</name>
         <value>0x20000258</value>
         <object_component_ref idref="oc-ef"/>
      </symbol>
      <symbol id="sm-78e">
         <name>memcpy</name>
         <value>0x3ad1</value>
         <object_component_ref idref="oc-39"/>
      </symbol>
      <symbol id="sm-78f">
         <name>__aeabi_memcpy</name>
         <value>0x3ad1</value>
         <object_component_ref idref="oc-39"/>
      </symbol>
      <symbol id="sm-790">
         <name>__aeabi_memcpy8</name>
         <value>0x3ad1</value>
         <object_component_ref idref="oc-39"/>
      </symbol>
      <symbol id="sm-791">
         <name>__aeabi_memcpy4</name>
         <value>0x3ad1</value>
         <object_component_ref idref="oc-39"/>
      </symbol>
      <symbol id="sm-7a0">
         <name>__aeabi_memset</name>
         <value>0x3da3</value>
         <object_component_ref idref="oc-52"/>
      </symbol>
      <symbol id="sm-7a1">
         <name>memset</name>
         <value>0x3da9</value>
         <object_component_ref idref="oc-52"/>
      </symbol>
      <symbol id="sm-7a2">
         <name>__aeabi_memset8</name>
         <value>0x3da3</value>
         <object_component_ref idref="oc-52"/>
      </symbol>
      <symbol id="sm-7a3">
         <name>__aeabi_memset4</name>
         <value>0x3da3</value>
         <object_component_ref idref="oc-52"/>
      </symbol>
      <symbol id="sm-7a4">
         <name>__aeabi_memclr8</name>
         <value>0x3da1</value>
         <object_component_ref idref="oc-52"/>
      </symbol>
      <symbol id="sm-7a5">
         <name>__aeabi_memclr4</name>
         <value>0x3da1</value>
         <object_component_ref idref="oc-52"/>
      </symbol>
      <symbol id="sm-7a6">
         <name>__aeabi_memclr</name>
         <value>0x3da1</value>
         <object_component_ref idref="oc-52"/>
      </symbol>
      <symbol id="sm-7b0">
         <name>_system_pre_init</name>
         <value>0x44d1</value>
         <object_component_ref idref="oc-5e"/>
      </symbol>
      <symbol id="sm-7b8">
         <name>main_func_sp</name>
         <value>0x20000268</value>
         <object_component_ref idref="oc-76"/>
      </symbol>
      <symbol id="sm-7ca">
         <name>__aeabi_uidivmod</name>
         <value>0x41fd</value>
         <object_component_ref idref="oc-1a0"/>
      </symbol>
      <symbol id="sm-7cb">
         <name>__aeabi_uidiv</name>
         <value>0x41fd</value>
         <object_component_ref idref="oc-1a0"/>
      </symbol>
      <symbol id="sm-7e4">
         <name>_nop</name>
         <value>0x43af</value>
         <object_component_ref idref="oc-161"/>
      </symbol>
      <symbol id="sm-7e5">
         <name>_lock</name>
         <value>0x20000250</value>
         <object_component_ref idref="oc-ec"/>
      </symbol>
      <symbol id="sm-7e6">
         <name>_unlock</name>
         <value>0x20000254</value>
         <object_component_ref idref="oc-ec"/>
      </symbol>
      <symbol id="sm-7e7">
         <name>_register_lock</name>
         <value>0x43a7</value>
         <object_component_ref idref="oc-161"/>
      </symbol>
      <symbol id="sm-7e8">
         <name>_register_unlock</name>
         <value>0x43a1</value>
         <object_component_ref idref="oc-161"/>
      </symbol>
      <symbol id="sm-7fd">
         <name>_args_main</name>
         <value>0x4375</value>
         <object_component_ref idref="oc-6a"/>
      </symbol>
      <symbol id="sm-823">
         <name>__TI_auto_init</name>
         <value>0x3e1d</value>
         <object_component_ref idref="oc-64"/>
      </symbol>
      <symbol id="sm-83d">
         <name>copy_in</name>
         <value>0x40a5</value>
         <object_component_ref idref="oc-dc"/>
      </symbol>
      <symbol id="sm-847">
         <name>__aeabi_idiv0</name>
         <value>0x18af</value>
         <object_component_ref idref="oc-1f4"/>
      </symbol>
      <symbol id="sm-848">
         <name>__TI_static_base__</name>
         <value>0x0</value>
      </symbol>
      <symbol id="sm-84b">
         <name>SHT$$INIT_ARRAY$$Limit</name>
         <value>0x0</value>
      </symbol>
      <symbol id="sm-84c">
         <name>SHT$$INIT_ARRAY$$Base</name>
         <value>0x0</value>
      </symbol>
   </symbol_table>
   <title>Link successful</title>
</link_info>
