******************************************************************************
                  TI ARM Linker PC v5.2.3                      
******************************************************************************
>> Linked Sun Jul 17 13:09:36 2016

OUTPUT FILE NAME:   <RFID_Tiva.out>
ENTRY POINT SYMBOL: "_c_int00"  address: 000031c1


MEMORY CONFIGURATION

         name            origin    length      used     unused   attr    fill
----------------------  --------  ---------  --------  --------  ----  --------
  FLASH                 00000000   00040000  0000381e  0003c7e2  R  X
  SRAM                  20000000   00008000  0000028c  00007d74  RW X


SEGMENT ALLOCATION MAP

run origin  load origin   length   init length attrs members
----------  ----------- ---------- ----------- ----- -------
00000000    00000000    00003820   00003820    r-x
  00000000    00000000    0000026c   0000026c    r-- .intvecs
  0000026c    0000026c    000032e0   000032e0    r-x .text
  0000354c    0000354c    00000272   00000272    r-- .const
  000037c0    000037c0    00000060   00000060    r-- .cinit
20000000    20000000    0000028c   00000000    rw-
  20000000    20000000    00000200   00000000    rw- .stack
  20000200    20000200    0000004c   00000000    rw- .data
  2000024c    2000024c    00000040   00000000    rw- .bss


SECTION ALLOCATION MAP

 output                                  attributes/
section   page    origin      length       input sections
--------  ----  ----------  ----------   ----------------
.intvecs   0    00000000    0000026c     
                  00000000    0000026c     tm4c123gh6pm_startup_ccs.obj (.intvecs)

.text      0    0000026c    000032e0     
                  0000026c    00000e28     EF_TIVA_DIO.obj (.text)
                  00001094    0000081a     EF_SLM025M.obj (.text)
                  000018ae    00000002     rtsv7M4_T_le_v4SPD16_eabi.lib : i_div0.obj (.text)
                  000018b0    000004dc     uartstdio.obj (.text)
                  00001d8c    00000450     EF_TIVA_uart.obj (.text)
                  000021dc    000003a0     main.obj (.text)
                  0000257c    00000310     EF_RFID.obj (.text)
                  0000288c    00000230     EF_SpechialTIMER.obj (.text)
                  00002abc    00000130     driverlib.lib : gpio.obj (.text:GPIOPadConfigSet)
                  00002bec    00000118                   : sysctl.obj (.text:SysCtlClockGet)
                  00002d04    000000f0                   : sysctl.obj (.text:SysCtlClockSet)
                  00002df4    0000009c     rtsv7M4_T_le_v4SPD16_eabi.lib : memcpy_t2.obj (.text)
                  00002e90    00000094     EF_TIVA_Timer.obj (.text)
                  00002f24    0000008c     std_types.obj (.text)
                  00002fb0    0000007a     rtsv7M4_T_le_v4SPD16_eabi.lib : memset_t2.obj (.text)
                  0000302a    00000002     --HOLE-- [fill = 0]
                  0000302c    0000006c                                   : autoinit.obj (.text)
                  00003098    0000006a                                   : copy_decompress_rle.obj (.text)
                  00003102    00000002     --HOLE-- [fill = 0]
                  00003104    00000060     driverlib.lib : interrupt.obj (.text:IntEnable)
                  00003164    0000005c                   : timer.obj (.text:TimerConfigure)
                  000031c0    00000050     rtsv7M4_T_le_v4SPD16_eabi.lib : boot.obj (.text)
                  00003210    0000004c                                   : cpy_tbl.obj (.text)
                  0000325c    00000048     driverlib.lib : gpio.obj (.text:GPIOPinConfigure)
                  000032a4    00000044     rtsv7M4_T_le_v4SPD16_eabi.lib : exit.obj (.text)
                  000032e8    00000040     driverlib.lib : uart.obj (.text:UARTConfigSetExpClk)
                  00003328    00000040     rtsv7M4_T_le_v4SPD16_eabi.lib : u_divt2.obj (.text)
                  00003368    00000034     driverlib.lib : sysctl.obj (.text:SysCtlPeripheralEnable)
                  0000339c    0000002a                   : gpio.obj (.text:GPIODirModeSet)
                  000033c6    00000002     --HOLE-- [fill = 0]
                  000033c8    0000001c                   : uart.obj (.text:UARTDisable)
                  000033e4    00000018                   : gpio.obj (.text:GPIOPinTypeGPIOOutput)
                  000033fc    00000018     rtsv7M4_T_le_v4SPD16_eabi.lib : args_main.obj (.text)
                  00003414    00000014     driverlib.lib : uart.obj (.text:UARTEnable)
                  00003428    00000014     rtsv7M4_T_le_v4SPD16_eabi.lib : _lock.obj (.text)
                  0000343c    00000012     driverlib.lib : gpio.obj (.text:GPIOPinTypeGPIOInput)
                  0000344e    00000012                   : gpio.obj (.text:GPIOPinTypeUART)
                  00003460    00000012                   : timer.obj (.text:TimerLoadSet)
                  00003472    00000012                   : timer.obj (.text:TimerPrescaleSet)
                  00003484    0000000e                   : timer.obj (.text:TimerEnable)
                  00003492    0000000e                   : uart.obj (.text:UARTCharGetNonBlocking)
                  000034a0    0000000e                   : uart.obj (.text:UARTCharPutNonBlocking)
                  000034ae    0000000e     rtsv7M4_T_le_v4SPD16_eabi.lib : copy_decompress_none.obj (.text:decompress:none)
                  000034bc    0000000c     driverlib.lib : cpu.obj (.text:CPUcpsie)
                  000034c8    0000000c                   : uart.obj (.text:UARTCharsAvail)
                  000034d4    0000000c                   : uart.obj (.text:UARTSpaceAvail)
                  000034e0    0000000c     rtsv7M4_T_le_v4SPD16_eabi.lib : copy_zero_init.obj (.text:decompress:ZI)
                  000034ec    0000000c     tm4c123gh6pm_startup_ccs.obj (.text)
                  000034f8    0000000a     driverlib.lib : interrupt.obj (.text:IntMasterEnable)
                  00003502    0000000a                   : uart.obj (.text:UARTCharGet)
                  0000350c    0000000a                   : uart.obj (.text:UARTCharPut)
                  00003516    00000008                   : timer.obj (.text:TimerIntEnable)
                  0000351e    00000008                   : uart.obj (.text:UARTIntEnable)
                  00003526    00000006                   : gpio.obj (.text:GPIOPinRead)
                  0000352c    00000006                   : gpio.obj (.text:GPIOPinWrite)
                  00003532    00000006                   : sysctl.obj (.text:SysCtlDelay)
                  00003538    00000006                   : uart.obj (.text:UARTClockSourceSet)
                  0000353e    00000006     rtsv7M4_T_le_v4SPD16_eabi.lib : copy_decompress_rle.obj (.text:decompress:rle24)
                  00003544    00000004     driverlib.lib : timer.obj (.text:TimerIntClear)
                  00003548    00000004     rtsv7M4_T_le_v4SPD16_eabi.lib : pre_init.obj (.text)

.const     0    0000354c    00000272     
                  0000354c    000000a8     EF_TIVA_uart.obj (.const:UART_PinConfiguration_Array)
                  000035f4    00000090     driverlib.lib : gpio.obj (.const:g_pui32GPIOBaseAddrs)
                  00003684    00000070                   : interrupt.obj (.const)
                  000036f4    0000006c                   : sysctl.obj (.const:g_pui32Xtals)
                  00003760    00000030     EF_TIVA_uart.obj (.const)
                  00003790    0000001c     uartstdio.obj (.const)
                  000037ac    00000012     uartstdio.obj (.const:.string)

.cinit     0    000037c0    00000060     
                  000037c0    0000003b     (.cinit..data.load) [load image, compression = rle]
                  000037fb    00000001     --HOLE-- [fill = 0]
                  000037fc    0000000c     (__TI_handler_table)
                  00003808    00000008     (.cinit..bss.load) [load image, compression = zero_init]
                  00003810    00000010     (__TI_cinit_table)

.init_array 
*          0    00000000    00000000     UNINITIALIZED

.stack     0    20000000    00000200     UNINITIALIZED
                  20000000    00000200     --HOLE--

.data      0    20000200    0000004c     UNINITIALIZED
                  20000200    0000001e     EF_RFID.obj (.data)
                  2000021e    00000002     --HOLE--
                  20000220    00000010     EF_SLM025M.obj (.data)
                  20000230    00000008     rtsv7M4_T_le_v4SPD16_eabi.lib : _lock.obj (.data)
                  20000238    00000008                                   : exit.obj (.data)
                  20000240    00000005     uartstdio.obj (.data)
                  20000245    00000003     --HOLE--
                  20000248    00000004     rtsv7M4_T_le_v4SPD16_eabi.lib : stkdepth_vars.obj (.data)

.bss       0    2000024c    00000040     UNINITIALIZED
                  2000024c    0000003c     EF_SpechialTIMER.obj (.bss:timers_list)
                  20000288    00000004     (.common:voidFuncPtr)

.TI.persistent 
*          0    20000200    00000000     UNINITIALIZED

.TI.noinit 
*          0    2000024c    00000000     UNINITIALIZED


LINKER GENERATED COPY TABLES

__TI_cinit_table @ 00003810 records: 2, size/record: 8, table size: 16
	.data: load addr=000037c0, load size=0000003b bytes, run addr=20000200, run size=0000004c bytes, compression=rle
	.bss: load addr=00003808, load size=00000008 bytes, run addr=2000024c, run size=00000040 bytes, compression=zero_init


LINKER GENERATED HANDLER TABLE

__TI_handler_table @ 000037fc records: 3, size/record: 4, table size: 12
	index: 0, handler: __TI_decompress_rle24
	index: 1, handler: __TI_decompress_none
	index: 2, handler: __TI_zero_init


GLOBAL SYMBOLS: SORTED ALPHABETICALLY BY Name 

address   name                                
-------   ----                                
000032a5  C$$EXIT                             
000034bd  CPUcpsie                            
00002f67  EF_ArrayCopy                        
0000257d  EF_BOOLEAN_RFID_Init                
00002a09  EF_BOOLEAN_TimerCheck               
00001f47  EF_BOOLEAN_UART_GetArray            
00001fb3  EF_BOOLEAN_UART_GetArrayByLength    
00001ecd  EF_BOOLEAN_UART_GetChar             
00002011  EF_BOOLEAN_UART_PutChar             
00000905  EF_S16_DIO_ReadPort                 
00000f2b  EF_S8_DIO_CheckPin                  
00000b0d  EF_S8_DIO_ClearPin                  
00000c9b  EF_S8_DIO_ClearPort                 
0000026d  EF_S8_DIO_InitPort                  
000009e9  EF_S8_DIO_SetPin                    
00000bf7  EF_S8_DIO_SetPort                   
00000d4d  EF_S8_DIO_TogglePin                 
00000851  EF_S8_DIO_WritePort                 
00000409  EF_S8_t_DIO_InitPin                 
00000675  EF_S8_t_DIO_InitSomePins            
0000276d  EF_u8_RFID_AddUserBalance           
000025d9  EF_u8_RFID_GetCardNumber            
000026cd  EF_u8_RFID_GetUserBalance           
000025a9  EF_u8_RFID_IsCardExist              
00002617  EF_u8_RFID_PrepareCard              
000027eb  EF_u8_RFID_SubtractUserBalance      
0000271b  EF_u8_RFID_UpdateUserBalance        
00001311  EF_u8_SLM025M_GetCardNumber         
000013b7  EF_u8_SLM025M_IsCardExist           
000013c5  EF_u8_SLM025M_LoginSector           
000016b7  EF_u8_SLM025M_ReadDataBlock         
00001755  EF_u8_SLM025M_ReadDataValue         
00001851  EF_u8_SLM025M_RedLedOff             
000017f3  EF_u8_SLM025M_RedLedOn              
000014e9  EF_u8_SLM025M_UpdateAllKeys         
0000145f  EF_u8_SLM025M_UpdateMasterKey       
00001565  EF_u8_SLM025M_WriteDataBlock        
00001611  EF_u8_SLM025M_WriteDataValue        
0000208d  EF_u8_UART_WaitChar                 
000012f1  EF_void_SLM025M_Init                
00002917  EF_void_TimerCreate                 
00002895  EF_void_TimerDelete                 
000028e1  EF_void_TimerInit                   
00002a8d  EF_void_TimerReset                  
00002a45  EF_void_TimerStart                  
00002a71  EF_void_TimerStop                   
00002e91  EF_void_Timer_PORTinit              
00002ef3  EF_void_Timer_RemoveTimerISRCallBack
00002ee3  EF_void_Timer_SetISRCallBack        
00002979  EF_void_TimersUpdate                
00002151  EF_void_UART_HextoASCII             
00001d8d  EF_void_UART_Init                   
000020b5  EF_void_UART_PutChar                
000020f5  EF_void_UART_SendArray              
0000339d  GPIODirModeSet                      
00002abd  GPIOPadConfigSet                    
0000325d  GPIOPinConfigure                    
00003527  GPIOPinRead                         
0000343d  GPIOPinTypeGPIOInput                
000033e5  GPIOPinTypeGPIOOutput               
0000344f  GPIOPinTypeUART                     
0000352d  GPIOPinWrite                        
00003760  GPIO_SystCtlClock_Array             
00003105  IntEnable                           
000034f9  IntMasterEnable                     
000034ed  ResetISR                            
UNDEFED   SHT$$INIT_ARRAY$$Base               
UNDEFED   SHT$$INIT_ARRAY$$Limit              
20000218  SL025_DefaultKey                    
2000020c  SL025_LockedKeyA                    
20000212  SL025_LockedKeyB                    
20000200  SL025_WorkedKeyA                    
20000206  SL025_WorkedKeyB                    
00002bed  SysCtlClockGet                      
00002d05  SysCtlClockSet                      
00003533  SysCtlDelay                         
00003369  SysCtlPeripheralEnable              
00003165  TimerConfigure                      
00003485  TimerEnable                         
00003545  TimerIntClear                       
00003517  TimerIntEnable                      
00003461  TimerLoadSet                        
00003473  TimerPrescaleSet                    
00002efb  Timer_W0_ISR                        
00003503  UARTCharGet                         
00003493  UARTCharGetNonBlocking              
0000350d  UARTCharPut                         
000034a1  UARTCharPutNonBlocking              
000034c9  UARTCharsAvail                      
00003539  UARTClockSourceSet                  
000032e9  UARTConfigSetExpClk                 
000033c9  UARTDisable                         
00003415  UARTEnable                          
0000351f  UARTIntEnable                       
000034d5  UARTSpaceAvail                      
000018b1  UARTStdioConfig                     
0000354c  UART_PinConfiguration_Array         
00003778  UART_SystCtlClock_Array             
00001a29  UARTgetc                            
00001963  UARTgets                            
00001d57  UARTprintf                          
00001a5d  UARTvprintf                         
00001911  UARTwrite                           
20000200  __STACK_END                         
00000200  __STACK_SIZE                        
20000200  __STACK_TOP                         
00003810  __TI_CINIT_Base                     
00003820  __TI_CINIT_Limit                    
000037fc  __TI_Handler_Table_Base             
00003808  __TI_Handler_Table_Limit            
0000302d  __TI_auto_init                      
20000238  __TI_cleanup_ptr                    
000034af  __TI_decompress_none                
0000353f  __TI_decompress_rle24               
2000023c  __TI_dtors_ptr                      
00000000  __TI_static_base__                  
000034e1  __TI_zero_init                      
000018af  __aeabi_idiv0                       
00002fb1  __aeabi_memclr                      
00002fb1  __aeabi_memclr4                     
00002fb1  __aeabi_memclr8                     
00002df5  __aeabi_memcpy                      
00002df5  __aeabi_memcpy4                     
00002df5  __aeabi_memcpy8                     
00002fb3  __aeabi_memset                      
00002fb3  __aeabi_memset4                     
00002fb3  __aeabi_memset8                     
00003329  __aeabi_uidiv                       
00003329  __aeabi_uidivmod                    
ffffffff  __binit__                           
ffffffff  __c_args__                          
20000000  __stack                             
000033fd  _args_main                          
000031c1  _c_int00                            
00002f25  _delay_ms                           
00002f47  _delay_us                           
20000230  _lock                               
00003437  _nop                                
0000342f  _register_lock                      
00003429  _register_unlock                    
00003549  _system_pre_init                    
20000234  _unlock                             
000032a9  abort                               
ffffffff  binit                               
00003211  copy_in                             
000032b1  exit                                
00000000  g_pfnVectors                        
00002231  main                                
20000248  main_func_sp                        
00002df5  memcpy                              
00002fb9  memset                              
20000220  uart_cfg                            
0000213d  void_UART_Deinit                    


GLOBAL SYMBOLS: SORTED BY Symbol Address 

address   name                                
-------   ----                                
00000000  __TI_static_base__                  
00000000  g_pfnVectors                        
00000200  __STACK_SIZE                        
0000026d  EF_S8_DIO_InitPort                  
00000409  EF_S8_t_DIO_InitPin                 
00000675  EF_S8_t_DIO_InitSomePins            
00000851  EF_S8_DIO_WritePort                 
00000905  EF_S16_DIO_ReadPort                 
000009e9  EF_S8_DIO_SetPin                    
00000b0d  EF_S8_DIO_ClearPin                  
00000bf7  EF_S8_DIO_SetPort                   
00000c9b  EF_S8_DIO_ClearPort                 
00000d4d  EF_S8_DIO_TogglePin                 
00000f2b  EF_S8_DIO_CheckPin                  
000012f1  EF_void_SLM025M_Init                
00001311  EF_u8_SLM025M_GetCardNumber         
000013b7  EF_u8_SLM025M_IsCardExist           
000013c5  EF_u8_SLM025M_LoginSector           
0000145f  EF_u8_SLM025M_UpdateMasterKey       
000014e9  EF_u8_SLM025M_UpdateAllKeys         
00001565  EF_u8_SLM025M_WriteDataBlock        
00001611  EF_u8_SLM025M_WriteDataValue        
000016b7  EF_u8_SLM025M_ReadDataBlock         
00001755  EF_u8_SLM025M_ReadDataValue         
000017f3  EF_u8_SLM025M_RedLedOn              
00001851  EF_u8_SLM025M_RedLedOff             
000018af  __aeabi_idiv0                       
000018b1  UARTStdioConfig                     
00001911  UARTwrite                           
00001963  UARTgets                            
00001a29  UARTgetc                            
00001a5d  UARTvprintf                         
00001d57  UARTprintf                          
00001d8d  EF_void_UART_Init                   
00001ecd  EF_BOOLEAN_UART_GetChar             
00001f47  EF_BOOLEAN_UART_GetArray            
00001fb3  EF_BOOLEAN_UART_GetArrayByLength    
00002011  EF_BOOLEAN_UART_PutChar             
0000208d  EF_u8_UART_WaitChar                 
000020b5  EF_void_UART_PutChar                
000020f5  EF_void_UART_SendArray              
0000213d  void_UART_Deinit                    
00002151  EF_void_UART_HextoASCII             
00002231  main                                
0000257d  EF_BOOLEAN_RFID_Init                
000025a9  EF_u8_RFID_IsCardExist              
000025d9  EF_u8_RFID_GetCardNumber            
00002617  EF_u8_RFID_PrepareCard              
000026cd  EF_u8_RFID_GetUserBalance           
0000271b  EF_u8_RFID_UpdateUserBalance        
0000276d  EF_u8_RFID_AddUserBalance           
000027eb  EF_u8_RFID_SubtractUserBalance      
00002895  EF_void_TimerDelete                 
000028e1  EF_void_TimerInit                   
00002917  EF_void_TimerCreate                 
00002979  EF_void_TimersUpdate                
00002a09  EF_BOOLEAN_TimerCheck               
00002a45  EF_void_TimerStart                  
00002a71  EF_void_TimerStop                   
00002a8d  EF_void_TimerReset                  
00002abd  GPIOPadConfigSet                    
00002bed  SysCtlClockGet                      
00002d05  SysCtlClockSet                      
00002df5  __aeabi_memcpy                      
00002df5  __aeabi_memcpy4                     
00002df5  __aeabi_memcpy8                     
00002df5  memcpy                              
00002e91  EF_void_Timer_PORTinit              
00002ee3  EF_void_Timer_SetISRCallBack        
00002ef3  EF_void_Timer_RemoveTimerISRCallBack
00002efb  Timer_W0_ISR                        
00002f25  _delay_ms                           
00002f47  _delay_us                           
00002f67  EF_ArrayCopy                        
00002fb1  __aeabi_memclr                      
00002fb1  __aeabi_memclr4                     
00002fb1  __aeabi_memclr8                     
00002fb3  __aeabi_memset                      
00002fb3  __aeabi_memset4                     
00002fb3  __aeabi_memset8                     
00002fb9  memset                              
0000302d  __TI_auto_init                      
00003105  IntEnable                           
00003165  TimerConfigure                      
000031c1  _c_int00                            
00003211  copy_in                             
0000325d  GPIOPinConfigure                    
000032a5  C$$EXIT                             
000032a9  abort                               
000032b1  exit                                
000032e9  UARTConfigSetExpClk                 
00003329  __aeabi_uidiv                       
00003329  __aeabi_uidivmod                    
00003369  SysCtlPeripheralEnable              
0000339d  GPIODirModeSet                      
000033c9  UARTDisable                         
000033e5  GPIOPinTypeGPIOOutput               
000033fd  _args_main                          
00003415  UARTEnable                          
00003429  _register_unlock                    
0000342f  _register_lock                      
00003437  _nop                                
0000343d  GPIOPinTypeGPIOInput                
0000344f  GPIOPinTypeUART                     
00003461  TimerLoadSet                        
00003473  TimerPrescaleSet                    
00003485  TimerEnable                         
00003493  UARTCharGetNonBlocking              
000034a1  UARTCharPutNonBlocking              
000034af  __TI_decompress_none                
000034bd  CPUcpsie                            
000034c9  UARTCharsAvail                      
000034d5  UARTSpaceAvail                      
000034e1  __TI_zero_init                      
000034ed  ResetISR                            
000034f9  IntMasterEnable                     
00003503  UARTCharGet                         
0000350d  UARTCharPut                         
00003517  TimerIntEnable                      
0000351f  UARTIntEnable                       
00003527  GPIOPinRead                         
0000352d  GPIOPinWrite                        
00003533  SysCtlDelay                         
00003539  UARTClockSourceSet                  
0000353f  __TI_decompress_rle24               
00003545  TimerIntClear                       
00003549  _system_pre_init                    
0000354c  UART_PinConfiguration_Array         
00003760  GPIO_SystCtlClock_Array             
00003778  UART_SystCtlClock_Array             
000037fc  __TI_Handler_Table_Base             
00003808  __TI_Handler_Table_Limit            
00003810  __TI_CINIT_Base                     
00003820  __TI_CINIT_Limit                    
20000000  __stack                             
20000200  SL025_WorkedKeyA                    
20000200  __STACK_END                         
20000200  __STACK_TOP                         
20000206  SL025_WorkedKeyB                    
2000020c  SL025_LockedKeyA                    
20000212  SL025_LockedKeyB                    
20000218  SL025_DefaultKey                    
20000220  uart_cfg                            
20000230  _lock                               
20000234  _unlock                             
20000238  __TI_cleanup_ptr                    
2000023c  __TI_dtors_ptr                      
20000248  main_func_sp                        
ffffffff  __binit__                           
ffffffff  __c_args__                          
ffffffff  binit                               
UNDEFED   SHT$$INIT_ARRAY$$Base               
UNDEFED   SHT$$INIT_ARRAY$$Limit              

[153 symbols]
