******************************************************************************
                  TI ARM Linker PC v5.2.3                      
******************************************************************************
>> Linked Wed Jul 20 16:19:46 2016

OUTPUT FILE NAME:   <RFID_Tiva.out>
ENTRY POINT SYMBOL: "_c_int00"  address: 0000409d


MEMORY CONFIGURATION

         name            origin    length      used     unused   attr    fill
----------------------  --------  ---------  --------  --------  ----  --------
  FLASH                 00000000   00040000  0000480a  0003b7f6  R  X
  SRAM                  20000000   00008000  000002b0  00007d50  RW X


SEGMENT ALLOCATION MAP

run origin  load origin   length   init length attrs members
----------  ----------- ---------- ----------- ----- -------
00000000    00000000    00004810   00004810    r-x
  00000000    00000000    0000026c   0000026c    r-- .intvecs
  0000026c    0000026c    000042b0   000042b0    r-x .text
  0000451c    0000451c    00000276   00000276    r-- .const
  00004798    00004798    00000078   00000078    r-- .cinit
20000000    20000000    000002b0   00000000    rw-
  20000000    20000000    00000200   00000000    rw- .stack
  20000200    20000200    00000070   00000000    rw- .data
  20000270    20000270    00000040   00000000    rw- .bss


SECTION ALLOCATION MAP

 output                                  attributes/
section   page    origin      length       input sections
--------  ----  ----------  ----------   ----------------
.intvecs   0    00000000    0000026c     
                  00000000    0000026c     tm4c123gh6pm_startup_ccs.obj (.intvecs)

.text      0    0000026c    000042b0     
                  0000026c    00000e28     EF_TIVA_DIO.obj (.text)
                  00001094    0000081a     EF_SLM025M.obj (.text)
                  000018ae    00000002     rtsv7M4_T_le_v4SPD16_eabi.lib : i_div0.obj (.text)
                  000018b0    000005f4     EF_UserInterface.obj (.text)
                  00001ea4    00000560     EF_LCD.obj (.text)
                  00002404    000004dc     uartstdio.obj (.text)
                  000028e0    00000450     EF_TIVA_uart.obj (.text)
                  00002d30    00000320     EF_LcdMenus.obj (.text)
                  00003050    00000310     EF_RFID.obj (.text)
                  00003360    00000230     EF_SpechialTIMER.obj (.text)
                  00003590    0000018c     EF_Keypad.obj (.text)
                  0000371c    00000130     driverlib.lib : gpio.obj (.text:GPIOPadConfigSet)
                  0000384c    00000118                   : sysctl.obj (.text:SysCtlClockGet)
                  00003964    000000f0                   : sysctl.obj (.text:SysCtlClockSet)
                  00003a54    000000c4                   : eeprom.obj (.text:EEPROMProgram)
                  00003b18    0000009c     rtsv7M4_T_le_v4SPD16_eabi.lib : memcpy_t2.obj (.text)
                  00003bb4    00000098     main.obj (.text)
                  00003c4c    00000094     EF_TIVA_Timer.obj (.text)
                  00003ce0    0000008c     std_types.obj (.text)
                  00003d6c    0000007c     EF_TIVA_EEPROM.obj (.text)
                  00003de8    0000007a     rtsv7M4_T_le_v4SPD16_eabi.lib : memset_t2.obj (.text)
                  00003e62    00000002     --HOLE-- [fill = 0]
                  00003e64    0000006c                                   : autoinit.obj (.text)
                  00003ed0    0000006a                                   : copy_decompress_rle.obj (.text)
                  00003f3a    00000002     --HOLE-- [fill = 0]
                  00003f3c    00000060     driverlib.lib : interrupt.obj (.text:IntEnable)
                  00003f9c    0000005c                   : timer.obj (.text:TimerConfigure)
                  00003ff8    00000054                   : eeprom.obj (.text:EEPROMMassErase)
                  0000404c    00000050                   : sysctl.obj (.text:SysCtlPeripheralReset)
                  0000409c    00000050     rtsv7M4_T_le_v4SPD16_eabi.lib : boot.obj (.text)
                  000040ec    0000004c                                   : cpy_tbl.obj (.text)
                  00004138    00000048     driverlib.lib : gpio.obj (.text:GPIOPinConfigure)
                  00004180    00000044     rtsv7M4_T_le_v4SPD16_eabi.lib : exit.obj (.text)
                  000041c4    00000040     driverlib.lib : eeprom.obj (.text:EEPROMInit)
                  00004204    00000040                   : uart.obj (.text:UARTConfigSetExpClk)
                  00004244    00000040     rtsv7M4_T_le_v4SPD16_eabi.lib : u_divt2.obj (.text)
                  00004284    0000003c     driverlib.lib : eeprom.obj (.text:_EEPROMSectorMaskSet)
                  000042c0    00000034                   : eeprom.obj (.text:EEPROMRead)
                  000042f4    00000034                   : sysctl.obj (.text:SysCtlPeripheralEnable)
                  00004328    00000034                   : eeprom.obj (.text:_EEPROMSectorMaskClear)
                  0000435c    0000002a                   : gpio.obj (.text:GPIODirModeSet)
                  00004386    00000002     --HOLE-- [fill = 0]
                  00004388    0000001c                   : uart.obj (.text:UARTDisable)
                  000043a4    00000018                   : gpio.obj (.text:GPIOPinTypeGPIOOutput)
                  000043bc    00000018     rtsv7M4_T_le_v4SPD16_eabi.lib : args_main.obj (.text)
                  000043d4    00000014     driverlib.lib : uart.obj (.text:UARTEnable)
                  000043e8    00000014     rtsv7M4_T_le_v4SPD16_eabi.lib : _lock.obj (.text)
                  000043fc    00000012     driverlib.lib : gpio.obj (.text:GPIOPinTypeGPIOInput)
                  0000440e    00000012                   : gpio.obj (.text:GPIOPinTypeUART)
                  00004420    00000012                   : timer.obj (.text:TimerLoadSet)
                  00004432    00000012                   : timer.obj (.text:TimerPrescaleSet)
                  00004444    00000010                   : eeprom.obj (.text:_EEPROMWaitForDone)
                  00004454    0000000e                   : timer.obj (.text:TimerEnable)
                  00004462    0000000e                   : uart.obj (.text:UARTCharGetNonBlocking)
                  00004470    0000000e                   : uart.obj (.text:UARTCharPutNonBlocking)
                  0000447e    0000000e     rtsv7M4_T_le_v4SPD16_eabi.lib : copy_decompress_none.obj (.text:decompress:none)
                  0000448c    0000000c     driverlib.lib : cpu.obj (.text:CPUcpsie)
                  00004498    0000000c                   : uart.obj (.text:UARTCharsAvail)
                  000044a4    0000000c                   : uart.obj (.text:UARTSpaceAvail)
                  000044b0    0000000c     rtsv7M4_T_le_v4SPD16_eabi.lib : copy_zero_init.obj (.text:decompress:ZI)
                  000044bc    0000000c     tm4c123gh6pm_startup_ccs.obj (.text)
                  000044c8    0000000a     driverlib.lib : interrupt.obj (.text:IntMasterEnable)
                  000044d2    0000000a                   : uart.obj (.text:UARTCharGet)
                  000044dc    0000000a                   : uart.obj (.text:UARTCharPut)
                  000044e6    00000008                   : timer.obj (.text:TimerIntEnable)
                  000044ee    00000008                   : uart.obj (.text:UARTIntEnable)
                  000044f6    00000006                   : gpio.obj (.text:GPIOPinRead)
                  000044fc    00000006                   : gpio.obj (.text:GPIOPinWrite)
                  00004502    00000006                   : sysctl.obj (.text:SysCtlDelay)
                  00004508    00000006                   : uart.obj (.text:UARTClockSourceSet)
                  0000450e    00000006     rtsv7M4_T_le_v4SPD16_eabi.lib : copy_decompress_rle.obj (.text:decompress:rle24)
                  00004514    00000004     driverlib.lib : timer.obj (.text:TimerIntClear)
                  00004518    00000004     rtsv7M4_T_le_v4SPD16_eabi.lib : pre_init.obj (.text)

.const     0    0000451c    00000276     
                  0000451c    000000a8     EF_TIVA_uart.obj (.const:UART_PinConfiguration_Array)
                  000045c4    00000090     driverlib.lib : gpio.obj (.const:g_pui32GPIOBaseAddrs)
                  00004654    00000070                   : interrupt.obj (.const)
                  000046c4    0000006c                   : sysctl.obj (.const:g_pui32Xtals)
                  00004730    00000030     EF_TIVA_uart.obj (.const)
                  00004760    0000001c     uartstdio.obj (.const)
                  0000477c    00000012     uartstdio.obj (.const:.string)
                  0000478e    00000004     EF_LCD.obj (.const:.string)

.cinit     0    00004798    00000078     
                  00004798    0000004d     (.cinit..data.load) [load image, compression = rle]
                  000047e5    00000003     --HOLE-- [fill = 0]
                  000047e8    0000000c     (__TI_handler_table)
                  000047f4    00000004     --HOLE-- [fill = 0]
                  000047f8    00000008     (.cinit..bss.load) [load image, compression = zero_init]
                  00004800    00000010     (__TI_cinit_table)

.init_array 
*          0    00000000    00000000     UNINITIALIZED

.stack     0    20000000    00000200     UNINITIALIZED
                  20000000    00000200     --HOLE--

.data      0    20000200    00000070     UNINITIALIZED
                  20000200    00000025     EF_UserInterface.obj (.data)
                  20000225    0000001e     EF_RFID.obj (.data)
                  20000243    00000001     --HOLE--
                  20000244    00000010     EF_SLM025M.obj (.data)
                  20000254    00000008     rtsv7M4_T_le_v4SPD16_eabi.lib : _lock.obj (.data)
                  2000025c    00000008                                   : exit.obj (.data)
                  20000264    00000005     uartstdio.obj (.data)
                  20000269    00000003     --HOLE--
                  2000026c    00000004     rtsv7M4_T_le_v4SPD16_eabi.lib : stkdepth_vars.obj (.data)

.bss       0    20000270    00000040     UNINITIALIZED
                  20000270    0000003c     EF_SpechialTIMER.obj (.bss:timers_list)
                  200002ac    00000004     (.common:voidFuncPtr)

.TI.persistent 
*          0    20000200    00000000     UNINITIALIZED

.TI.noinit 
*          0    20000270    00000000     UNINITIALIZED


LINKER GENERATED COPY TABLES

__TI_cinit_table @ 00004800 records: 2, size/record: 8, table size: 16
	.data: load addr=00004798, load size=0000004d bytes, run addr=20000200, run size=00000070 bytes, compression=rle
	.bss: load addr=000047f8, load size=00000008 bytes, run addr=20000270, run size=00000040 bytes, compression=zero_init


LINKER GENERATED HANDLER TABLE

__TI_handler_table @ 000047e8 records: 3, size/record: 4, table size: 12
	index: 0, handler: __TI_decompress_rle24
	index: 1, handler: __TI_decompress_none
	index: 2, handler: __TI_zero_init


GLOBAL SYMBOLS: SORTED ALPHABETICALLY BY Name 

address   name                                
-------   ----                                
00004181  C$$EXIT                             
0000448d  CPUcpsie                            
000041c5  EEPROMInit                          
00003ff9  EEPROMMassErase                     
00003a55  EEPROMProgram                       
000042c1  EEPROMRead                          
00003d23  EF_ArrayCopy                        
00003dd5  EF_BOOLEAN_EEPROM_Erase             
00003d6d  EF_BOOLEAN_EEPROM_Init              
00003da9  EF_BOOLEAN_EEPROM_ReadNBytes        
00003d85  EF_BOOLEAN_EEPROM_WriteNBytes       
00003051  EF_BOOLEAN_RFID_Init                
000034dd  EF_BOOLEAN_TimerCheck               
00002a9b  EF_BOOLEAN_UART_GetArray            
00002b07  EF_BOOLEAN_UART_GetArrayByLength    
00002a21  EF_BOOLEAN_UART_GetChar             
00002b65  EF_BOOLEAN_UART_PutChar             
00000905  EF_S16_DIO_ReadPort                 
00000f2b  EF_S8_DIO_CheckPin                  
00000b0d  EF_S8_DIO_ClearPin                  
00000c9b  EF_S8_DIO_ClearPort                 
0000026d  EF_S8_DIO_InitPort                  
000009e9  EF_S8_DIO_SetPin                    
00000bf7  EF_S8_DIO_SetPort                   
00000d4d  EF_S8_DIO_TogglePin                 
00000851  EF_S8_DIO_WritePort                 
00000409  EF_S8_t_DIO_InitPin                 
00000675  EF_S8_t_DIO_InitSomePins            
000036e7  EF_u8_KeyPad_GetKeyAfterReleasing   
000035f5  EF_u8_KeyPad_Scan                   
00003241  EF_u8_RFID_AddUserBalance           
000030ad  EF_u8_RFID_GetCardNumber            
000031a1  EF_u8_RFID_GetUserBalance           
0000307d  EF_u8_RFID_IsCardExist              
000030eb  EF_u8_RFID_PrepareCard              
000032bf  EF_u8_RFID_SubtractUserBalance      
000031ef  EF_u8_RFID_UpdateUserBalance        
00001311  EF_u8_SLM025M_GetCardNumber         
000013b7  EF_u8_SLM025M_IsCardExist           
000013c5  EF_u8_SLM025M_LoginSector           
000016b7  EF_u8_SLM025M_ReadDataBlock         
00001755  EF_u8_SLM025M_ReadDataValue         
00001851  EF_u8_SLM025M_RedLedOff             
000017f3  EF_u8_SLM025M_RedLedOn              
000014e9  EF_u8_SLM025M_UpdateAllKeys         
0000145f  EF_u8_SLM025M_UpdateMasterKey       
00001565  EF_u8_SLM025M_WriteDataBlock        
00001611  EF_u8_SLM025M_WriteDataValue        
00002be1  EF_u8_UART_WaitChar                 
00003591  EF_void_KeyPad_Init                 
0000231b  EF_void_LCD_Clear_Screen            
00002381  EF_void_LCD_HextoASCII              
00002215  EF_void_LCD_goto                    
00001f85  EF_void_LCD_init                    
000022b7  EF_void_LCD_print                   
000022e7  EF_void_LCD_print_ByLength          
00002249  EF_void_LCD_print_NUM               
00001ff9  EF_void_LCD_send_command            
00002107  EF_void_LCD_send_data               
00002eff  EF_void_LcdMenus_BalanceUpdated     
00002d9b  EF_void_LcdMenus_CardDeteced        
00002edb  EF_void_LcdMenus_CardRemoved        
00002f31  EF_void_LcdMenus_ChargeHistory      
00002eb1  EF_void_LcdMenus_ConfirmBalance     
00002e69  EF_void_LcdMenus_EnterBalance       
00002d69  EF_void_LcdMenus_EnterCard          
00002dfd  EF_void_LcdMenus_EnterPassword      
00002e8d  EF_void_LcdMenus_GetBalance         
00002d31  EF_void_LcdMenus_Init               
00002e21  EF_void_LcdMenus_RightPassword      
00002dcd  EF_void_LcdMenus_Selection          
00002d45  EF_void_LcdMenus_Welcome            
00002e45  EF_void_LcdMenus_WrongPassword      
000012f1  EF_void_SLM025M_Init                
000033eb  EF_void_TimerCreate                 
00003369  EF_void_TimerDelete                 
000033b5  EF_void_TimerInit                   
00003561  EF_void_TimerReset                  
00003519  EF_void_TimerStart                  
00003545  EF_void_TimerStop                   
00003c4d  EF_void_Timer_PORTinit              
00003caf  EF_void_Timer_RemoveTimerISRCallBack
00003c9f  EF_void_Timer_SetISRCallBack        
0000344d  EF_void_TimersUpdate                
00002ca5  EF_void_UART_HextoASCII             
000028e1  EF_void_UART_Init                   
00002c09  EF_void_UART_PutChar                
00002c49  EF_void_UART_SendArray              
000018f9  EF_void_UserInterface_Init          
00001961  EF_void_UserInterface_SystemStates  
00002331  EF_void_uploadCustomChar            
0000435d  GPIODirModeSet                      
0000371d  GPIOPadConfigSet                    
00004139  GPIOPinConfigure                    
000044f7  GPIOPinRead                         
000043fd  GPIOPinTypeGPIOInput                
000043a5  GPIOPinTypeGPIOOutput               
0000440f  GPIOPinTypeUART                     
000044fd  GPIOPinWrite                        
00004730  GPIO_SystCtlClock_Array             
00003f3d  IntEnable                           
000044c9  IntMasterEnable                     
000044bd  ResetISR                            
UNDEFED   SHT$$INIT_ARRAY$$Base               
UNDEFED   SHT$$INIT_ARRAY$$Limit              
2000023d  SL025_DefaultKey                    
20000231  SL025_LockedKeyA                    
20000237  SL025_LockedKeyB                    
20000225  SL025_WorkedKeyA                    
2000022b  SL025_WorkedKeyB                    
0000384d  SysCtlClockGet                      
00003965  SysCtlClockSet                      
00004503  SysCtlDelay                         
000042f5  SysCtlPeripheralEnable              
0000404d  SysCtlPeripheralReset               
00003f9d  TimerConfigure                      
00004455  TimerEnable                         
00004515  TimerIntClear                       
000044e7  TimerIntEnable                      
00004421  TimerLoadSet                        
00004433  TimerPrescaleSet                    
00003cb7  Timer_W0_ISR                        
000044d3  UARTCharGet                         
00004463  UARTCharGetNonBlocking              
000044dd  UARTCharPut                         
00004471  UARTCharPutNonBlocking              
00004499  UARTCharsAvail                      
00004509  UARTClockSourceSet                  
00004205  UARTConfigSetExpClk                 
00004389  UARTDisable                         
000043d5  UARTEnable                          
000044ef  UARTIntEnable                       
000044a5  UARTSpaceAvail                      
00002405  UARTStdioConfig                     
0000451c  UART_PinConfiguration_Array         
00004748  UART_SystCtlClock_Array             
0000257d  UARTgetc                            
000024b7  UARTgets                            
000028ab  UARTprintf                          
000025b1  UARTvprintf                         
00002465  UARTwrite                           
20000200  __STACK_END                         
00000200  __STACK_SIZE                        
20000200  __STACK_TOP                         
00004800  __TI_CINIT_Base                     
00004810  __TI_CINIT_Limit                    
000047e8  __TI_Handler_Table_Base             
000047f4  __TI_Handler_Table_Limit            
00003e65  __TI_auto_init                      
2000025c  __TI_cleanup_ptr                    
0000447f  __TI_decompress_none                
0000450f  __TI_decompress_rle24               
20000260  __TI_dtors_ptr                      
00000000  __TI_static_base__                  
000044b1  __TI_zero_init                      
000018af  __aeabi_idiv0                       
00003de9  __aeabi_memclr                      
00003de9  __aeabi_memclr4                     
00003de9  __aeabi_memclr8                     
00003b19  __aeabi_memcpy                      
00003b19  __aeabi_memcpy4                     
00003b19  __aeabi_memcpy8                     
00003deb  __aeabi_memset                      
00003deb  __aeabi_memset4                     
00003deb  __aeabi_memset8                     
00004245  __aeabi_uidiv                       
00004245  __aeabi_uidivmod                    
ffffffff  __binit__                           
ffffffff  __c_args__                          
20000000  __stack                             
000043bd  _args_main                          
0000409d  _c_int00                            
00003ce1  _delay_ms                           
00003d03  _delay_us                           
20000254  _lock                               
000043f7  _nop                                
000043ef  _register_lock                      
000043e9  _register_unlock                    
00004519  _system_pre_init                    
20000258  _unlock                             
00004185  abort                               
ffffffff  binit                               
000040ed  copy_in                             
0000418d  exit                                
00000000  g_pfnVectors                        
00001ea5  itoa_Convert                        
00003bfd  main                                
2000026c  main_func_sp                        
00003b19  memcpy                              
00003df1  memset                              
20000204  u32HistoryCharge                    
2000020c  u8pHistoryPassword                  
20000208  u8pPasswordArray                    
20000244  uart_cfg                            
00002c91  void_UART_Deinit                    


GLOBAL SYMBOLS: SORTED BY Symbol Address 

address   name                                
-------   ----                                
00000000  __TI_static_base__                  
00000000  g_pfnVectors                        
00000200  __STACK_SIZE                        
0000026d  EF_S8_DIO_InitPort                  
00000409  EF_S8_t_DIO_InitPin                 
00000675  EF_S8_t_DIO_InitSomePins            
00000851  EF_S8_DIO_WritePort                 
00000905  EF_S16_DIO_ReadPort                 
000009e9  EF_S8_DIO_SetPin                    
00000b0d  EF_S8_DIO_ClearPin                  
00000bf7  EF_S8_DIO_SetPort                   
00000c9b  EF_S8_DIO_ClearPort                 
00000d4d  EF_S8_DIO_TogglePin                 
00000f2b  EF_S8_DIO_CheckPin                  
000012f1  EF_void_SLM025M_Init                
00001311  EF_u8_SLM025M_GetCardNumber         
000013b7  EF_u8_SLM025M_IsCardExist           
000013c5  EF_u8_SLM025M_LoginSector           
0000145f  EF_u8_SLM025M_UpdateMasterKey       
000014e9  EF_u8_SLM025M_UpdateAllKeys         
00001565  EF_u8_SLM025M_WriteDataBlock        
00001611  EF_u8_SLM025M_WriteDataValue        
000016b7  EF_u8_SLM025M_ReadDataBlock         
00001755  EF_u8_SLM025M_ReadDataValue         
000017f3  EF_u8_SLM025M_RedLedOn              
00001851  EF_u8_SLM025M_RedLedOff             
000018af  __aeabi_idiv0                       
000018f9  EF_void_UserInterface_Init          
00001961  EF_void_UserInterface_SystemStates  
00001ea5  itoa_Convert                        
00001f85  EF_void_LCD_init                    
00001ff9  EF_void_LCD_send_command            
00002107  EF_void_LCD_send_data               
00002215  EF_void_LCD_goto                    
00002249  EF_void_LCD_print_NUM               
000022b7  EF_void_LCD_print                   
000022e7  EF_void_LCD_print_ByLength          
0000231b  EF_void_LCD_Clear_Screen            
00002331  EF_void_uploadCustomChar            
00002381  EF_void_LCD_HextoASCII              
00002405  UARTStdioConfig                     
00002465  UARTwrite                           
000024b7  UARTgets                            
0000257d  UARTgetc                            
000025b1  UARTvprintf                         
000028ab  UARTprintf                          
000028e1  EF_void_UART_Init                   
00002a21  EF_BOOLEAN_UART_GetChar             
00002a9b  EF_BOOLEAN_UART_GetArray            
00002b07  EF_BOOLEAN_UART_GetArrayByLength    
00002b65  EF_BOOLEAN_UART_PutChar             
00002be1  EF_u8_UART_WaitChar                 
00002c09  EF_void_UART_PutChar                
00002c49  EF_void_UART_SendArray              
00002c91  void_UART_Deinit                    
00002ca5  EF_void_UART_HextoASCII             
00002d31  EF_void_LcdMenus_Init               
00002d45  EF_void_LcdMenus_Welcome            
00002d69  EF_void_LcdMenus_EnterCard          
00002d9b  EF_void_LcdMenus_CardDeteced        
00002dcd  EF_void_LcdMenus_Selection          
00002dfd  EF_void_LcdMenus_EnterPassword      
00002e21  EF_void_LcdMenus_RightPassword      
00002e45  EF_void_LcdMenus_WrongPassword      
00002e69  EF_void_LcdMenus_EnterBalance       
00002e8d  EF_void_LcdMenus_GetBalance         
00002eb1  EF_void_LcdMenus_ConfirmBalance     
00002edb  EF_void_LcdMenus_CardRemoved        
00002eff  EF_void_LcdMenus_BalanceUpdated     
00002f31  EF_void_LcdMenus_ChargeHistory      
00003051  EF_BOOLEAN_RFID_Init                
0000307d  EF_u8_RFID_IsCardExist              
000030ad  EF_u8_RFID_GetCardNumber            
000030eb  EF_u8_RFID_PrepareCard              
000031a1  EF_u8_RFID_GetUserBalance           
000031ef  EF_u8_RFID_UpdateUserBalance        
00003241  EF_u8_RFID_AddUserBalance           
000032bf  EF_u8_RFID_SubtractUserBalance      
00003369  EF_void_TimerDelete                 
000033b5  EF_void_TimerInit                   
000033eb  EF_void_TimerCreate                 
0000344d  EF_void_TimersUpdate                
000034dd  EF_BOOLEAN_TimerCheck               
00003519  EF_void_TimerStart                  
00003545  EF_void_TimerStop                   
00003561  EF_void_TimerReset                  
00003591  EF_void_KeyPad_Init                 
000035f5  EF_u8_KeyPad_Scan                   
000036e7  EF_u8_KeyPad_GetKeyAfterReleasing   
0000371d  GPIOPadConfigSet                    
0000384d  SysCtlClockGet                      
00003965  SysCtlClockSet                      
00003a55  EEPROMProgram                       
00003b19  __aeabi_memcpy                      
00003b19  __aeabi_memcpy4                     
00003b19  __aeabi_memcpy8                     
00003b19  memcpy                              
00003bfd  main                                
00003c4d  EF_void_Timer_PORTinit              
00003c9f  EF_void_Timer_SetISRCallBack        
00003caf  EF_void_Timer_RemoveTimerISRCallBack
00003cb7  Timer_W0_ISR                        
00003ce1  _delay_ms                           
00003d03  _delay_us                           
00003d23  EF_ArrayCopy                        
00003d6d  EF_BOOLEAN_EEPROM_Init              
00003d85  EF_BOOLEAN_EEPROM_WriteNBytes       
00003da9  EF_BOOLEAN_EEPROM_ReadNBytes        
00003dd5  EF_BOOLEAN_EEPROM_Erase             
00003de9  __aeabi_memclr                      
00003de9  __aeabi_memclr4                     
00003de9  __aeabi_memclr8                     
00003deb  __aeabi_memset                      
00003deb  __aeabi_memset4                     
00003deb  __aeabi_memset8                     
00003df1  memset                              
00003e65  __TI_auto_init                      
00003f3d  IntEnable                           
00003f9d  TimerConfigure                      
00003ff9  EEPROMMassErase                     
0000404d  SysCtlPeripheralReset               
0000409d  _c_int00                            
000040ed  copy_in                             
00004139  GPIOPinConfigure                    
00004181  C$$EXIT                             
00004185  abort                               
0000418d  exit                                
000041c5  EEPROMInit                          
00004205  UARTConfigSetExpClk                 
00004245  __aeabi_uidiv                       
00004245  __aeabi_uidivmod                    
000042c1  EEPROMRead                          
000042f5  SysCtlPeripheralEnable              
0000435d  GPIODirModeSet                      
00004389  UARTDisable                         
000043a5  GPIOPinTypeGPIOOutput               
000043bd  _args_main                          
000043d5  UARTEnable                          
000043e9  _register_unlock                    
000043ef  _register_lock                      
000043f7  _nop                                
000043fd  GPIOPinTypeGPIOInput                
0000440f  GPIOPinTypeUART                     
00004421  TimerLoadSet                        
00004433  TimerPrescaleSet                    
00004455  TimerEnable                         
00004463  UARTCharGetNonBlocking              
00004471  UARTCharPutNonBlocking              
0000447f  __TI_decompress_none                
0000448d  CPUcpsie                            
00004499  UARTCharsAvail                      
000044a5  UARTSpaceAvail                      
000044b1  __TI_zero_init                      
000044bd  ResetISR                            
000044c9  IntMasterEnable                     
000044d3  UARTCharGet                         
000044dd  UARTCharPut                         
000044e7  TimerIntEnable                      
000044ef  UARTIntEnable                       
000044f7  GPIOPinRead                         
000044fd  GPIOPinWrite                        
00004503  SysCtlDelay                         
00004509  UARTClockSourceSet                  
0000450f  __TI_decompress_rle24               
00004515  TimerIntClear                       
00004519  _system_pre_init                    
0000451c  UART_PinConfiguration_Array         
00004730  GPIO_SystCtlClock_Array             
00004748  UART_SystCtlClock_Array             
000047e8  __TI_Handler_Table_Base             
000047f4  __TI_Handler_Table_Limit            
00004800  __TI_CINIT_Base                     
00004810  __TI_CINIT_Limit                    
20000000  __stack                             
20000200  __STACK_END                         
20000200  __STACK_TOP                         
20000204  u32HistoryCharge                    
20000208  u8pPasswordArray                    
2000020c  u8pHistoryPassword                  
20000225  SL025_WorkedKeyA                    
2000022b  SL025_WorkedKeyB                    
20000231  SL025_LockedKeyA                    
20000237  SL025_LockedKeyB                    
2000023d  SL025_DefaultKey                    
20000244  uart_cfg                            
20000254  _lock                               
20000258  _unlock                             
2000025c  __TI_cleanup_ptr                    
20000260  __TI_dtors_ptr                      
2000026c  main_func_sp                        
ffffffff  __binit__                           
ffffffff  __c_args__                          
ffffffff  binit                               
UNDEFED   SHT$$INIT_ARRAY$$Base               
UNDEFED   SHT$$INIT_ARRAY$$Limit              

[195 symbols]
