<?xml version="1.0"?>
<link_info>
   <banner>TI ARM Linker PC v5.2.3</banner>
   <copyright>Copyright (c) 1996-2015 Texas Instruments Incorporated</copyright>
   <link_time>0x57382aa2</link_time>
   <link_errors>0x0</link_errors>
   <output_file>RotaryEncoder.out</output_file>
   <entry_point>
      <name>_c_int00</name>
      <address>0x2c39</address>
   </entry_point>
   <input_file_list>
      <input_file id="fl-2">
         <path>.\</path>
         <kind>object</kind>
         <file>main.obj</file>
         <name>main.obj</name>
      </input_file>
      <input_file id="fl-3">
         <path>.\</path>
         <kind>object</kind>
         <file>tm4c123gh6pm_startup_ccs.obj</file>
         <name>tm4c123gh6pm_startup_ccs.obj</name>
      </input_file>
      <input_file id="fl-4">
         <path>.\</path>
         <kind>object</kind>
         <file>uartstdio.obj</file>
         <name>uartstdio.obj</name>
      </input_file>
      <input_file id="fl-5">
         <path>.\ServiceLayer\</path>
         <kind>object</kind>
         <file>std_types.obj</file>
         <name>std_types.obj</name>
      </input_file>
      <input_file id="fl-6">
         <path>.\MCAL\</path>
         <kind>object</kind>
         <file>EF_SpechialTIMER.obj</file>
         <name>EF_SpechialTIMER.obj</name>
      </input_file>
      <input_file id="fl-7">
         <path>.\MCAL\</path>
         <kind>object</kind>
         <file>EF_TIVA_DIO.obj</file>
         <name>EF_TIVA_DIO.obj</name>
      </input_file>
      <input_file id="fl-8">
         <path>.\MCAL\</path>
         <kind>object</kind>
         <file>EF_TIVA_SPI.obj</file>
         <name>EF_TIVA_SPI.obj</name>
      </input_file>
      <input_file id="fl-9">
         <path>.\MCAL\</path>
         <kind>object</kind>
         <file>EF_TIVA_Timer.obj</file>
         <name>EF_TIVA_Timer.obj</name>
      </input_file>
      <input_file id="fl-a">
         <path>.\MCAL\</path>
         <kind>object</kind>
         <file>EF_TIVA_uart.obj</file>
         <name>EF_TIVA_uart.obj</name>
      </input_file>
      <input_file id="fl-b">
         <path>.\HAL\</path>
         <kind>object</kind>
         <file>EF_7segKit.obj</file>
         <name>EF_7segKit.obj</name>
      </input_file>
      <input_file id="fl-c">
         <path>.\HAL\</path>
         <kind>object</kind>
         <file>EF_RotaryEncoder.obj</file>
         <name>EF_RotaryEncoder.obj</name>
      </input_file>
      <input_file id="fl-d">
         <path>.\HAL\</path>
         <kind>object</kind>
         <file>EF_TIVA_InputCapture.obj</file>
         <name>EF_TIVA_InputCapture.obj</name>
      </input_file>
      <input_file id="fl-13">
         <path>C:\TI\TivaWare_C_Series-2.1.0.12573\driverlib\ccs\Debug\</path>
         <kind>archive</kind>
         <file>driverlib.lib</file>
         <name>uart.obj</name>
      </input_file>
      <input_file id="fl-14">
         <path>C:\TI\TivaWare_C_Series-2.1.0.12573\driverlib\ccs\Debug\</path>
         <kind>archive</kind>
         <file>driverlib.lib</file>
         <name>timer.obj</name>
      </input_file>
      <input_file id="fl-15">
         <path>C:\TI\TivaWare_C_Series-2.1.0.12573\driverlib\ccs\Debug\</path>
         <kind>archive</kind>
         <file>driverlib.lib</file>
         <name>sysctl.obj</name>
      </input_file>
      <input_file id="fl-16">
         <path>C:\TI\TivaWare_C_Series-2.1.0.12573\driverlib\ccs\Debug\</path>
         <kind>archive</kind>
         <file>driverlib.lib</file>
         <name>ssi.obj</name>
      </input_file>
      <input_file id="fl-17">
         <path>C:\TI\TivaWare_C_Series-2.1.0.12573\driverlib\ccs\Debug\</path>
         <kind>archive</kind>
         <file>driverlib.lib</file>
         <name>interrupt.obj</name>
      </input_file>
      <input_file id="fl-18">
         <path>C:\TI\TivaWare_C_Series-2.1.0.12573\driverlib\ccs\Debug\</path>
         <kind>archive</kind>
         <file>driverlib.lib</file>
         <name>gpio.obj</name>
      </input_file>
      <input_file id="fl-19">
         <path>C:\TI\TivaWare_C_Series-2.1.0.12573\driverlib\ccs\Debug\</path>
         <kind>archive</kind>
         <file>driverlib.lib</file>
         <name>cpu.obj</name>
      </input_file>
      <input_file id="fl-13b">
         <path>C:\TI\ccsv6\tools\compiler\ti-cgt-arm_5.2.3\lib\</path>
         <kind>archive</kind>
         <file>rtsv7M4_T_le_v4SPD16_eabi.lib</file>
         <name>boot.obj</name>
      </input_file>
      <input_file id="fl-13c">
         <path>C:\TI\ccsv6\tools\compiler\ti-cgt-arm_5.2.3\lib\</path>
         <kind>archive</kind>
         <file>rtsv7M4_T_le_v4SPD16_eabi.lib</file>
         <name>copy_decompress_none.obj</name>
      </input_file>
      <input_file id="fl-13d">
         <path>C:\TI\ccsv6\tools\compiler\ti-cgt-arm_5.2.3\lib\</path>
         <kind>archive</kind>
         <file>rtsv7M4_T_le_v4SPD16_eabi.lib</file>
         <name>copy_decompress_rle.obj</name>
      </input_file>
      <input_file id="fl-13e">
         <path>C:\TI\ccsv6\tools\compiler\ti-cgt-arm_5.2.3\lib\</path>
         <kind>archive</kind>
         <file>rtsv7M4_T_le_v4SPD16_eabi.lib</file>
         <name>copy_zero_init.obj</name>
      </input_file>
      <input_file id="fl-13f">
         <path>C:\TI\ccsv6\tools\compiler\ti-cgt-arm_5.2.3\lib\</path>
         <kind>archive</kind>
         <file>rtsv7M4_T_le_v4SPD16_eabi.lib</file>
         <name>exit.obj</name>
      </input_file>
      <input_file id="fl-140">
         <path>C:\TI\ccsv6\tools\compiler\ti-cgt-arm_5.2.3\lib\</path>
         <kind>archive</kind>
         <file>rtsv7M4_T_le_v4SPD16_eabi.lib</file>
         <name>fd_toi_t2.obj</name>
      </input_file>
      <input_file id="fl-141">
         <path>C:\TI\ccsv6\tools\compiler\ti-cgt-arm_5.2.3\lib\</path>
         <kind>archive</kind>
         <file>rtsv7M4_T_le_v4SPD16_eabi.lib</file>
         <name>fd_tou_t2.obj</name>
      </input_file>
      <input_file id="fl-142">
         <path>C:\TI\ccsv6\tools\compiler\ti-cgt-arm_5.2.3\lib\</path>
         <kind>archive</kind>
         <file>rtsv7M4_T_le_v4SPD16_eabi.lib</file>
         <name>memcpy_t2.obj</name>
      </input_file>
      <input_file id="fl-143">
         <path>C:\TI\ccsv6\tools\compiler\ti-cgt-arm_5.2.3\lib\</path>
         <kind>archive</kind>
         <file>rtsv7M4_T_le_v4SPD16_eabi.lib</file>
         <name>memset_t2.obj</name>
      </input_file>
      <input_file id="fl-144">
         <path>C:\TI\ccsv6\tools\compiler\ti-cgt-arm_5.2.3\lib\</path>
         <kind>archive</kind>
         <file>rtsv7M4_T_le_v4SPD16_eabi.lib</file>
         <name>pre_init.obj</name>
      </input_file>
      <input_file id="fl-145">
         <path>C:\TI\ccsv6\tools\compiler\ti-cgt-arm_5.2.3\lib\</path>
         <kind>archive</kind>
         <file>rtsv7M4_T_le_v4SPD16_eabi.lib</file>
         <name>stkdepth_vars.obj</name>
      </input_file>
      <input_file id="fl-146">
         <path>C:\TI\ccsv6\tools\compiler\ti-cgt-arm_5.2.3\lib\</path>
         <kind>archive</kind>
         <file>rtsv7M4_T_le_v4SPD16_eabi.lib</file>
         <name>u_divt2.obj</name>
      </input_file>
      <input_file id="fl-147">
         <path>C:\TI\ccsv6\tools\compiler\ti-cgt-arm_5.2.3\lib\</path>
         <kind>archive</kind>
         <file>rtsv7M4_T_le_v4SPD16_eabi.lib</file>
         <name>_lock.obj</name>
      </input_file>
      <input_file id="fl-148">
         <path>C:\TI\ccsv6\tools\compiler\ti-cgt-arm_5.2.3\lib\</path>
         <kind>archive</kind>
         <file>rtsv7M4_T_le_v4SPD16_eabi.lib</file>
         <name>args_main.obj</name>
      </input_file>
      <input_file id="fl-149">
         <path>C:\TI\ccsv6\tools\compiler\ti-cgt-arm_5.2.3\lib\</path>
         <kind>archive</kind>
         <file>rtsv7M4_T_le_v4SPD16_eabi.lib</file>
         <name>autoinit.obj</name>
      </input_file>
      <input_file id="fl-14a">
         <path>C:\TI\ccsv6\tools\compiler\ti-cgt-arm_5.2.3\lib\</path>
         <kind>archive</kind>
         <file>rtsv7M4_T_le_v4SPD16_eabi.lib</file>
         <name>cpy_tbl.obj</name>
      </input_file>
      <input_file id="fl-14b">
         <path>C:\TI\ccsv6\tools\compiler\ti-cgt-arm_5.2.3\lib\</path>
         <kind>archive</kind>
         <file>rtsv7M4_T_le_v4SPD16_eabi.lib</file>
         <name>i_div0.obj</name>
      </input_file>
   </input_file_list>
   <object_component_list>
      <object_component id="oc-f">
         <name>.intvecs</name>
         <load_address>0x0</load_address>
         <run_address>0x0</run_address>
         <size>0x26c</size>
         <input_file_ref idref="fl-3"/>
      </object_component>
      <object_component id="oc-ac">
         <name>.text</name>
         <load_address>0x26c</load_address>
         <run_address>0x26c</run_address>
         <size>0xe28</size>
         <input_file_ref idref="fl-7"/>
      </object_component>
      <object_component id="oc-a0">
         <name>.text</name>
         <load_address>0x1094</load_address>
         <run_address>0x1094</run_address>
         <size>0x8b8</size>
         <input_file_ref idref="fl-b"/>
      </object_component>
      <object_component id="oc-9a">
         <name>.text</name>
         <load_address>0x194c</load_address>
         <run_address>0x194c</run_address>
         <size>0x49c</size>
         <input_file_ref idref="fl-4"/>
      </object_component>
      <object_component id="oc-199">
         <name>.text</name>
         <load_address>0x1de8</load_address>
         <run_address>0x1de8</run_address>
         <size>0x2c8</size>
         <input_file_ref idref="fl-8"/>
      </object_component>
      <object_component id="oc-30">
         <name>.text</name>
         <load_address>0x20b0</load_address>
         <run_address>0x20b0</run_address>
         <size>0x288</size>
         <input_file_ref idref="fl-c"/>
      </object_component>
      <object_component id="oc-193">
         <name>.text</name>
         <load_address>0x2338</load_address>
         <run_address>0x2338</run_address>
         <size>0x230</size>
         <input_file_ref idref="fl-6"/>
      </object_component>
      <object_component id="oc-b2">
         <name>.text:GPIOPadConfigSet</name>
         <load_address>0x2568</load_address>
         <run_address>0x2568</run_address>
         <size>0x130</size>
         <input_file_ref idref="fl-18"/>
      </object_component>
      <object_component id="oc-ec">
         <name>.text:SysCtlClockGet</name>
         <load_address>0x2698</load_address>
         <run_address>0x2698</run_address>
         <size>0x118</size>
         <input_file_ref idref="fl-15"/>
      </object_component>
      <object_component id="oc-202">
         <name>.text:SysCtlClockSet</name>
         <load_address>0x27b0</load_address>
         <run_address>0x27b0</run_address>
         <size>0xf0</size>
         <input_file_ref idref="fl-15"/>
      </object_component>
      <object_component id="oc-3f">
         <name>.text</name>
         <load_address>0x28a0</load_address>
         <run_address>0x28a0</run_address>
         <size>0x9c</size>
         <input_file_ref idref="fl-142"/>
      </object_component>
      <object_component id="oc-36">
         <name>.text</name>
         <load_address>0x293c</load_address>
         <run_address>0x293c</run_address>
         <size>0x94</size>
         <input_file_ref idref="fl-9"/>
      </object_component>
      <object_component id="oc-58">
         <name>.text</name>
         <load_address>0x29d0</load_address>
         <run_address>0x29d0</run_address>
         <size>0x7a</size>
         <input_file_ref idref="fl-143"/>
      </object_component>
      <object_component id="oc-23d">
         <name>.text</name>
         <load_address>0x2a4a</load_address>
         <run_address>0x2a4a</run_address>
         <size>0x2</size>
         <input_file_ref idref="fl-14b"/>
      </object_component>
      <object_component id="oc-6a">
         <name>.text</name>
         <load_address>0x2a4c</load_address>
         <run_address>0x2a4c</run_address>
         <size>0x6c</size>
         <input_file_ref idref="fl-149"/>
      </object_component>
      <object_component id="oc-4b">
         <name>.text</name>
         <load_address>0x2ab8</load_address>
         <run_address>0x2ab8</run_address>
         <size>0x6a</size>
         <input_file_ref idref="fl-13d"/>
      </object_component>
      <object_component id="oc-c4">
         <name>.text:IntEnable</name>
         <load_address>0x2b24</load_address>
         <run_address>0x2b24</run_address>
         <size>0x60</size>
         <input_file_ref idref="fl-17"/>
      </object_component>
      <object_component id="oc-e0">
         <name>.text:TimerConfigure</name>
         <load_address>0x2b84</load_address>
         <run_address>0x2b84</run_address>
         <size>0x5c</size>
         <input_file_ref idref="fl-14"/>
      </object_component>
      <object_component id="oc-b8">
         <name>.text:GPIOIntTypeSet</name>
         <load_address>0x2be0</load_address>
         <run_address>0x2be0</run_address>
         <size>0x56</size>
         <input_file_ref idref="fl-18"/>
      </object_component>
      <object_component id="oc-24">
         <name>.text</name>
         <load_address>0x2c38</load_address>
         <run_address>0x2c38</run_address>
         <size>0x50</size>
         <input_file_ref idref="fl-13b"/>
      </object_component>
      <object_component id="oc-12e">
         <name>.text</name>
         <load_address>0x2c88</load_address>
         <run_address>0x2c88</run_address>
         <size>0x4c</size>
         <input_file_ref idref="fl-14a"/>
      </object_component>
      <object_component id="oc-88">
         <name>.text:GPIOPinConfigure</name>
         <load_address>0x2cd4</load_address>
         <run_address>0x2cd4</run_address>
         <size>0x48</size>
         <input_file_ref idref="fl-18"/>
      </object_component>
      <object_component id="oc-19f">
         <name>.text</name>
         <load_address>0x2d1c</load_address>
         <run_address>0x2d1c</run_address>
         <size>0x48</size>
         <input_file_ref idref="fl-140"/>
      </object_component>
      <object_component id="oc-a6">
         <name>.text</name>
         <load_address>0x2d64</load_address>
         <run_address>0x2d64</run_address>
         <size>0x48</size>
         <input_file_ref idref="fl-5"/>
      </object_component>
      <object_component id="oc-76">
         <name>.text</name>
         <load_address>0x2dac</load_address>
         <run_address>0x2dac</run_address>
         <size>0x44</size>
         <input_file_ref idref="fl-13f"/>
      </object_component>
      <object_component id="oc-1a4">
         <name>.text</name>
         <load_address>0x2df0</load_address>
         <run_address>0x2df0</run_address>
         <size>0x44</size>
         <input_file_ref idref="fl-141"/>
      </object_component>
      <object_component id="oc-250">
         <name>.text:SSIConfigSetExpClk</name>
         <load_address>0x2e34</load_address>
         <run_address>0x2e34</run_address>
         <size>0x42</size>
         <input_file_ref idref="fl-16"/>
      </object_component>
      <object_component id="oc-164">
         <name>.text:UARTConfigSetExpClk</name>
         <load_address>0x2e76</load_address>
         <run_address>0x2e76</run_address>
         <size>0x40</size>
         <input_file_ref idref="fl-13"/>
      </object_component>
      <object_component id="oc-182">
         <name>.text</name>
         <load_address>0x2eb6</load_address>
         <run_address>0x2eb6</run_address>
         <size>0x40</size>
         <input_file_ref idref="fl-146"/>
      </object_component>
      <object_component id="oc-81">
         <name>.text:SysCtlPeripheralEnable</name>
         <load_address>0x2ef8</load_address>
         <run_address>0x2ef8</run_address>
         <size>0x34</size>
         <input_file_ref idref="fl-15"/>
      </object_component>
      <object_component id="oc-15e">
         <name>.text:SysCtlPeripheralPresent</name>
         <load_address>0x2f2c</load_address>
         <run_address>0x2f2c</run_address>
         <size>0x34</size>
         <input_file_ref idref="fl-15"/>
      </object_component>
      <object_component id="oc-157">
         <name>.text:GPIODirModeSet</name>
         <load_address>0x2f60</load_address>
         <run_address>0x2f60</run_address>
         <size>0x2a</size>
         <input_file_ref idref="fl-18"/>
      </object_component>
      <object_component id="oc-22e">
         <name>.text:UARTDisable</name>
         <load_address>0x2f8c</load_address>
         <run_address>0x2f8c</run_address>
         <size>0x1c</size>
         <input_file_ref idref="fl-13"/>
      </object_component>
      <object_component id="oc-136">
         <name>.text</name>
         <load_address>0x2fa8</load_address>
         <run_address>0x2fa8</run_address>
         <size>0x1c</size>
         <input_file_ref idref="fl-2"/>
      </object_component>
      <object_component id="oc-1b4">
         <name>.text:GPIOPinTypeGPIOOutput</name>
         <load_address>0x2fc4</load_address>
         <run_address>0x2fc4</run_address>
         <size>0x18</size>
         <input_file_ref idref="fl-18"/>
      </object_component>
      <object_component id="oc-70">
         <name>.text</name>
         <load_address>0x2fdc</load_address>
         <run_address>0x2fdc</run_address>
         <size>0x18</size>
         <input_file_ref idref="fl-148"/>
      </object_component>
      <object_component id="oc-16a">
         <name>.text:UARTEnable</name>
         <load_address>0x2ff4</load_address>
         <run_address>0x2ff4</run_address>
         <size>0x14</size>
         <input_file_ref idref="fl-13"/>
      </object_component>
      <object_component id="oc-211">
         <name>.text</name>
         <load_address>0x3008</load_address>
         <run_address>0x3008</run_address>
         <size>0x14</size>
         <input_file_ref idref="fl-147"/>
      </object_component>
      <object_component id="oc-1ba">
         <name>.text:GPIOPinTypeGPIOInput</name>
         <load_address>0x301c</load_address>
         <run_address>0x301c</run_address>
         <size>0x12</size>
         <input_file_ref idref="fl-18"/>
      </object_component>
      <object_component id="oc-24a">
         <name>.text:GPIOPinTypeSSI</name>
         <load_address>0x302e</load_address>
         <run_address>0x302e</run_address>
         <size>0x12</size>
         <input_file_ref idref="fl-18"/>
      </object_component>
      <object_component id="oc-94">
         <name>.text:GPIOPinTypeUART</name>
         <load_address>0x3040</load_address>
         <run_address>0x3040</run_address>
         <size>0x12</size>
         <input_file_ref idref="fl-18"/>
      </object_component>
      <object_component id="oc-274">
         <name>.text:SSIDataGetNonBlocking</name>
         <load_address>0x3052</load_address>
         <run_address>0x3052</run_address>
         <size>0x12</size>
         <input_file_ref idref="fl-16"/>
      </object_component>
      <object_component id="oc-f2">
         <name>.text:TimerLoadSet</name>
         <load_address>0x3064</load_address>
         <run_address>0x3064</run_address>
         <size>0x12</size>
         <input_file_ref idref="fl-14"/>
      </object_component>
      <object_component id="oc-e6">
         <name>.text:TimerPrescaleSet</name>
         <load_address>0x3076</load_address>
         <run_address>0x3076</run_address>
         <size>0x12</size>
         <input_file_ref idref="fl-14"/>
      </object_component>
      <object_component id="oc-26e">
         <name>.text:SSIDataPutNonBlocking</name>
         <load_address>0x3088</load_address>
         <run_address>0x3088</run_address>
         <size>0xe</size>
         <input_file_ref idref="fl-16"/>
      </object_component>
      <object_component id="oc-fe">
         <name>.text:TimerEnable</name>
         <load_address>0x3096</load_address>
         <run_address>0x3096</run_address>
         <size>0xe</size>
         <input_file_ref idref="fl-14"/>
      </object_component>
      <object_component id="oc-12">
         <name>.text:decompress:none</name>
         <load_address>0x30a4</load_address>
         <run_address>0x30a4</run_address>
         <size>0xe</size>
         <input_file_ref idref="fl-13c"/>
      </object_component>
      <object_component id="oc-1db">
         <name>.text:CPUcpsie</name>
         <load_address>0x30b2</load_address>
         <run_address>0x30b2</run_address>
         <size>0xc</size>
         <input_file_ref idref="fl-19"/>
      </object_component>
      <object_component id="oc-be">
         <name>.text:GPIOIntEnable</name>
         <load_address>0x30be</load_address>
         <run_address>0x30be</run_address>
         <size>0xc</size>
         <input_file_ref idref="fl-18"/>
      </object_component>
      <object_component id="oc-268">
         <name>.text:SSIDataGet</name>
         <load_address>0x30ca</load_address>
         <run_address>0x30ca</run_address>
         <size>0xc</size>
         <input_file_ref idref="fl-16"/>
      </object_component>
      <object_component id="oc-1e">
         <name>.text:decompress:ZI</name>
         <load_address>0x30d6</load_address>
         <run_address>0x30d6</run_address>
         <size>0xc</size>
         <input_file_ref idref="fl-13e"/>
      </object_component>
      <object_component id="oc-2a">
         <name>.text</name>
         <load_address>0x30e2</load_address>
         <run_address>0x30e2</run_address>
         <size>0xc</size>
         <input_file_ref idref="fl-3"/>
      </object_component>
      <object_component id="oc-ca">
         <name>.text:IntMasterEnable</name>
         <load_address>0x30ee</load_address>
         <run_address>0x30ee</run_address>
         <size>0xa</size>
         <input_file_ref idref="fl-17"/>
      </object_component>
      <object_component id="oc-25c">
         <name>.text:SSIDataPut</name>
         <load_address>0x30f8</load_address>
         <run_address>0x30f8</run_address>
         <size>0xa</size>
         <input_file_ref idref="fl-16"/>
      </object_component>
      <object_component id="oc-256">
         <name>.text:SSIEnable</name>
         <load_address>0x3102</load_address>
         <run_address>0x3102</run_address>
         <size>0xa</size>
         <input_file_ref idref="fl-16"/>
      </object_component>
      <object_component id="oc-176">
         <name>.text:UARTCharGet</name>
         <load_address>0x310c</load_address>
         <run_address>0x310c</run_address>
         <size>0xa</size>
         <input_file_ref idref="fl-13"/>
      </object_component>
      <object_component id="oc-170">
         <name>.text:UARTCharPut</name>
         <load_address>0x3116</load_address>
         <run_address>0x3116</run_address>
         <size>0xa</size>
         <input_file_ref idref="fl-13"/>
      </object_component>
      <object_component id="oc-262">
         <name>.text:SSIBusy</name>
         <load_address>0x3120</load_address>
         <run_address>0x3120</run_address>
         <size>0x8</size>
         <input_file_ref idref="fl-16"/>
      </object_component>
      <object_component id="oc-f8">
         <name>.text:TimerIntEnable</name>
         <load_address>0x3128</load_address>
         <run_address>0x3128</run_address>
         <size>0x8</size>
         <input_file_ref idref="fl-14"/>
      </object_component>
      <object_component id="oc-d0">
         <name>.text:GPIOIntClear</name>
         <load_address>0x3130</load_address>
         <run_address>0x3130</run_address>
         <size>0x6</size>
         <input_file_ref idref="fl-18"/>
      </object_component>
      <object_component id="oc-1c6">
         <name>.text:GPIOPinRead</name>
         <load_address>0x3136</load_address>
         <run_address>0x3136</run_address>
         <size>0x6</size>
         <input_file_ref idref="fl-18"/>
      </object_component>
      <object_component id="oc-1c0">
         <name>.text:GPIOPinWrite</name>
         <load_address>0x313c</load_address>
         <run_address>0x313c</run_address>
         <size>0x6</size>
         <input_file_ref idref="fl-18"/>
      </object_component>
      <object_component id="oc-87">
         <name>.text:SysCtlDelay</name>
         <load_address>0x3142</load_address>
         <run_address>0x3142</run_address>
         <size>0x6</size>
         <input_file_ref idref="fl-15"/>
      </object_component>
      <object_component id="oc-8e">
         <name>.text:UARTClockSourceSet</name>
         <load_address>0x3148</load_address>
         <run_address>0x3148</run_address>
         <size>0x6</size>
         <input_file_ref idref="fl-13"/>
      </object_component>
      <object_component id="oc-18">
         <name>.text:decompress:rle24</name>
         <load_address>0x314e</load_address>
         <run_address>0x314e</run_address>
         <size>0x6</size>
         <input_file_ref idref="fl-13d"/>
      </object_component>
      <object_component id="oc-104">
         <name>.text:TimerIntClear</name>
         <load_address>0x3154</load_address>
         <run_address>0x3154</run_address>
         <size>0x4</size>
         <input_file_ref idref="fl-14"/>
      </object_component>
      <object_component id="oc-64">
         <name>.text</name>
         <load_address>0x3158</load_address>
         <run_address>0x3158</run_address>
         <size>0x4</size>
         <input_file_ref idref="fl-144"/>
      </object_component>
      <object_component id="oc-150">
         <name>.const:g_pui32GPIOBaseAddrs</name>
         <load_address>0x315c</load_address>
         <run_address>0x315c</run_address>
         <size>0x90</size>
         <input_file_ref idref="fl-18"/>
      </object_component>
      <object_component id="oc-1d6">
         <name>.const</name>
         <load_address>0x31ec</load_address>
         <run_address>0x31ec</run_address>
         <size>0x70</size>
         <input_file_ref idref="fl-17"/>
      </object_component>
      <object_component id="oc-1ea">
         <name>.const:g_pui32Xtals</name>
         <load_address>0x325c</load_address>
         <run_address>0x325c</run_address>
         <size>0x6c</size>
         <input_file_ref idref="fl-15"/>
      </object_component>
      <object_component id="oc-17c">
         <name>.const</name>
         <load_address>0x32c8</load_address>
         <run_address>0x32c8</run_address>
         <size>0x1c</size>
         <input_file_ref idref="fl-4"/>
      </object_component>
      <object_component id="oc-238">
         <name>.const:.string</name>
         <load_address>0x32e4</load_address>
         <run_address>0x32e4</run_address>
         <size>0x12</size>
         <input_file_ref idref="fl-4"/>
      </object_component>
      <object_component id="oc-2df">
         <name>.cinit..data.load</name>
         <load_address>0x32f8</load_address>
         <run_address>0x32f8</run_address>
         <size>0x33</size>
      </object_component>
      <object_component id="oc-2dd">
         <name>__TI_handler_table</name>
         <load_address>0x332c</load_address>
         <run_address>0x332c</run_address>
         <size>0xc</size>
      </object_component>
      <object_component id="oc-2e0">
         <name>.cinit..bss.load</name>
         <load_address>0x3338</load_address>
         <run_address>0x3338</run_address>
         <size>0x8</size>
      </object_component>
      <object_component id="oc-2de">
         <name>__TI_cinit_table</name>
         <load_address>0x3340</load_address>
         <run_address>0x3340</run_address>
         <size>0x10</size>
      </object_component>
      <object_component id="oc-29">
         <name>.stack</name>
         <uninitialized>true</uninitialized>
         <run_address>0x20000000</run_address>
         <size>0x0</size>
         <input_file_ref idref="fl-13b"/>
      </object_component>
      <object_component id="oc-2e1">
         <name>.stack</name>
         <uninitialized>true</uninitialized>
         <run_address>0x20000000</run_address>
         <size>0x0</size>
      </object_component>
      <object_component id="oc-246">
         <name>.bss:timers_list</name>
         <uninitialized>true</uninitialized>
         <run_address>0x20000200</run_address>
         <size>0x3c</size>
         <input_file_ref idref="fl-6"/>
      </object_component>
      <object_component id="oc-10a">
         <name>.common:voidFuncPtr</name>
         <uninitialized>true</uninitialized>
         <run_address>0x2000023c</run_address>
         <size>0x4</size>
      </object_component>
      <object_component id="oc-17f">
         <name>.data</name>
         <load_address>0x20000274</load_address>
         <run_address>0x20000274</run_address>
         <size>0x5</size>
         <input_file_ref idref="fl-4"/>
      </object_component>
      <object_component id="oc-1a9">
         <name>.data</name>
         <load_address>0x20000240</load_address>
         <run_address>0x20000240</run_address>
         <size>0x1b</size>
         <input_file_ref idref="fl-b"/>
      </object_component>
      <object_component id="oc-d6">
         <name>.data</name>
         <load_address>0x2000026c</load_address>
         <run_address>0x2000026c</run_address>
         <size>0x6</size>
         <input_file_ref idref="fl-c"/>
      </object_component>
      <object_component id="oc-141">
         <name>.data</name>
         <load_address>0x20000264</load_address>
         <run_address>0x20000264</run_address>
         <size>0x8</size>
         <input_file_ref idref="fl-13f"/>
      </object_component>
      <object_component id="oc-7c">
         <name>.data</name>
         <load_address>0x2000027c</load_address>
         <run_address>0x2000027c</run_address>
         <size>0x4</size>
         <input_file_ref idref="fl-145"/>
      </object_component>
      <object_component id="oc-13e">
         <name>.data</name>
         <load_address>0x2000025c</load_address>
         <run_address>0x2000025c</run_address>
         <size>0x8</size>
         <input_file_ref idref="fl-147"/>
      </object_component>
      <object_component id="oc-209">
         <name>.debug_info</name>
         <load_address>0x0</load_address>
         <run_address>0x0</run_address>
         <size>0x18d</size>
         <input_file_ref idref="fl-2"/>
      </object_component>
      <object_component id="oc-137">
         <name>.debug_info</name>
         <load_address>0x18d</load_address>
         <run_address>0x18d</run_address>
         <size>0x16b</size>
         <input_file_ref idref="fl-2"/>
      </object_component>
      <object_component id="oc-1ad">
         <name>.debug_info</name>
         <load_address>0x2f8</load_address>
         <run_address>0x2f8</run_address>
         <size>0x228</size>
         <input_file_ref idref="fl-2"/>
      </object_component>
      <object_component id="oc-110">
         <name>.debug_info</name>
         <load_address>0x520</load_address>
         <run_address>0x520</run_address>
         <size>0x84</size>
         <input_file_ref idref="fl-2"/>
      </object_component>
      <object_component id="oc-da">
         <name>.debug_info</name>
         <load_address>0x5a4</load_address>
         <run_address>0x5a4</run_address>
         <size>0xa1</size>
         <input_file_ref idref="fl-2"/>
      </object_component>
      <object_component id="oc-115">
         <name>.debug_info</name>
         <load_address>0x645</load_address>
         <run_address>0x645</run_address>
         <size>0x18b</size>
         <input_file_ref idref="fl-2"/>
      </object_component>
      <object_component id="oc-18e">
         <name>.debug_info</name>
         <load_address>0x7d0</load_address>
         <run_address>0x7d0</run_address>
         <size>0x4e</size>
         <input_file_ref idref="fl-2"/>
      </object_component>
      <object_component id="oc-2b5">
         <name>.debug_info</name>
         <load_address>0x81e</load_address>
         <run_address>0x81e</run_address>
         <size>0x8a</size>
         <input_file_ref idref="fl-2"/>
      </object_component>
      <object_component id="oc-3e">
         <name>.debug_info</name>
         <load_address>0x8a8</load_address>
         <run_address>0x8a8</run_address>
         <size>0x194</size>
         <input_file_ref idref="fl-3"/>
      </object_component>
      <object_component id="oc-10">
         <name>.debug_info</name>
         <load_address>0xa3c</load_address>
         <run_address>0xa3c</run_address>
         <size>0xf1</size>
         <input_file_ref idref="fl-3"/>
      </object_component>
      <object_component id="oc-2b">
         <name>.debug_info</name>
         <load_address>0xb2d</load_address>
         <run_address>0xb2d</run_address>
         <size>0x26d</size>
         <input_file_ref idref="fl-3"/>
      </object_component>
      <object_component id="oc-18d">
         <name>.debug_info</name>
         <load_address>0xd9a</load_address>
         <run_address>0xd9a</run_address>
         <size>0x267</size>
         <input_file_ref idref="fl-4"/>
      </object_component>
      <object_component id="oc-180">
         <name>.debug_info</name>
         <load_address>0x1001</load_address>
         <run_address>0x1001</run_address>
         <size>0x104</size>
         <input_file_ref idref="fl-4"/>
      </object_component>
      <object_component id="oc-17d">
         <name>.debug_info</name>
         <load_address>0x1105</load_address>
         <run_address>0x1105</run_address>
         <size>0x15a</size>
         <input_file_ref idref="fl-4"/>
      </object_component>
      <object_component id="oc-9d">
         <name>.debug_info</name>
         <load_address>0x125f</load_address>
         <run_address>0x125f</run_address>
         <size>0x981</size>
         <input_file_ref idref="fl-4"/>
      </object_component>
      <object_component id="oc-188">
         <name>.debug_info</name>
         <load_address>0x1be0</load_address>
         <run_address>0x1be0</run_address>
         <size>0x8b</size>
         <input_file_ref idref="fl-4"/>
      </object_component>
      <object_component id="oc-a7">
         <name>.debug_info</name>
         <load_address>0x1c6b</load_address>
         <run_address>0x1c6b</run_address>
         <size>0x2c0</size>
         <input_file_ref idref="fl-5"/>
      </object_component>
      <object_component id="oc-2a7">
         <name>.debug_info</name>
         <load_address>0x1f2b</load_address>
         <run_address>0x1f2b</run_address>
         <size>0x16f</size>
         <input_file_ref idref="fl-6"/>
      </object_component>
      <object_component id="oc-247">
         <name>.debug_info</name>
         <load_address>0x209a</load_address>
         <run_address>0x209a</run_address>
         <size>0xeb</size>
         <input_file_ref idref="fl-6"/>
      </object_component>
      <object_component id="oc-197">
         <name>.debug_info</name>
         <load_address>0x2185</load_address>
         <run_address>0x2185</run_address>
         <size>0x7c3</size>
         <input_file_ref idref="fl-6"/>
      </object_component>
      <object_component id="oc-1cd">
         <name>.debug_info</name>
         <load_address>0x2948</load_address>
         <run_address>0x2948</run_address>
         <size>0x1f5</size>
         <input_file_ref idref="fl-7"/>
      </object_component>
      <object_component id="oc-ad">
         <name>.debug_info</name>
         <load_address>0x2b3d</load_address>
         <run_address>0x2b3d</run_address>
         <size>0x14ed</size>
         <input_file_ref idref="fl-7"/>
      </object_component>
      <object_component id="oc-280">
         <name>.debug_info</name>
         <load_address>0x402a</load_address>
         <run_address>0x402a</run_address>
         <size>0x489</size>
         <input_file_ref idref="fl-8"/>
      </object_component>
      <object_component id="oc-19a">
         <name>.debug_info</name>
         <load_address>0x44b3</load_address>
         <run_address>0x44b3</run_address>
         <size>0x9b4</size>
         <input_file_ref idref="fl-8"/>
      </object_component>
      <object_component id="oc-27b">
         <name>.debug_info</name>
         <load_address>0x4e67</load_address>
         <run_address>0x4e67</run_address>
         <size>0x71</size>
         <input_file_ref idref="fl-8"/>
      </object_component>
      <object_component id="oc-10b">
         <name>.debug_info</name>
         <load_address>0x4ed8</load_address>
         <run_address>0x4ed8</run_address>
         <size>0x318</size>
         <input_file_ref idref="fl-9"/>
      </object_component>
      <object_component id="oc-37">
         <name>.debug_info</name>
         <load_address>0x51f0</load_address>
         <run_address>0x51f0</run_address>
         <size>0x3e8</size>
         <input_file_ref idref="fl-9"/>
      </object_component>
      <object_component id="oc-1b2">
         <name>.debug_info</name>
         <load_address>0x55d8</load_address>
         <run_address>0x55d8</run_address>
         <size>0x294</size>
         <input_file_ref idref="fl-b"/>
      </object_component>
      <object_component id="oc-1aa">
         <name>.debug_info</name>
         <load_address>0x586c</load_address>
         <run_address>0x586c</run_address>
         <size>0xf1</size>
         <input_file_ref idref="fl-b"/>
      </object_component>
      <object_component id="oc-a1">
         <name>.debug_info</name>
         <load_address>0x595d</load_address>
         <run_address>0x595d</run_address>
         <size>0x1b46</size>
         <input_file_ref idref="fl-b"/>
      </object_component>
      <object_component id="oc-125">
         <name>.debug_info</name>
         <load_address>0x74a3</load_address>
         <run_address>0x74a3</run_address>
         <size>0x2c</size>
         <input_file_ref idref="fl-b"/>
      </object_component>
      <object_component id="oc-df">
         <name>.debug_info</name>
         <load_address>0x74cf</load_address>
         <run_address>0x74cf</run_address>
         <size>0x680</size>
         <input_file_ref idref="fl-c"/>
      </object_component>
      <object_component id="oc-d7">
         <name>.debug_info</name>
         <load_address>0x7b4f</load_address>
         <run_address>0x7b4f</run_address>
         <size>0x1b5</size>
         <input_file_ref idref="fl-c"/>
      </object_component>
      <object_component id="oc-31">
         <name>.debug_info</name>
         <load_address>0x7d04</load_address>
         <run_address>0x7d04</run_address>
         <size>0x958</size>
         <input_file_ref idref="fl-c"/>
      </object_component>
      <object_component id="oc-156">
         <name>.debug_info</name>
         <load_address>0x865c</load_address>
         <run_address>0x865c</run_address>
         <size>0x1ce</size>
         <input_file_ref idref="fl-13"/>
      </object_component>
      <object_component id="oc-16e">
         <name>.debug_info</name>
         <load_address>0x882a</load_address>
         <run_address>0x882a</run_address>
         <size>0x1ab</size>
         <input_file_ref idref="fl-13"/>
      </object_component>
      <object_component id="oc-232">
         <name>.debug_info</name>
         <load_address>0x89d5</load_address>
         <run_address>0x89d5</run_address>
         <size>0x233</size>
         <input_file_ref idref="fl-13"/>
      </object_component>
      <object_component id="oc-168">
         <name>.debug_info</name>
         <load_address>0x8c08</load_address>
         <run_address>0x8c08</run_address>
         <size>0x28a</size>
         <input_file_ref idref="fl-13"/>
      </object_component>
      <object_component id="oc-92">
         <name>.debug_info</name>
         <load_address>0x8e92</load_address>
         <run_address>0x8e92</run_address>
         <size>0x1f5</size>
         <input_file_ref idref="fl-13"/>
      </object_component>
      <object_component id="oc-174">
         <name>.debug_info</name>
         <load_address>0x9087</load_address>
         <run_address>0x9087</run_address>
         <size>0x25d</size>
         <input_file_ref idref="fl-13"/>
      </object_component>
      <object_component id="oc-17a">
         <name>.debug_info</name>
         <load_address>0x92e4</load_address>
         <run_address>0x92e4</run_address>
         <size>0x237</size>
         <input_file_ref idref="fl-13"/>
      </object_component>
      <object_component id="oc-1cf">
         <name>.debug_info</name>
         <load_address>0x951b</load_address>
         <run_address>0x951b</run_address>
         <size>0x90</size>
         <input_file_ref idref="fl-13"/>
      </object_component>
      <object_component id="oc-14a">
         <name>.debug_info</name>
         <load_address>0x95ab</load_address>
         <run_address>0x95ab</run_address>
         <size>0x18b</size>
         <input_file_ref idref="fl-13"/>
      </object_component>
      <object_component id="oc-1e8">
         <name>.debug_info</name>
         <load_address>0x9736</load_address>
         <run_address>0x9736</run_address>
         <size>0x1cf</size>
         <input_file_ref idref="fl-14"/>
      </object_component>
      <object_component id="oc-e7">
         <name>.debug_info</name>
         <load_address>0x9905</load_address>
         <run_address>0x9905</run_address>
         <size>0x226</size>
         <input_file_ref idref="fl-14"/>
      </object_component>
      <object_component id="oc-f3">
         <name>.debug_info</name>
         <load_address>0x9b2b</load_address>
         <run_address>0x9b2b</run_address>
         <size>0x21e</size>
         <input_file_ref idref="fl-14"/>
      </object_component>
      <object_component id="oc-f9">
         <name>.debug_info</name>
         <load_address>0x9d49</load_address>
         <run_address>0x9d49</run_address>
         <size>0x1f8</size>
         <input_file_ref idref="fl-14"/>
      </object_component>
      <object_component id="oc-105">
         <name>.debug_info</name>
         <load_address>0x9f41</load_address>
         <run_address>0x9f41</run_address>
         <size>0x1f6</size>
         <input_file_ref idref="fl-14"/>
      </object_component>
      <object_component id="oc-ff">
         <name>.debug_info</name>
         <load_address>0xa137</load_address>
         <run_address>0xa137</run_address>
         <size>0x1e3</size>
         <input_file_ref idref="fl-14"/>
      </object_component>
      <object_component id="oc-e1">
         <name>.debug_info</name>
         <load_address>0xa31a</load_address>
         <run_address>0xa31a</run_address>
         <size>0x1f0</size>
         <input_file_ref idref="fl-14"/>
      </object_component>
      <object_component id="oc-14f">
         <name>.debug_info</name>
         <load_address>0xa50a</load_address>
         <run_address>0xa50a</run_address>
         <size>0x226</size>
         <input_file_ref idref="fl-15"/>
      </object_component>
      <object_component id="oc-1eb">
         <name>.debug_info</name>
         <load_address>0xa730</load_address>
         <run_address>0xa730</run_address>
         <size>0xff</size>
         <input_file_ref idref="fl-15"/>
      </object_component>
      <object_component id="oc-161">
         <name>.debug_info</name>
         <load_address>0xa82f</load_address>
         <run_address>0xa82f</run_address>
         <size>0x1e7</size>
         <input_file_ref idref="fl-15"/>
      </object_component>
      <object_component id="oc-84">
         <name>.debug_info</name>
         <load_address>0xaa16</load_address>
         <run_address>0xaa16</run_address>
         <size>0x1e1</size>
         <input_file_ref idref="fl-15"/>
      </object_component>
      <object_component id="oc-203">
         <name>.debug_info</name>
         <load_address>0xabf7</load_address>
         <run_address>0xabf7</run_address>
         <size>0x363</size>
         <input_file_ref idref="fl-15"/>
      </object_component>
      <object_component id="oc-ed">
         <name>.debug_info</name>
         <load_address>0xaf5a</load_address>
         <run_address>0xaf5a</run_address>
         <size>0x219</size>
         <input_file_ref idref="fl-15"/>
      </object_component>
      <object_component id="oc-221">
         <name>.debug_info</name>
         <load_address>0xb173</load_address>
         <run_address>0xb173</run_address>
         <size>0x5f</size>
         <input_file_ref idref="fl-15"/>
      </object_component>
      <object_component id="oc-2aa">
         <name>.debug_info</name>
         <load_address>0xb1d2</load_address>
         <run_address>0xb1d2</run_address>
         <size>0x1c3</size>
         <input_file_ref idref="fl-16"/>
      </object_component>
      <object_component id="oc-257">
         <name>.debug_info</name>
         <load_address>0xb395</load_address>
         <run_address>0xb395</run_address>
         <size>0x1a6</size>
         <input_file_ref idref="fl-16"/>
      </object_component>
      <object_component id="oc-26f">
         <name>.debug_info</name>
         <load_address>0xb53b</load_address>
         <run_address>0xb53b</run_address>
         <size>0x1f4</size>
         <input_file_ref idref="fl-16"/>
      </object_component>
      <object_component id="oc-25d">
         <name>.debug_info</name>
         <load_address>0xb72f</load_address>
         <run_address>0xb72f</run_address>
         <size>0x25f</size>
         <input_file_ref idref="fl-16"/>
      </object_component>
      <object_component id="oc-275">
         <name>.debug_info</name>
         <load_address>0xb98e</load_address>
         <run_address>0xb98e</run_address>
         <size>0x1fe</size>
         <input_file_ref idref="fl-16"/>
      </object_component>
      <object_component id="oc-269">
         <name>.debug_info</name>
         <load_address>0xbb8c</load_address>
         <run_address>0xbb8c</run_address>
         <size>0x263</size>
         <input_file_ref idref="fl-16"/>
      </object_component>
      <object_component id="oc-251">
         <name>.debug_info</name>
         <load_address>0xbdef</load_address>
         <run_address>0xbdef</run_address>
         <size>0x3c2</size>
         <input_file_ref idref="fl-16"/>
      </object_component>
      <object_component id="oc-263">
         <name>.debug_info</name>
         <load_address>0xc1b1</load_address>
         <run_address>0xc1b1</run_address>
         <size>0x1a6</size>
         <input_file_ref idref="fl-16"/>
      </object_component>
      <object_component id="oc-1da">
         <name>.debug_info</name>
         <load_address>0xc357</load_address>
         <run_address>0xc357</run_address>
         <size>0x1ba</size>
         <input_file_ref idref="fl-17"/>
      </object_component>
      <object_component id="oc-1d7">
         <name>.debug_info</name>
         <load_address>0xc511</load_address>
         <run_address>0xc511</run_address>
         <size>0x1c2</size>
         <input_file_ref idref="fl-17"/>
      </object_component>
      <object_component id="oc-cb">
         <name>.debug_info</name>
         <load_address>0xc6d3</load_address>
         <run_address>0xc6d3</run_address>
         <size>0x1a2</size>
         <input_file_ref idref="fl-17"/>
      </object_component>
      <object_component id="oc-c5">
         <name>.debug_info</name>
         <load_address>0xc875</load_address>
         <run_address>0xc875</run_address>
         <size>0x1cc</size>
         <input_file_ref idref="fl-17"/>
      </object_component>
      <object_component id="oc-154">
         <name>.debug_info</name>
         <load_address>0xca41</load_address>
         <run_address>0xca41</run_address>
         <size>0x1d7</size>
         <input_file_ref idref="fl-18"/>
      </object_component>
      <object_component id="oc-151">
         <name>.debug_info</name>
         <load_address>0xcc18</load_address>
         <run_address>0xcc18</run_address>
         <size>0x10d</size>
         <input_file_ref idref="fl-18"/>
      </object_component>
      <object_component id="oc-1c1">
         <name>.debug_info</name>
         <load_address>0xcd25</load_address>
         <run_address>0xcd25</run_address>
         <size>0x207</size>
         <input_file_ref idref="fl-18"/>
      </object_component>
      <object_component id="oc-158">
         <name>.debug_info</name>
         <load_address>0xcf2c</load_address>
         <run_address>0xcf2c</run_address>
         <size>0x217</size>
         <input_file_ref idref="fl-18"/>
      </object_component>
      <object_component id="oc-b3">
         <name>.debug_info</name>
         <load_address>0xd143</load_address>
         <run_address>0xd143</run_address>
         <size>0x312</size>
         <input_file_ref idref="fl-18"/>
      </object_component>
      <object_component id="oc-95">
         <name>.debug_info</name>
         <load_address>0xd455</load_address>
         <run_address>0xd455</run_address>
         <size>0x1df</size>
         <input_file_ref idref="fl-18"/>
      </object_component>
      <object_component id="oc-24b">
         <name>.debug_info</name>
         <load_address>0xd634</load_address>
         <run_address>0xd634</run_address>
         <size>0x1dd</size>
         <input_file_ref idref="fl-18"/>
      </object_component>
      <object_component id="oc-1b5">
         <name>.debug_info</name>
         <load_address>0xd811</load_address>
         <run_address>0xd811</run_address>
         <size>0x1eb</size>
         <input_file_ref idref="fl-18"/>
      </object_component>
      <object_component id="oc-1bb">
         <name>.debug_info</name>
         <load_address>0xd9fc</load_address>
         <run_address>0xd9fc</run_address>
         <size>0x1e9</size>
         <input_file_ref idref="fl-18"/>
      </object_component>
      <object_component id="oc-1c7">
         <name>.debug_info</name>
         <load_address>0xdbe5</load_address>
         <run_address>0xdbe5</run_address>
         <size>0x1df</size>
         <input_file_ref idref="fl-18"/>
      </object_component>
      <object_component id="oc-89">
         <name>.debug_info</name>
         <load_address>0xddc4</load_address>
         <run_address>0xddc4</run_address>
         <size>0x1e4</size>
         <input_file_ref idref="fl-18"/>
      </object_component>
      <object_component id="oc-b9">
         <name>.debug_info</name>
         <load_address>0xdfa8</load_address>
         <run_address>0xdfa8</run_address>
         <size>0x21f</size>
         <input_file_ref idref="fl-18"/>
      </object_component>
      <object_component id="oc-bf">
         <name>.debug_info</name>
         <load_address>0xe1c7</load_address>
         <run_address>0xe1c7</run_address>
         <size>0x1f3</size>
         <input_file_ref idref="fl-18"/>
      </object_component>
      <object_component id="oc-d1">
         <name>.debug_info</name>
         <load_address>0xe3ba</load_address>
         <run_address>0xe3ba</run_address>
         <size>0x1f1</size>
         <input_file_ref idref="fl-18"/>
      </object_component>
      <object_component id="oc-1de">
         <name>.debug_info</name>
         <load_address>0xe5ab</load_address>
         <run_address>0xe5ab</run_address>
         <size>0x176</size>
         <input_file_ref idref="fl-19"/>
      </object_component>
      <object_component id="oc-27">
         <name>.debug_info</name>
         <load_address>0xe721</load_address>
         <run_address>0xe721</run_address>
         <size>0x136</size>
         <input_file_ref idref="fl-13b"/>
      </object_component>
      <object_component id="oc-4a">
         <name>.debug_info</name>
         <load_address>0xe857</load_address>
         <run_address>0xe857</run_address>
         <size>0x123</size>
         <input_file_ref idref="fl-13c"/>
      </object_component>
      <object_component id="oc-14">
         <name>.debug_info</name>
         <load_address>0xe97a</load_address>
         <run_address>0xe97a</run_address>
         <size>0x1c2</size>
         <input_file_ref idref="fl-13c"/>
      </object_component>
      <object_component id="oc-45">
         <name>.debug_info</name>
         <load_address>0xeb3c</load_address>
         <run_address>0xeb3c</run_address>
         <size>0x46</size>
         <input_file_ref idref="fl-13c"/>
      </object_component>
      <object_component id="oc-11b">
         <name>.debug_info</name>
         <load_address>0xeb82</load_address>
         <run_address>0xeb82</run_address>
         <size>0x2c</size>
         <input_file_ref idref="fl-13c"/>
      </object_component>
      <object_component id="oc-52">
         <name>.debug_info</name>
         <load_address>0xebae</load_address>
         <run_address>0xebae</run_address>
         <size>0x117</size>
         <input_file_ref idref="fl-13d"/>
      </object_component>
      <object_component id="oc-4d">
         <name>.debug_info</name>
         <load_address>0xecc5</load_address>
         <run_address>0xecc5</run_address>
         <size>0x22a</size>
         <input_file_ref idref="fl-13d"/>
      </object_component>
      <object_component id="oc-1a">
         <name>.debug_info</name>
         <load_address>0xeeef</load_address>
         <run_address>0xeeef</run_address>
         <size>0x194</size>
         <input_file_ref idref="fl-13d"/>
      </object_component>
      <object_component id="oc-53">
         <name>.debug_info</name>
         <load_address>0xf083</load_address>
         <run_address>0xf083</run_address>
         <size>0x39</size>
         <input_file_ref idref="fl-13d"/>
      </object_component>
      <object_component id="oc-63">
         <name>.debug_info</name>
         <load_address>0xf0bc</load_address>
         <run_address>0xf0bc</run_address>
         <size>0x112</size>
         <input_file_ref idref="fl-13e"/>
      </object_component>
      <object_component id="oc-1f">
         <name>.debug_info</name>
         <load_address>0xf1ce</load_address>
         <run_address>0xf1ce</run_address>
         <size>0x18d</size>
         <input_file_ref idref="fl-13e"/>
      </object_component>
      <object_component id="oc-5e">
         <name>.debug_info</name>
         <load_address>0xf35b</load_address>
         <run_address>0xf35b</run_address>
         <size>0x46</size>
         <input_file_ref idref="fl-13e"/>
      </object_component>
      <object_component id="oc-145">
         <name>.debug_info</name>
         <load_address>0xf3a1</load_address>
         <run_address>0xf3a1</run_address>
         <size>0x174</size>
         <input_file_ref idref="fl-13f"/>
      </object_component>
      <object_component id="oc-142">
         <name>.debug_info</name>
         <load_address>0xf515</load_address>
         <run_address>0xf515</run_address>
         <size>0x119</size>
         <input_file_ref idref="fl-13f"/>
      </object_component>
      <object_component id="oc-77">
         <name>.debug_info</name>
         <load_address>0xf62e</load_address>
         <run_address>0xf62e</run_address>
         <size>0x1f0</size>
         <input_file_ref idref="fl-13f"/>
      </object_component>
      <object_component id="oc-1a0">
         <name>.debug_info</name>
         <load_address>0xf81e</load_address>
         <run_address>0xf81e</run_address>
         <size>0x10d</size>
         <input_file_ref idref="fl-140"/>
      </object_component>
      <object_component id="oc-1a6">
         <name>.debug_info</name>
         <load_address>0xf92b</load_address>
         <run_address>0xf92b</run_address>
         <size>0x118</size>
         <input_file_ref idref="fl-141"/>
      </object_component>
      <object_component id="oc-41">
         <name>.debug_info</name>
         <load_address>0xfa43</load_address>
         <run_address>0xfa43</run_address>
         <size>0xf8</size>
         <input_file_ref idref="fl-142"/>
      </object_component>
      <object_component id="oc-5b">
         <name>.debug_info</name>
         <load_address>0xfb3b</load_address>
         <run_address>0xfb3b</run_address>
         <size>0x126</size>
         <input_file_ref idref="fl-143"/>
      </object_component>
      <object_component id="oc-65">
         <name>.debug_info</name>
         <load_address>0xfc61</load_address>
         <run_address>0xfc61</run_address>
         <size>0x12b</size>
         <input_file_ref idref="fl-144"/>
      </object_component>
      <object_component id="oc-7d">
         <name>.debug_info</name>
         <load_address>0xfd8c</load_address>
         <run_address>0xfd8c</run_address>
         <size>0xec</size>
         <input_file_ref idref="fl-145"/>
      </object_component>
      <object_component id="oc-183">
         <name>.debug_info</name>
         <load_address>0xfe78</load_address>
         <run_address>0xfe78</run_address>
         <size>0x121</size>
         <input_file_ref idref="fl-146"/>
      </object_component>
      <object_component id="oc-219">
         <name>.debug_info</name>
         <load_address>0xff99</load_address>
         <run_address>0xff99</run_address>
         <size>0x107</size>
         <input_file_ref idref="fl-147"/>
      </object_component>
      <object_component id="oc-13f">
         <name>.debug_info</name>
         <load_address>0x100a0</load_address>
         <run_address>0x100a0</run_address>
         <size>0xf6</size>
         <input_file_ref idref="fl-147"/>
      </object_component>
      <object_component id="oc-215">
         <name>.debug_info</name>
         <load_address>0x10196</load_address>
         <run_address>0x10196</run_address>
         <size>0x202</size>
         <input_file_ref idref="fl-147"/>
      </object_component>
      <object_component id="oc-13d">
         <name>.debug_info</name>
         <load_address>0x10398</load_address>
         <run_address>0x10398</run_address>
         <size>0x149</size>
         <input_file_ref idref="fl-148"/>
      </object_component>
      <object_component id="oc-72">
         <name>.debug_info</name>
         <load_address>0x104e1</load_address>
         <run_address>0x104e1</run_address>
         <size>0x14a</size>
         <input_file_ref idref="fl-148"/>
      </object_component>
      <object_component id="oc-20c">
         <name>.debug_info</name>
         <load_address>0x1062b</load_address>
         <run_address>0x1062b</run_address>
         <size>0x5e</size>
         <input_file_ref idref="fl-148"/>
      </object_component>
      <object_component id="oc-135">
         <name>.debug_info</name>
         <load_address>0x10689</load_address>
         <run_address>0x10689</run_address>
         <size>0x2a0</size>
         <input_file_ref idref="fl-149"/>
      </object_component>
      <object_component id="oc-6b">
         <name>.debug_info</name>
         <load_address>0x10929</load_address>
         <run_address>0x10929</run_address>
         <size>0x15a</size>
         <input_file_ref idref="fl-149"/>
      </object_component>
      <object_component id="oc-1f8">
         <name>.debug_info</name>
         <load_address>0x10a83</load_address>
         <run_address>0x10a83</run_address>
         <size>0x39</size>
         <input_file_ref idref="fl-149"/>
      </object_component>
      <object_component id="oc-1fd">
         <name>.debug_info</name>
         <load_address>0x10abc</load_address>
         <run_address>0x10abc</run_address>
         <size>0xcd</size>
         <input_file_ref idref="fl-149"/>
      </object_component>
      <object_component id="oc-1f5">
         <name>.debug_info</name>
         <load_address>0x10b89</load_address>
         <run_address>0x10b89</run_address>
         <size>0x1c3</size>
         <input_file_ref idref="fl-14a"/>
      </object_component>
      <object_component id="oc-130">
         <name>.debug_info</name>
         <load_address>0x10d4c</load_address>
         <run_address>0x10d4c</run_address>
         <size>0x166</size>
         <input_file_ref idref="fl-14a"/>
      </object_component>
      <object_component id="oc-298">
         <name>.debug_info</name>
         <load_address>0x10eb2</load_address>
         <run_address>0x10eb2</run_address>
         <size>0x2c</size>
         <input_file_ref idref="fl-14a"/>
      </object_component>
      <object_component id="oc-23e">
         <name>.debug_info</name>
         <load_address>0x10ede</load_address>
         <run_address>0x10ede</run_address>
         <size>0x12a</size>
         <input_file_ref idref="fl-14b"/>
      </object_component>
      <object_component id="oc-2e2">
         <name>.debug_info</name>
         <load_address>0x11008</load_address>
         <run_address>0x11008</run_address>
         <size>0xab</size>
      </object_component>
      <object_component id="oc-29f">
         <name>.debug_line</name>
         <load_address>0x0</load_address>
         <run_address>0x0</run_address>
         <size>0x95</size>
         <input_file_ref idref="fl-2"/>
      </object_component>
      <object_component id="oc-13a">
         <name>.debug_line</name>
         <load_address>0x95</load_address>
         <run_address>0x95</run_address>
         <size>0x47</size>
         <input_file_ref idref="fl-2"/>
      </object_component>
      <object_component id="oc-1b0">
         <name>.debug_line</name>
         <load_address>0xdc</load_address>
         <run_address>0xdc</run_address>
         <size>0x3b</size>
         <input_file_ref idref="fl-2"/>
      </object_component>
      <object_component id="oc-113">
         <name>.debug_line</name>
         <load_address>0x117</load_address>
         <run_address>0x117</run_address>
         <size>0x20</size>
         <input_file_ref idref="fl-2"/>
      </object_component>
      <object_component id="oc-dd">
         <name>.debug_line</name>
         <load_address>0x137</load_address>
         <run_address>0x137</run_address>
         <size>0x3f</size>
         <input_file_ref idref="fl-2"/>
      </object_component>
      <object_component id="oc-118">
         <name>.debug_line</name>
         <load_address>0x176</load_address>
         <run_address>0x176</run_address>
         <size>0x60</size>
         <input_file_ref idref="fl-2"/>
      </object_component>
      <object_component id="oc-191">
         <name>.debug_line</name>
         <load_address>0x1d6</load_address>
         <run_address>0x1d6</run_address>
         <size>0x60</size>
         <input_file_ref idref="fl-2"/>
      </object_component>
      <object_component id="oc-2b8">
         <name>.debug_line</name>
         <load_address>0x236</load_address>
         <run_address>0x236</run_address>
         <size>0x4a</size>
         <input_file_ref idref="fl-2"/>
      </object_component>
      <object_component id="oc-10f">
         <name>.debug_line</name>
         <load_address>0x280</load_address>
         <run_address>0x280</run_address>
         <size>0x41</size>
         <input_file_ref idref="fl-3"/>
      </object_component>
      <object_component id="oc-3d">
         <name>.debug_line</name>
         <load_address>0x2c1</load_address>
         <run_address>0x2c1</run_address>
         <size>0x41</size>
         <input_file_ref idref="fl-3"/>
      </object_component>
      <object_component id="oc-2e">
         <name>.debug_line</name>
         <load_address>0x302</load_address>
         <run_address>0x302</run_address>
         <size>0xa1</size>
         <input_file_ref idref="fl-3"/>
      </object_component>
      <object_component id="oc-245">
         <name>.debug_line</name>
         <load_address>0x3a3</load_address>
         <run_address>0x3a3</run_address>
         <size>0x92</size>
         <input_file_ref idref="fl-4"/>
      </object_component>
      <object_component id="oc-23c">
         <name>.debug_line</name>
         <load_address>0x435</load_address>
         <run_address>0x435</run_address>
         <size>0x59</size>
         <input_file_ref idref="fl-4"/>
      </object_component>
      <object_component id="oc-23a">
         <name>.debug_line</name>
         <load_address>0x48e</load_address>
         <run_address>0x48e</run_address>
         <size>0x59</size>
         <input_file_ref idref="fl-4"/>
      </object_component>
      <object_component id="oc-9c">
         <name>.debug_line</name>
         <load_address>0x4e7</load_address>
         <run_address>0x4e7</run_address>
         <size>0x2aa</size>
         <input_file_ref idref="fl-4"/>
      </object_component>
      <object_component id="oc-18b">
         <name>.debug_line</name>
         <load_address>0x791</load_address>
         <run_address>0x791</run_address>
         <size>0x20</size>
         <input_file_ref idref="fl-4"/>
      </object_component>
      <object_component id="oc-aa">
         <name>.debug_line</name>
         <load_address>0x7b1</load_address>
         <run_address>0x7b1</run_address>
         <size>0x74</size>
         <input_file_ref idref="fl-5"/>
      </object_component>
      <object_component id="oc-2b4">
         <name>.debug_line</name>
         <load_address>0x825</load_address>
         <run_address>0x825</run_address>
         <size>0x4b</size>
         <input_file_ref idref="fl-6"/>
      </object_component>
      <object_component id="oc-2a6">
         <name>.debug_line</name>
         <load_address>0x870</load_address>
         <run_address>0x870</run_address>
         <size>0x3e</size>
         <input_file_ref idref="fl-6"/>
      </object_component>
      <object_component id="oc-196">
         <name>.debug_line</name>
         <load_address>0x8ae</load_address>
         <run_address>0x8ae</run_address>
         <size>0x16e</size>
         <input_file_ref idref="fl-6"/>
      </object_component>
      <object_component id="oc-28c">
         <name>.debug_line</name>
         <load_address>0xa1c</load_address>
         <run_address>0xa1c</run_address>
         <size>0x92</size>
         <input_file_ref idref="fl-7"/>
      </object_component>
      <object_component id="oc-b1">
         <name>.debug_line</name>
         <load_address>0xaae</load_address>
         <run_address>0xaae</run_address>
         <size>0x62d</size>
         <input_file_ref idref="fl-7"/>
      </object_component>
      <object_component id="oc-2b2">
         <name>.debug_line</name>
         <load_address>0x10db</load_address>
         <run_address>0x10db</run_address>
         <size>0x100</size>
         <input_file_ref idref="fl-8"/>
      </object_component>
      <object_component id="oc-19e">
         <name>.debug_line</name>
         <load_address>0x11db</load_address>
         <run_address>0x11db</run_address>
         <size>0x182</size>
         <input_file_ref idref="fl-8"/>
      </object_component>
      <object_component id="oc-27e">
         <name>.debug_line</name>
         <load_address>0x135d</load_address>
         <run_address>0x135d</run_address>
         <size>0x39</size>
         <input_file_ref idref="fl-8"/>
      </object_component>
      <object_component id="oc-1f3">
         <name>.debug_line</name>
         <load_address>0x1396</load_address>
         <run_address>0x1396</run_address>
         <size>0xeb</size>
         <input_file_ref idref="fl-9"/>
      </object_component>
      <object_component id="oc-3a">
         <name>.debug_line</name>
         <load_address>0x1481</load_address>
         <run_address>0x1481</run_address>
         <size>0xb5</size>
         <input_file_ref idref="fl-9"/>
      </object_component>
      <object_component id="oc-286">
         <name>.debug_line</name>
         <load_address>0x1536</load_address>
         <run_address>0x1536</run_address>
         <size>0xe3</size>
         <input_file_ref idref="fl-b"/>
      </object_component>
      <object_component id="oc-284">
         <name>.debug_line</name>
         <load_address>0x1619</load_address>
         <run_address>0x1619</run_address>
         <size>0x37</size>
         <input_file_ref idref="fl-b"/>
      </object_component>
      <object_component id="oc-a4">
         <name>.debug_line</name>
         <load_address>0x1650</load_address>
         <run_address>0x1650</run_address>
         <size>0x442</size>
         <input_file_ref idref="fl-b"/>
      </object_component>
      <object_component id="oc-128">
         <name>.debug_line</name>
         <load_address>0x1a92</load_address>
         <run_address>0x1a92</run_address>
         <size>0x60</size>
         <input_file_ref idref="fl-b"/>
      </object_component>
      <object_component id="oc-1e6">
         <name>.debug_line</name>
         <load_address>0x1af2</load_address>
         <run_address>0x1af2</run_address>
         <size>0x19d</size>
         <input_file_ref idref="fl-c"/>
      </object_component>
      <object_component id="oc-1e4">
         <name>.debug_line</name>
         <load_address>0x1c8f</load_address>
         <run_address>0x1c8f</run_address>
         <size>0x3d</size>
         <input_file_ref idref="fl-c"/>
      </object_component>
      <object_component id="oc-34">
         <name>.debug_line</name>
         <load_address>0x1ccc</load_address>
         <run_address>0x1ccc</run_address>
         <size>0x160</size>
         <input_file_ref idref="fl-c"/>
      </object_component>
      <object_component id="oc-22b">
         <name>.debug_line</name>
         <load_address>0x1e2c</load_address>
         <run_address>0x1e2c</run_address>
         <size>0x5b</size>
         <input_file_ref idref="fl-13"/>
      </object_component>
      <object_component id="oc-16c">
         <name>.debug_line</name>
         <load_address>0x1e87</load_address>
         <run_address>0x1e87</run_address>
         <size>0x6c</size>
         <input_file_ref idref="fl-13"/>
      </object_component>
      <object_component id="oc-230">
         <name>.debug_line</name>
         <load_address>0x1ef3</load_address>
         <run_address>0x1ef3</run_address>
         <size>0x6d</size>
         <input_file_ref idref="fl-13"/>
      </object_component>
      <object_component id="oc-166">
         <name>.debug_line</name>
         <load_address>0x1f60</load_address>
         <run_address>0x1f60</run_address>
         <size>0x7d</size>
         <input_file_ref idref="fl-13"/>
      </object_component>
      <object_component id="oc-90">
         <name>.debug_line</name>
         <load_address>0x1fdd</load_address>
         <run_address>0x1fdd</run_address>
         <size>0x6b</size>
         <input_file_ref idref="fl-13"/>
      </object_component>
      <object_component id="oc-172">
         <name>.debug_line</name>
         <load_address>0x2048</load_address>
         <run_address>0x2048</run_address>
         <size>0x6c</size>
         <input_file_ref idref="fl-13"/>
      </object_component>
      <object_component id="oc-178">
         <name>.debug_line</name>
         <load_address>0x20b4</load_address>
         <run_address>0x20b4</run_address>
         <size>0x6c</size>
         <input_file_ref idref="fl-13"/>
      </object_component>
      <object_component id="oc-1d2">
         <name>.debug_line</name>
         <load_address>0x2120</load_address>
         <run_address>0x2120</run_address>
         <size>0x20</size>
         <input_file_ref idref="fl-13"/>
      </object_component>
      <object_component id="oc-14d">
         <name>.debug_line</name>
         <load_address>0x2140</load_address>
         <run_address>0x2140</run_address>
         <size>0x5e</size>
         <input_file_ref idref="fl-13"/>
      </object_component>
      <object_component id="oc-293">
         <name>.debug_line</name>
         <load_address>0x219e</load_address>
         <run_address>0x219e</run_address>
         <size>0x5b</size>
         <input_file_ref idref="fl-14"/>
      </object_component>
      <object_component id="oc-ea">
         <name>.debug_line</name>
         <load_address>0x21f9</load_address>
         <run_address>0x21f9</run_address>
         <size>0x75</size>
         <input_file_ref idref="fl-14"/>
      </object_component>
      <object_component id="oc-f6">
         <name>.debug_line</name>
         <load_address>0x226e</load_address>
         <run_address>0x226e</run_address>
         <size>0x75</size>
         <input_file_ref idref="fl-14"/>
      </object_component>
      <object_component id="oc-fc">
         <name>.debug_line</name>
         <load_address>0x22e3</load_address>
         <run_address>0x22e3</run_address>
         <size>0x6c</size>
         <input_file_ref idref="fl-14"/>
      </object_component>
      <object_component id="oc-108">
         <name>.debug_line</name>
         <load_address>0x234f</load_address>
         <run_address>0x234f</run_address>
         <size>0x6c</size>
         <input_file_ref idref="fl-14"/>
      </object_component>
      <object_component id="oc-102">
         <name>.debug_line</name>
         <load_address>0x23bb</load_address>
         <run_address>0x23bb</run_address>
         <size>0x6c</size>
         <input_file_ref idref="fl-14"/>
      </object_component>
      <object_component id="oc-e4">
         <name>.debug_line</name>
         <load_address>0x2427</load_address>
         <run_address>0x2427</run_address>
         <size>0x80</size>
         <input_file_ref idref="fl-14"/>
      </object_component>
      <object_component id="oc-220">
         <name>.debug_line</name>
         <load_address>0x24a7</load_address>
         <run_address>0x24a7</run_address>
         <size>0xc8</size>
         <input_file_ref idref="fl-15"/>
      </object_component>
      <object_component id="oc-295">
         <name>.debug_line</name>
         <load_address>0x256f</load_address>
         <run_address>0x256f</run_address>
         <size>0x58</size>
         <input_file_ref idref="fl-15"/>
      </object_component>
      <object_component id="oc-15f">
         <name>.debug_line</name>
         <load_address>0x25c7</load_address>
         <run_address>0x25c7</run_address>
         <size>0x6d</size>
         <input_file_ref idref="fl-15"/>
      </object_component>
      <object_component id="oc-83">
         <name>.debug_line</name>
         <load_address>0x2634</load_address>
         <run_address>0x2634</run_address>
         <size>0x6d</size>
         <input_file_ref idref="fl-15"/>
      </object_component>
      <object_component id="oc-206">
         <name>.debug_line</name>
         <load_address>0x26a1</load_address>
         <run_address>0x26a1</run_address>
         <size>0xb9</size>
         <input_file_ref idref="fl-15"/>
      </object_component>
      <object_component id="oc-f0">
         <name>.debug_line</name>
         <load_address>0x275a</load_address>
         <run_address>0x275a</run_address>
         <size>0xf1</size>
         <input_file_ref idref="fl-15"/>
      </object_component>
      <object_component id="oc-224">
         <name>.debug_line</name>
         <load_address>0x284b</load_address>
         <run_address>0x284b</run_address>
         <size>0x58</size>
         <input_file_ref idref="fl-15"/>
      </object_component>
      <object_component id="oc-2bb">
         <name>.debug_line</name>
         <load_address>0x28a3</load_address>
         <run_address>0x28a3</run_address>
         <size>0x5b</size>
         <input_file_ref idref="fl-16"/>
      </object_component>
      <object_component id="oc-25a">
         <name>.debug_line</name>
         <load_address>0x28fe</load_address>
         <run_address>0x28fe</run_address>
         <size>0x6a</size>
         <input_file_ref idref="fl-16"/>
      </object_component>
      <object_component id="oc-272">
         <name>.debug_line</name>
         <load_address>0x2968</load_address>
         <run_address>0x2968</run_address>
         <size>0x6f</size>
         <input_file_ref idref="fl-16"/>
      </object_component>
      <object_component id="oc-260">
         <name>.debug_line</name>
         <load_address>0x29d7</load_address>
         <run_address>0x29d7</run_address>
         <size>0x6d</size>
         <input_file_ref idref="fl-16"/>
      </object_component>
      <object_component id="oc-278">
         <name>.debug_line</name>
         <load_address>0x2a44</load_address>
         <run_address>0x2a44</run_address>
         <size>0x6f</size>
         <input_file_ref idref="fl-16"/>
      </object_component>
      <object_component id="oc-26c">
         <name>.debug_line</name>
         <load_address>0x2ab3</load_address>
         <run_address>0x2ab3</run_address>
         <size>0x6d</size>
         <input_file_ref idref="fl-16"/>
      </object_component>
      <object_component id="oc-254">
         <name>.debug_line</name>
         <load_address>0x2b20</load_address>
         <run_address>0x2b20</run_address>
         <size>0x7b</size>
         <input_file_ref idref="fl-16"/>
      </object_component>
      <object_component id="oc-266">
         <name>.debug_line</name>
         <load_address>0x2b9b</load_address>
         <run_address>0x2b9b</run_address>
         <size>0x6a</size>
         <input_file_ref idref="fl-16"/>
      </object_component>
      <object_component id="oc-290">
         <name>.debug_line</name>
         <load_address>0x2c05</load_address>
         <run_address>0x2c05</run_address>
         <size>0x55</size>
         <input_file_ref idref="fl-17"/>
      </object_component>
      <object_component id="oc-28e">
         <name>.debug_line</name>
         <load_address>0x2c5a</load_address>
         <run_address>0x2c5a</run_address>
         <size>0x5b</size>
         <input_file_ref idref="fl-17"/>
      </object_component>
      <object_component id="oc-ce">
         <name>.debug_line</name>
         <load_address>0x2cb5</load_address>
         <run_address>0x2cb5</run_address>
         <size>0x70</size>
         <input_file_ref idref="fl-17"/>
      </object_component>
      <object_component id="oc-c8">
         <name>.debug_line</name>
         <load_address>0x2d25</load_address>
         <run_address>0x2d25</run_address>
         <size>0x99</size>
         <input_file_ref idref="fl-17"/>
      </object_component>
      <object_component id="oc-229">
         <name>.debug_line</name>
         <load_address>0x2dbe</load_address>
         <run_address>0x2dbe</run_address>
         <size>0x5b</size>
         <input_file_ref idref="fl-18"/>
      </object_component>
      <object_component id="oc-227">
         <name>.debug_line</name>
         <load_address>0x2e19</load_address>
         <run_address>0x2e19</run_address>
         <size>0x56</size>
         <input_file_ref idref="fl-18"/>
      </object_component>
      <object_component id="oc-1c4">
         <name>.debug_line</name>
         <load_address>0x2e6f</load_address>
         <run_address>0x2e6f</run_address>
         <size>0x6b</size>
         <input_file_ref idref="fl-18"/>
      </object_component>
      <object_component id="oc-15b">
         <name>.debug_line</name>
         <load_address>0x2eda</load_address>
         <run_address>0x2eda</run_address>
         <size>0x6e</size>
         <input_file_ref idref="fl-18"/>
      </object_component>
      <object_component id="oc-b6">
         <name>.debug_line</name>
         <load_address>0x2f48</load_address>
         <run_address>0x2f48</run_address>
         <size>0xaf</size>
         <input_file_ref idref="fl-18"/>
      </object_component>
      <object_component id="oc-98">
         <name>.debug_line</name>
         <load_address>0x2ff7</load_address>
         <run_address>0x2ff7</run_address>
         <size>0x6c</size>
         <input_file_ref idref="fl-18"/>
      </object_component>
      <object_component id="oc-24e">
         <name>.debug_line</name>
         <load_address>0x3063</load_address>
         <run_address>0x3063</run_address>
         <size>0x6c</size>
         <input_file_ref idref="fl-18"/>
      </object_component>
      <object_component id="oc-1b8">
         <name>.debug_line</name>
         <load_address>0x30cf</load_address>
[...]
      </symbol>
      <symbol id="sm-116">
         <name>EF_void_TimerInit</name>
         <value>0x238d</value>
         <object_component_ref idref="oc-193"/>
      </symbol>
      <symbol id="sm-117">
         <name>EF_void_TimerCreate</name>
         <value>0x23c3</value>
         <object_component_ref idref="oc-193"/>
      </symbol>
      <symbol id="sm-118">
         <name>EF_void_TimerStart</name>
         <value>0x24f1</value>
         <object_component_ref idref="oc-193"/>
      </symbol>
      <symbol id="sm-1f1">
         <name>EF_S8_DIO_WritePort</name>
         <value>0x851</value>
         <object_component_ref idref="oc-ac"/>
      </symbol>
      <symbol id="sm-1f2">
         <name>EF_S8_t_DIO_InitPin</name>
         <value>0x409</value>
         <object_component_ref idref="oc-ac"/>
      </symbol>
      <symbol id="sm-1f3">
         <name>EF_S8_DIO_CheckPin</name>
         <value>0xf2b</value>
         <object_component_ref idref="oc-ac"/>
      </symbol>
      <symbol id="sm-1f4">
         <name>EF_S16_DIO_ReadPort</name>
         <value>0x905</value>
         <object_component_ref idref="oc-ac"/>
      </symbol>
      <symbol id="sm-1f5">
         <name>EF_S8_DIO_InitPort</name>
         <value>0x26d</value>
         <object_component_ref idref="oc-ac"/>
      </symbol>
      <symbol id="sm-1f6">
         <name>EF_S8_DIO_TogglePin</name>
         <value>0xd4d</value>
         <object_component_ref idref="oc-ac"/>
      </symbol>
      <symbol id="sm-1f7">
         <name>EF_S8_DIO_SetPin</name>
         <value>0x9e9</value>
         <object_component_ref idref="oc-ac"/>
      </symbol>
      <symbol id="sm-1f8">
         <name>EF_S8_DIO_SetPort</name>
         <value>0xbf7</value>
         <object_component_ref idref="oc-ac"/>
      </symbol>
      <symbol id="sm-1f9">
         <name>EF_S8_DIO_ClearPort</name>
         <value>0xc9b</value>
         <object_component_ref idref="oc-ac"/>
      </symbol>
      <symbol id="sm-1fa">
         <name>EF_S8_t_DIO_InitSomePins</name>
         <value>0x675</value>
         <object_component_ref idref="oc-ac"/>
      </symbol>
      <symbol id="sm-1fb">
         <name>EF_S8_DIO_ClearPin</name>
         <value>0xb0d</value>
         <object_component_ref idref="oc-ac"/>
      </symbol>
      <symbol id="sm-240">
         <name>EF_BOOLEAN_SpiTransmit</name>
         <value>0x1f31</value>
         <object_component_ref idref="oc-199"/>
      </symbol>
      <symbol id="sm-241">
         <name>EF_BOOLEAN_SpiReceive</name>
         <value>0x1fdb</value>
         <object_component_ref idref="oc-199"/>
      </symbol>
      <symbol id="sm-242">
         <name>EF_SpiInit</name>
         <value>0x1de9</value>
         <object_component_ref idref="oc-199"/>
      </symbol>
      <symbol id="sm-243">
         <name>EF_SpiTransfer</name>
         <value>0x1ebb</value>
         <object_component_ref idref="oc-199"/>
      </symbol>
      <symbol id="sm-244">
         <name>EF_void_SpiReceive</name>
         <value>0x1f03</value>
         <object_component_ref idref="oc-199"/>
      </symbol>
      <symbol id="sm-25c">
         <name>EF_void_Timer_SetISRCallBack</name>
         <value>0x298f</value>
         <object_component_ref idref="oc-36"/>
      </symbol>
      <symbol id="sm-25d">
         <name>EF_void_Timer_PORTinit</name>
         <value>0x293d</value>
         <object_component_ref idref="oc-36"/>
      </symbol>
      <symbol id="sm-25e">
         <name>EF_void_Timer_RemoveTimerISRCallBack</name>
         <value>0x299f</value>
         <object_component_ref idref="oc-36"/>
      </symbol>
      <symbol id="sm-25f">
         <name>Timer_W0_ISR</name>
         <value>0x29a7</value>
         <object_component_ref idref="oc-36"/>
      </symbol>
      <symbol id="sm-2c6">
         <name>EF_BOOLEAN_7SegKit_SendOneDigit</name>
         <value>0x12b3</value>
         <object_component_ref idref="oc-a0"/>
      </symbol>
      <symbol id="sm-2c7">
         <name>EF_BOOLEAN_7SegKit_SendDigits</name>
         <value>0x1345</value>
         <object_component_ref idref="oc-a0"/>
      </symbol>
      <symbol id="sm-2c8">
         <name>EF_BOOLEAN_7SegKit_PrintAlarm</name>
         <value>0x1525</value>
         <object_component_ref idref="oc-a0"/>
      </symbol>
      <symbol id="sm-2c9">
         <name>EF_void_7SegKit_DisableShutDownMode</name>
         <value>0x10e1</value>
         <object_component_ref idref="oc-a0"/>
      </symbol>
      <symbol id="sm-2ca">
         <name>EF_void_7SegKit_DisableDisplayTestMode</name>
         <value>0x128f</value>
         <object_component_ref idref="oc-a0"/>
      </symbol>
      <symbol id="sm-2cb">
         <name>EF_BOOLEAN_7SegKit_SetBcdCode</name>
         <value>0x1105</value>
         <object_component_ref idref="oc-a0"/>
      </symbol>
      <symbol id="sm-2cc">
         <name>UndecodedNumArray</name>
         <value>0x20000240</value>
         <object_component_ref idref="oc-1a9"/>
      </symbol>
      <symbol id="sm-2cd">
         <name>EF_void_7SegKit_EnableDisplayTestMode</name>
         <value>0x126b</value>
         <object_component_ref idref="oc-a0"/>
      </symbol>
      <symbol id="sm-2ce">
         <name>EF_BOOLEAN_7SegKit_SetBrightness</name>
         <value>0x1177</value>
         <object_component_ref idref="oc-a0"/>
      </symbol>
      <symbol id="sm-2cf">
         <name>EF_void_7SegKit_EnableShutDownMode</name>
         <value>0x10bd</value>
         <object_component_ref idref="oc-a0"/>
      </symbol>
      <symbol id="sm-2d0">
         <name>EF_BOOLEAN_7SegKit_SeLectWorkedDigits</name>
         <value>0x11b7</value>
         <object_component_ref idref="oc-a0"/>
      </symbol>
      <symbol id="sm-2d1">
         <name>EF_void_7SegKit_Init</name>
         <value>0x1095</value>
         <object_component_ref idref="oc-a0"/>
      </symbol>
      <symbol id="sm-308">
         <name>Encoder_Operation_ISR_B</name>
         <value>0x2295</value>
         <object_component_ref idref="oc-30"/>
      </symbol>
      <symbol id="sm-309">
         <name>EF_void_RotaryEncoder_Init</name>
         <value>0x20f9</value>
         <object_component_ref idref="oc-30"/>
      </symbol>
      <symbol id="sm-30a">
         <name>LastEncoded</name>
         <value>0x20000271</value>
         <object_component_ref idref="oc-d6"/>
      </symbol>
      <symbol id="sm-30b">
         <name>Encoder_Counter</name>
         <value>0x2000026c</value>
         <object_component_ref idref="oc-d6"/>
      </symbol>
      <symbol id="sm-30c">
         <name>EF_BOOLEAN_RotaryEncoder_IsChange</name>
         <value>0x21cf</value>
         <object_component_ref idref="oc-30"/>
      </symbol>
      <symbol id="sm-30d">
         <name>Encoder_ChangeStatus</name>
         <value>0x2000026e</value>
         <object_component_ref idref="oc-d6"/>
      </symbol>
      <symbol id="sm-30e">
         <name>EF_u16_RotaryEncoder_GetCounterValue</name>
         <value>0x21d5</value>
         <object_component_ref idref="oc-30"/>
      </symbol>
      <symbol id="sm-30f">
         <name>SignalA_LastRead</name>
         <value>0x2000026f</value>
         <object_component_ref idref="oc-d6"/>
      </symbol>
      <symbol id="sm-310">
         <name>EF_void_RotaryEncoder_Operation</name>
         <value>0x21e1</value>
         <object_component_ref idref="oc-30"/>
      </symbol>
      <symbol id="sm-311">
         <name>Encoder_Operation_ISR</name>
         <value>0x2237</value>
         <object_component_ref idref="oc-30"/>
      </symbol>
      <symbol id="sm-312">
         <name>SignalB_LastRead</name>
         <value>0x20000270</value>
         <object_component_ref idref="oc-d6"/>
      </symbol>
      <symbol id="sm-35e">
         <name>UARTConfigSetExpClk</name>
         <value>0x2e77</value>
         <object_component_ref idref="oc-164"/>
      </symbol>
      <symbol id="sm-35f">
         <name>UARTDisable</name>
         <value>0x2f8d</value>
         <object_component_ref idref="oc-22e"/>
      </symbol>
      <symbol id="sm-360">
         <name>UARTClockSourceSet</name>
         <value>0x3149</value>
         <object_component_ref idref="oc-8e"/>
      </symbol>
      <symbol id="sm-361">
         <name>UARTCharPut</name>
         <value>0x3117</value>
         <object_component_ref idref="oc-170"/>
      </symbol>
      <symbol id="sm-362">
         <name>UARTEnable</name>
         <value>0x2ff5</value>
         <object_component_ref idref="oc-16a"/>
      </symbol>
      <symbol id="sm-363">
         <name>UARTCharGet</name>
         <value>0x310d</value>
         <object_component_ref idref="oc-176"/>
      </symbol>
      <symbol id="sm-39e">
         <name>TimerLoadSet</name>
         <value>0x3065</value>
         <object_component_ref idref="oc-f2"/>
      </symbol>
      <symbol id="sm-39f">
         <name>TimerEnable</name>
         <value>0x3097</value>
         <object_component_ref idref="oc-fe"/>
      </symbol>
      <symbol id="sm-3a0">
         <name>TimerPrescaleSet</name>
         <value>0x3077</value>
         <object_component_ref idref="oc-e6"/>
      </symbol>
      <symbol id="sm-3a1">
         <name>TimerIntEnable</name>
         <value>0x3129</value>
         <object_component_ref idref="oc-f8"/>
      </symbol>
      <symbol id="sm-3a2">
         <name>TimerConfigure</name>
         <value>0x2b85</value>
         <object_component_ref idref="oc-e0"/>
      </symbol>
      <symbol id="sm-3a3">
         <name>TimerIntClear</name>
         <value>0x3155</value>
         <object_component_ref idref="oc-104"/>
      </symbol>
      <symbol id="sm-408">
         <name>SysCtlPeripheralPresent</name>
         <value>0x2f2d</value>
         <object_component_ref idref="oc-15e"/>
      </symbol>
      <symbol id="sm-409">
         <name>SysCtlClockSet</name>
         <value>0x27b1</value>
         <object_component_ref idref="oc-202"/>
      </symbol>
      <symbol id="sm-40a">
         <name>SysCtlDelay</name>
         <value>0x3143</value>
         <object_component_ref idref="oc-87"/>
      </symbol>
      <symbol id="sm-40b">
         <name>SysCtlPeripheralEnable</name>
         <value>0x2ef9</value>
         <object_component_ref idref="oc-81"/>
      </symbol>
      <symbol id="sm-40c">
         <name>SysCtlClockGet</name>
         <value>0x2699</value>
         <object_component_ref idref="oc-ec"/>
      </symbol>
      <symbol id="sm-454">
         <name>SSIDataPut</name>
         <value>0x30f9</value>
         <object_component_ref idref="oc-25c"/>
      </symbol>
      <symbol id="sm-455">
         <name>SSIDataGet</name>
         <value>0x30cb</value>
         <object_component_ref idref="oc-268"/>
      </symbol>
      <symbol id="sm-456">
         <name>SSIDataGetNonBlocking</name>
         <value>0x3053</value>
         <object_component_ref idref="oc-274"/>
      </symbol>
      <symbol id="sm-457">
         <name>SSIDataPutNonBlocking</name>
         <value>0x3089</value>
         <object_component_ref idref="oc-26e"/>
      </symbol>
      <symbol id="sm-458">
         <name>SSIConfigSetExpClk</name>
         <value>0x2e35</value>
         <object_component_ref idref="oc-250"/>
      </symbol>
      <symbol id="sm-459">
         <name>SSIEnable</name>
         <value>0x3103</value>
         <object_component_ref idref="oc-256"/>
      </symbol>
      <symbol id="sm-45a">
         <name>SSIBusy</name>
         <value>0x3121</value>
         <object_component_ref idref="oc-262"/>
      </symbol>
      <symbol id="sm-488">
         <name>IntEnable</name>
         <value>0x2b25</value>
         <object_component_ref idref="oc-c4"/>
      </symbol>
      <symbol id="sm-489">
         <name>IntMasterEnable</name>
         <value>0x30ef</value>
         <object_component_ref idref="oc-ca"/>
      </symbol>
      <symbol id="sm-501">
         <name>GPIOPinConfigure</name>
         <value>0x2cd5</value>
         <object_component_ref idref="oc-88"/>
      </symbol>
      <symbol id="sm-502">
         <name>GPIOIntEnable</name>
         <value>0x30bf</value>
         <object_component_ref idref="oc-be"/>
      </symbol>
      <symbol id="sm-503">
         <name>GPIOIntTypeSet</name>
         <value>0x2be1</value>
         <object_component_ref idref="oc-b8"/>
      </symbol>
      <symbol id="sm-504">
         <name>GPIOPinTypeGPIOInput</name>
         <value>0x301d</value>
         <object_component_ref idref="oc-1ba"/>
      </symbol>
      <symbol id="sm-505">
         <name>GPIOIntClear</name>
         <value>0x3131</value>
         <object_component_ref idref="oc-d0"/>
      </symbol>
      <symbol id="sm-506">
         <name>GPIOPinTypeUART</name>
         <value>0x3041</value>
         <object_component_ref idref="oc-94"/>
      </symbol>
      <symbol id="sm-507">
         <name>GPIOPinTypeGPIOOutput</name>
         <value>0x2fc5</value>
         <object_component_ref idref="oc-1b4"/>
      </symbol>
      <symbol id="sm-508">
         <name>GPIOPinRead</name>
         <value>0x3137</value>
         <object_component_ref idref="oc-1c6"/>
      </symbol>
      <symbol id="sm-509">
         <name>GPIODirModeSet</name>
         <value>0x2f61</value>
         <object_component_ref idref="oc-157"/>
      </symbol>
      <symbol id="sm-50a">
         <name>GPIOPinWrite</name>
         <value>0x313d</value>
         <object_component_ref idref="oc-1c0"/>
      </symbol>
      <symbol id="sm-50b">
         <name>GPIOPadConfigSet</name>
         <value>0x2569</value>
         <object_component_ref idref="oc-b2"/>
      </symbol>
      <symbol id="sm-50c">
         <name>GPIOPinTypeSSI</name>
         <value>0x302f</value>
         <object_component_ref idref="oc-24a"/>
      </symbol>
      <symbol id="sm-516">
         <name>CPUcpsie</name>
         <value>0x30b3</value>
         <object_component_ref idref="oc-1db"/>
      </symbol>
      <symbol id="sm-528">
         <name>_c_int00</name>
         <value>0x2c39</value>
         <object_component_ref idref="oc-24"/>
      </symbol>
      <symbol id="sm-529">
         <name>__stack</name>
         <value>0x20000000</value>
         <object_component_ref idref="oc-29"/>
      </symbol>
      <symbol id="sm-540">
         <name>__TI_decompress_none</name>
         <value>0x30a5</value>
         <object_component_ref idref="oc-12"/>
      </symbol>
      <symbol id="sm-563">
         <name>__TI_decompress_rle24</name>
         <value>0x314f</value>
         <object_component_ref idref="oc-18"/>
      </symbol>
      <symbol id="sm-575">
         <name>__TI_zero_init</name>
         <value>0x30d7</value>
         <object_component_ref idref="oc-1e"/>
      </symbol>
      <symbol id="sm-594">
         <name>C$$EXIT</name>
         <value>0x2dad</value>
         <object_component_ref idref="oc-76"/>
      </symbol>
      <symbol id="sm-595">
         <name>abort</name>
         <value>0x2db1</value>
         <object_component_ref idref="oc-76"/>
      </symbol>
      <symbol id="sm-596">
         <name>exit</name>
         <value>0x2db9</value>
         <object_component_ref idref="oc-76"/>
      </symbol>
      <symbol id="sm-597">
         <name>__TI_dtors_ptr</name>
         <value>0x20000268</value>
         <object_component_ref idref="oc-141"/>
      </symbol>
      <symbol id="sm-598">
         <name>__TI_cleanup_ptr</name>
         <value>0x20000264</value>
         <object_component_ref idref="oc-141"/>
      </symbol>
      <symbol id="sm-5a6">
         <name>__aeabi_d2iz</name>
         <value>0x2d1d</value>
         <object_component_ref idref="oc-19f"/>
      </symbol>
      <symbol id="sm-5b3">
         <name>__aeabi_d2uiz</name>
         <value>0x2df1</value>
         <object_component_ref idref="oc-1a4"/>
      </symbol>
      <symbol id="sm-5ce">
         <name>memcpy</name>
         <value>0x28a1</value>
         <object_component_ref idref="oc-3f"/>
      </symbol>
      <symbol id="sm-5cf">
         <name>__aeabi_memcpy</name>
         <value>0x28a1</value>
         <object_component_ref idref="oc-3f"/>
      </symbol>
      <symbol id="sm-5d0">
         <name>__aeabi_memcpy8</name>
         <value>0x28a1</value>
         <object_component_ref idref="oc-3f"/>
      </symbol>
      <symbol id="sm-5d1">
         <name>__aeabi_memcpy4</name>
         <value>0x28a1</value>
         <object_component_ref idref="oc-3f"/>
      </symbol>
      <symbol id="sm-5e0">
         <name>__aeabi_memset</name>
         <value>0x29d3</value>
         <object_component_ref idref="oc-58"/>
      </symbol>
      <symbol id="sm-5e1">
         <name>memset</name>
         <value>0x29d9</value>
         <object_component_ref idref="oc-58"/>
      </symbol>
      <symbol id="sm-5e2">
         <name>__aeabi_memset8</name>
         <value>0x29d3</value>
         <object_component_ref idref="oc-58"/>
      </symbol>
      <symbol id="sm-5e3">
         <name>__aeabi_memset4</name>
         <value>0x29d3</value>
         <object_component_ref idref="oc-58"/>
      </symbol>
      <symbol id="sm-5e4">
         <name>__aeabi_memclr8</name>
         <value>0x29d1</value>
         <object_component_ref idref="oc-58"/>
      </symbol>
      <symbol id="sm-5e5">
         <name>__aeabi_memclr4</name>
         <value>0x29d1</value>
         <object_component_ref idref="oc-58"/>
      </symbol>
      <symbol id="sm-5e6">
         <name>__aeabi_memclr</name>
         <value>0x29d1</value>
         <object_component_ref idref="oc-58"/>
      </symbol>
      <symbol id="sm-5f0">
         <name>_system_pre_init</name>
         <value>0x3159</value>
         <object_component_ref idref="oc-64"/>
      </symbol>
      <symbol id="sm-5f8">
         <name>main_func_sp</name>
         <value>0x2000027c</value>
         <object_component_ref idref="oc-7c"/>
      </symbol>
      <symbol id="sm-60a">
         <name>__aeabi_uidivmod</name>
         <value>0x2eb7</value>
         <object_component_ref idref="oc-182"/>
      </symbol>
      <symbol id="sm-60b">
         <name>__aeabi_uidiv</name>
         <value>0x2eb7</value>
         <object_component_ref idref="oc-182"/>
      </symbol>
      <symbol id="sm-624">
         <name>_nop</name>
         <value>0x3017</value>
         <object_component_ref idref="oc-211"/>
      </symbol>
      <symbol id="sm-625">
         <name>_lock</name>
         <value>0x2000025c</value>
         <object_component_ref idref="oc-13e"/>
      </symbol>
      <symbol id="sm-626">
         <name>_unlock</name>
         <value>0x20000260</value>
         <object_component_ref idref="oc-13e"/>
      </symbol>
      <symbol id="sm-627">
         <name>_register_lock</name>
         <value>0x300f</value>
         <object_component_ref idref="oc-211"/>
      </symbol>
      <symbol id="sm-628">
         <name>_register_unlock</name>
         <value>0x3009</value>
         <object_component_ref idref="oc-211"/>
      </symbol>
      <symbol id="sm-63d">
         <name>_args_main</name>
         <value>0x2fdd</value>
         <object_component_ref idref="oc-70"/>
      </symbol>
      <symbol id="sm-663">
         <name>__TI_auto_init</name>
         <value>0x2a4d</value>
         <object_component_ref idref="oc-6a"/>
      </symbol>
      <symbol id="sm-67d">
         <name>copy_in</name>
         <value>0x2c89</value>
         <object_component_ref idref="oc-12e"/>
      </symbol>
      <symbol id="sm-687">
         <name>__aeabi_idiv0</name>
         <value>0x2a4b</value>
         <object_component_ref idref="oc-23d"/>
      </symbol>
      <symbol id="sm-688">
         <name>__TI_static_base__</name>
         <value>0x0</value>
      </symbol>
      <symbol id="sm-68b">
         <name>SHT$$INIT_ARRAY$$Limit</name>
         <value>0x0</value>
      </symbol>
      <symbol id="sm-68c">
         <name>SHT$$INIT_ARRAY$$Base</name>
         <value>0x0</value>
      </symbol>
   </symbol_table>
   <title>Link successful</title>
</link_info>
