******************************************************************************
                  TI ARM Linker PC v5.2.3                      
******************************************************************************
>> Linked Sun May 15 09:52:02 2016

OUTPUT FILE NAME:   <RotaryEncoder.out>
ENTRY POINT SYMBOL: "_c_int00"  address: 00002c39


MEMORY CONFIGURATION

         name            origin    length      used     unused   attr    fill
----------------------  --------  ---------  --------  --------  ----  --------
  FLASH                 00000000   00040000  0000334e  0003ccb2  R  X
  SRAM                  20000000   00008000  00000280  00007d80  RW X


SEGMENT ALLOCATION MAP

run origin  load origin   length   init length attrs members
----------  ----------- ---------- ----------- ----- -------
00000000    00000000    00003350   00003350    r-x
  00000000    00000000    0000026c   0000026c    r-- .intvecs
  0000026c    0000026c    00002ef0   00002ef0    r-x .text
  0000315c    0000315c    0000019a   0000019a    r-- .const
  000032f8    000032f8    00000058   00000058    r-- .cinit
20000000    20000000    00000280   00000000    rw-
  20000000    20000000    00000200   00000000    rw- .stack
  20000200    20000200    00000040   00000000    rw- .bss
  20000240    20000240    00000040   00000000    rw- .data


SECTION ALLOCATION MAP

 output                                  attributes/
section   page    origin      length       input sections
--------  ----  ----------  ----------   ----------------
.intvecs   0    00000000    0000026c     
                  00000000    0000026c     tm4c123gh6pm_startup_ccs.obj (.intvecs)

.text      0    0000026c    00002ef0     
                  0000026c    00000e28     EF_TIVA_DIO.obj (.text)
                  00001094    000008b8     EF_7segKit.obj (.text)
                  0000194c    0000049c     uartstdio.obj (.text)
                  00001de8    000002c8     EF_TIVA_SPI.obj (.text)
                  000020b0    00000288     EF_RotaryEncoder.obj (.text)
                  00002338    00000230     EF_SpechialTIMER.obj (.text)
                  00002568    00000130     driverlib.lib : gpio.obj (.text:GPIOPadConfigSet)
                  00002698    00000118                   : sysctl.obj (.text:SysCtlClockGet)
                  000027b0    000000f0                   : sysctl.obj (.text:SysCtlClockSet)
                  000028a0    0000009c     rtsv7M4_T_le_v4SPD16_eabi.lib : memcpy_t2.obj (.text)
                  0000293c    00000094     EF_TIVA_Timer.obj (.text)
                  000029d0    0000007a     rtsv7M4_T_le_v4SPD16_eabi.lib : memset_t2.obj (.text)
                  00002a4a    00000002                                   : i_div0.obj (.text)
                  00002a4c    0000006c                                   : autoinit.obj (.text)
                  00002ab8    0000006a                                   : copy_decompress_rle.obj (.text)
                  00002b22    00000002     --HOLE-- [fill = 0]
                  00002b24    00000060     driverlib.lib : interrupt.obj (.text:IntEnable)
                  00002b84    0000005c                   : timer.obj (.text:TimerConfigure)
                  00002be0    00000056                   : gpio.obj (.text:GPIOIntTypeSet)
                  00002c36    00000002     --HOLE-- [fill = 0]
                  00002c38    00000050     rtsv7M4_T_le_v4SPD16_eabi.lib : boot.obj (.text)
                  00002c88    0000004c                                   : cpy_tbl.obj (.text)
                  00002cd4    00000048     driverlib.lib : gpio.obj (.text:GPIOPinConfigure)
                  00002d1c    00000048     rtsv7M4_T_le_v4SPD16_eabi.lib : fd_toi_t2.obj (.text)
                  00002d64    00000048     std_types.obj (.text)
                  00002dac    00000044     rtsv7M4_T_le_v4SPD16_eabi.lib : exit.obj (.text)
                  00002df0    00000044                                   : fd_tou_t2.obj (.text)
                  00002e34    00000042     driverlib.lib : ssi.obj (.text:SSIConfigSetExpClk)
                  00002e76    00000040                   : uart.obj (.text:UARTConfigSetExpClk)
                  00002eb6    00000040     rtsv7M4_T_le_v4SPD16_eabi.lib : u_divt2.obj (.text)
                  00002ef6    00000002     --HOLE-- [fill = 0]
                  00002ef8    00000034     driverlib.lib : sysctl.obj (.text:SysCtlPeripheralEnable)
                  00002f2c    00000034                   : sysctl.obj (.text:SysCtlPeripheralPresent)
                  00002f60    0000002a                   : gpio.obj (.text:GPIODirModeSet)
                  00002f8a    00000002     --HOLE-- [fill = 0]
                  00002f8c    0000001c                   : uart.obj (.text:UARTDisable)
                  00002fa8    0000001c     main.obj (.text)
                  00002fc4    00000018     driverlib.lib : gpio.obj (.text:GPIOPinTypeGPIOOutput)
                  00002fdc    00000018     rtsv7M4_T_le_v4SPD16_eabi.lib : args_main.obj (.text)
                  00002ff4    00000014     driverlib.lib : uart.obj (.text:UARTEnable)
                  00003008    00000014     rtsv7M4_T_le_v4SPD16_eabi.lib : _lock.obj (.text)
                  0000301c    00000012     driverlib.lib : gpio.obj (.text:GPIOPinTypeGPIOInput)
                  0000302e    00000012                   : gpio.obj (.text:GPIOPinTypeSSI)
                  00003040    00000012                   : gpio.obj (.text:GPIOPinTypeUART)
                  00003052    00000012                   : ssi.obj (.text:SSIDataGetNonBlocking)
                  00003064    00000012                   : timer.obj (.text:TimerLoadSet)
                  00003076    00000012                   : timer.obj (.text:TimerPrescaleSet)
                  00003088    0000000e                   : ssi.obj (.text:SSIDataPutNonBlocking)
                  00003096    0000000e                   : timer.obj (.text:TimerEnable)
                  000030a4    0000000e     rtsv7M4_T_le_v4SPD16_eabi.lib : copy_decompress_none.obj (.text:decompress:none)
                  000030b2    0000000c     driverlib.lib : cpu.obj (.text:CPUcpsie)
                  000030be    0000000c                   : gpio.obj (.text:GPIOIntEnable)
                  000030ca    0000000c                   : ssi.obj (.text:SSIDataGet)
                  000030d6    0000000c     rtsv7M4_T_le_v4SPD16_eabi.lib : copy_zero_init.obj (.text:decompress:ZI)
                  000030e2    0000000c     tm4c123gh6pm_startup_ccs.obj (.text)
                  000030ee    0000000a     driverlib.lib : interrupt.obj (.text:IntMasterEnable)
                  000030f8    0000000a                   : ssi.obj (.text:SSIDataPut)
                  00003102    0000000a                   : ssi.obj (.text:SSIEnable)
                  0000310c    0000000a                   : uart.obj (.text:UARTCharGet)
                  00003116    0000000a                   : uart.obj (.text:UARTCharPut)
                  00003120    00000008                   : ssi.obj (.text:SSIBusy)
                  00003128    00000008                   : timer.obj (.text:TimerIntEnable)
                  00003130    00000006                   : gpio.obj (.text:GPIOIntClear)
                  00003136    00000006                   : gpio.obj (.text:GPIOPinRead)
                  0000313c    00000006                   : gpio.obj (.text:GPIOPinWrite)
                  00003142    00000006                   : sysctl.obj (.text:SysCtlDelay)
                  00003148    00000006                   : uart.obj (.text:UARTClockSourceSet)
                  0000314e    00000006     rtsv7M4_T_le_v4SPD16_eabi.lib : copy_decompress_rle.obj (.text:decompress:rle24)
                  00003154    00000004     driverlib.lib : timer.obj (.text:TimerIntClear)
                  00003158    00000004     rtsv7M4_T_le_v4SPD16_eabi.lib : pre_init.obj (.text)

.const     0    0000315c    0000019a     
                  0000315c    00000090     driverlib.lib : gpio.obj (.const:g_pui32GPIOBaseAddrs)
                  000031ec    00000070                   : interrupt.obj (.const)
                  0000325c    0000006c                   : sysctl.obj (.const:g_pui32Xtals)
                  000032c8    0000001c     uartstdio.obj (.const)
                  000032e4    00000012     uartstdio.obj (.const:.string)

.cinit     0    000032f8    00000058     
                  000032f8    00000033     (.cinit..data.load) [load image, compression = rle]
                  0000332b    00000001     --HOLE-- [fill = 0]
                  0000332c    0000000c     (__TI_handler_table)
                  00003338    00000008     (.cinit..bss.load) [load image, compression = zero_init]
                  00003340    00000010     (__TI_cinit_table)

.init_array 
*          0    00000000    00000000     UNINITIALIZED

.stack     0    20000000    00000200     UNINITIALIZED
                  20000000    00000200     --HOLE--

.bss       0    20000200    00000040     UNINITIALIZED
                  20000200    0000003c     EF_SpechialTIMER.obj (.bss:timers_list)
                  2000023c    00000004     (.common:voidFuncPtr)

.TI.noinit 
*          0    20000200    00000000     UNINITIALIZED

.data      0    20000240    00000040     UNINITIALIZED
                  20000240    0000001b     EF_7segKit.obj (.data)
                  2000025b    00000001     --HOLE--
                  2000025c    00000008     rtsv7M4_T_le_v4SPD16_eabi.lib : _lock.obj (.data)
                  20000264    00000008                                   : exit.obj (.data)
                  2000026c    00000006     EF_RotaryEncoder.obj (.data)
                  20000272    00000002     --HOLE--
                  20000274    00000005     uartstdio.obj (.data)
                  20000279    00000003     --HOLE--
                  2000027c    00000004     rtsv7M4_T_le_v4SPD16_eabi.lib : stkdepth_vars.obj (.data)

.TI.persistent 
*          0    20000240    00000000     UNINITIALIZED


LINKER GENERATED COPY TABLES

__TI_cinit_table @ 00003340 records: 2, size/record: 8, table size: 16
	.data: load addr=000032f8, load size=00000033 bytes, run addr=20000240, run size=00000040 bytes, compression=rle
	.bss: load addr=00003338, load size=00000008 bytes, run addr=20000200, run size=00000040 bytes, compression=zero_init


LINKER GENERATED HANDLER TABLE

__TI_handler_table @ 0000332c records: 3, size/record: 4, table size: 12
	index: 0, handler: __TI_decompress_rle24
	index: 1, handler: __TI_decompress_none
	index: 2, handler: __TI_zero_init


GLOBAL SYMBOLS: SORTED ALPHABETICALLY BY Name 

address   name                                  
-------   ----                                  
00002dad  C$$EXIT                               
000030b3  CPUcpsie                              
00001525  EF_BOOLEAN_7SegKit_PrintAlarm         
000011b7  EF_BOOLEAN_7SegKit_SeLectWorkedDigits 
00001345  EF_BOOLEAN_7SegKit_SendDigits         
000012b3  EF_BOOLEAN_7SegKit_SendOneDigit       
00001105  EF_BOOLEAN_7SegKit_SetBcdCode         
00001177  EF_BOOLEAN_7SegKit_SetBrightness      
000021cf  EF_BOOLEAN_RotaryEncoder_IsChange     
00001fdb  EF_BOOLEAN_SpiReceive                 
00001f31  EF_BOOLEAN_SpiTransmit                
000024b5  EF_BOOLEAN_TimerCheck                 
00000905  EF_S16_DIO_ReadPort                   
00000f2b  EF_S8_DIO_CheckPin                    
00000b0d  EF_S8_DIO_ClearPin                    
00000c9b  EF_S8_DIO_ClearPort                   
0000026d  EF_S8_DIO_InitPort                    
000009e9  EF_S8_DIO_SetPin                      
00000bf7  EF_S8_DIO_SetPort                     
00000d4d  EF_S8_DIO_TogglePin                   
00000851  EF_S8_DIO_WritePort                   
00000409  EF_S8_t_DIO_InitPin                   
00000675  EF_S8_t_DIO_InitSomePins              
00001de9  EF_SpiInit                            
00001ebb  EF_SpiTransfer                        
000021d5  EF_u16_RotaryEncoder_GetCounterValue  
0000128f  EF_void_7SegKit_DisableDisplayTestMode
000010e1  EF_void_7SegKit_DisableShutDownMode   
0000126b  EF_void_7SegKit_EnableDisplayTestMode 
000010bd  EF_void_7SegKit_EnableShutDownMode    
00001095  EF_void_7SegKit_Init                  
000020f9  EF_void_RotaryEncoder_Init            
000021e1  EF_void_RotaryEncoder_Operation       
00001f03  EF_void_SpiReceive                    
000023c3  EF_void_TimerCreate                   
00002341  EF_void_TimerDelete                   
0000238d  EF_void_TimerInit                     
00002539  EF_void_TimerReset                    
000024f1  EF_void_TimerStart                    
0000251d  EF_void_TimerStop                     
0000293d  EF_void_Timer_PORTinit                
0000299f  EF_void_Timer_RemoveTimerISRCallBack  
0000298f  EF_void_Timer_SetISRCallBack          
00002425  EF_void_TimersUpdate                  
2000026e  Encoder_ChangeStatus                  
2000026c  Encoder_Counter                       
00002237  Encoder_Operation_ISR                 
00002295  Encoder_Operation_ISR_B               
00002f61  GPIODirModeSet                        
00003131  GPIOIntClear                          
000030bf  GPIOIntEnable                         
00002be1  GPIOIntTypeSet                        
00002569  GPIOPadConfigSet                      
00002cd5  GPIOPinConfigure                      
00003137  GPIOPinRead                           
0000301d  GPIOPinTypeGPIOInput                  
00002fc5  GPIOPinTypeGPIOOutput                 
0000302f  GPIOPinTypeSSI                        
00003041  GPIOPinTypeUART                       
0000313d  GPIOPinWrite                          
00002b25  IntEnable                             
000030ef  IntMasterEnable                       
20000271  LastEncoded                           
000030e3  ResetISR                              
UNDEFED   SHT$$INIT_ARRAY$$Base                 
UNDEFED   SHT$$INIT_ARRAY$$Limit                
00003121  SSIBusy                               
00002e35  SSIConfigSetExpClk                    
000030cb  SSIDataGet                            
00003053  SSIDataGetNonBlocking                 
000030f9  SSIDataPut                            
00003089  SSIDataPutNonBlocking                 
00003103  SSIEnable                             
2000026f  SignalA_LastRead                      
20000270  SignalB_LastRead                      
00002699  SysCtlClockGet                        
000027b1  SysCtlClockSet                        
00003143  SysCtlDelay                           
00002ef9  SysCtlPeripheralEnable                
00002f2d  SysCtlPeripheralPresent               
00002b85  TimerConfigure                        
00003097  TimerEnable                           
00003155  TimerIntClear                         
00003129  TimerIntEnable                        
00003065  TimerLoadSet                          
00003077  TimerPrescaleSet                      
000029a7  Timer_W0_ISR                          
0000310d  UARTCharGet                           
00003117  UARTCharPut                           
00003149  UARTClockSourceSet                    
00002e77  UARTConfigSetExpClk                   
00002f8d  UARTDisable                           
00002ff5  UARTEnable                            
0000194d  UARTStdioConfig                       
00001a93  UARTgetc                              
000019d9  UARTgets                              
00001db3  UARTprintf                            
00001ab9  UARTvprintf                           
00001993  UARTwrite                             
20000240  UndecodedNumArray                     
20000200  __STACK_END                           
00000200  __STACK_SIZE                          
20000200  __STACK_TOP                           
00003340  __TI_CINIT_Base                       
00003350  __TI_CINIT_Limit                      
0000332c  __TI_Handler_Table_Base               
00003338  __TI_Handler_Table_Limit              
00002a4d  __TI_auto_init                        
20000264  __TI_cleanup_ptr                      
000030a5  __TI_decompress_none                  
0000314f  __TI_decompress_rle24                 
20000268  __TI_dtors_ptr                        
00000000  __TI_static_base__                    
000030d7  __TI_zero_init                        
00002d1d  __aeabi_d2iz                          
00002df1  __aeabi_d2uiz                         
00002a4b  __aeabi_idiv0                         
000029d1  __aeabi_memclr                        
000029d1  __aeabi_memclr4                       
000029d1  __aeabi_memclr8                       
000028a1  __aeabi_memcpy                        
000028a1  __aeabi_memcpy4                       
000028a1  __aeabi_memcpy8                       
000029d3  __aeabi_memset                        
000029d3  __aeabi_memset4                       
000029d3  __aeabi_memset8                       
00002eb7  __aeabi_uidiv                         
00002eb7  __aeabi_uidivmod                      
ffffffff  __binit__                             
ffffffff  __c_args__                            
20000000  __stack                               
00002fdd  _args_main                            
00002c39  _c_int00                              
00002d65  _delay_ms                             
00002d87  _delay_us                             
2000025c  _lock                                 
00003017  _nop                                  
0000300f  _register_lock                        
00003009  _register_unlock                      
00003159  _system_pre_init                      
20000260  _unlock                               
00002db1  abort                                 
ffffffff  binit                                 
00002c89  copy_in                               
00002db9  exit                                  
00000000  g_pfnVectors                          
00002fa9  main                                  
2000027c  main_func_sp                          
000028a1  memcpy                                
000029d9  memset                                


GLOBAL SYMBOLS: SORTED BY Symbol Address 

address   name                                  
-------   ----                                  
00000000  __TI_static_base__                    
00000000  g_pfnVectors                          
00000200  __STACK_SIZE                          
0000026d  EF_S8_DIO_InitPort                    
00000409  EF_S8_t_DIO_InitPin                   
00000675  EF_S8_t_DIO_InitSomePins              
00000851  EF_S8_DIO_WritePort                   
00000905  EF_S16_DIO_ReadPort                   
000009e9  EF_S8_DIO_SetPin                      
00000b0d  EF_S8_DIO_ClearPin                    
00000bf7  EF_S8_DIO_SetPort                     
00000c9b  EF_S8_DIO_ClearPort                   
00000d4d  EF_S8_DIO_TogglePin                   
00000f2b  EF_S8_DIO_CheckPin                    
00001095  EF_void_7SegKit_Init                  
000010bd  EF_void_7SegKit_EnableShutDownMode    
000010e1  EF_void_7SegKit_DisableShutDownMode   
00001105  EF_BOOLEAN_7SegKit_SetBcdCode         
00001177  EF_BOOLEAN_7SegKit_SetBrightness      
000011b7  EF_BOOLEAN_7SegKit_SeLectWorkedDigits 
0000126b  EF_void_7SegKit_EnableDisplayTestMode 
0000128f  EF_void_7SegKit_DisableDisplayTestMode
000012b3  EF_BOOLEAN_7SegKit_SendOneDigit       
00001345  EF_BOOLEAN_7SegKit_SendDigits         
00001525  EF_BOOLEAN_7SegKit_PrintAlarm         
0000194d  UARTStdioConfig                       
00001993  UARTwrite                             
000019d9  UARTgets                              
00001a93  UARTgetc                              
00001ab9  UARTvprintf                           
00001db3  UARTprintf                            
00001de9  EF_SpiInit                            
00001ebb  EF_SpiTransfer                        
00001f03  EF_void_SpiReceive                    
00001f31  EF_BOOLEAN_SpiTransmit                
00001fdb  EF_BOOLEAN_SpiReceive                 
000020f9  EF_void_RotaryEncoder_Init            
000021cf  EF_BOOLEAN_RotaryEncoder_IsChange     
000021d5  EF_u16_RotaryEncoder_GetCounterValue  
000021e1  EF_void_RotaryEncoder_Operation       
00002237  Encoder_Operation_ISR                 
00002295  Encoder_Operation_ISR_B               
00002341  EF_void_TimerDelete                   
0000238d  EF_void_TimerInit                     
000023c3  EF_void_TimerCreate                   
00002425  EF_void_TimersUpdate                  
000024b5  EF_BOOLEAN_TimerCheck                 
000024f1  EF_void_TimerStart                    
0000251d  EF_void_TimerStop                     
00002539  EF_void_TimerReset                    
00002569  GPIOPadConfigSet                      
00002699  SysCtlClockGet                        
000027b1  SysCtlClockSet                        
000028a1  __aeabi_memcpy                        
000028a1  __aeabi_memcpy4                       
000028a1  __aeabi_memcpy8                       
000028a1  memcpy                                
0000293d  EF_void_Timer_PORTinit                
0000298f  EF_void_Timer_SetISRCallBack          
0000299f  EF_void_Timer_RemoveTimerISRCallBack  
000029a7  Timer_W0_ISR                          
000029d1  __aeabi_memclr                        
000029d1  __aeabi_memclr4                       
000029d1  __aeabi_memclr8                       
000029d3  __aeabi_memset                        
000029d3  __aeabi_memset4                       
000029d3  __aeabi_memset8                       
000029d9  memset                                
00002a4b  __aeabi_idiv0                         
00002a4d  __TI_auto_init                        
00002b25  IntEnable                             
00002b85  TimerConfigure                        
00002be1  GPIOIntTypeSet                        
00002c39  _c_int00                              
00002c89  copy_in                               
00002cd5  GPIOPinConfigure                      
00002d1d  __aeabi_d2iz                          
00002d65  _delay_ms                             
00002d87  _delay_us                             
00002dad  C$$EXIT                               
00002db1  abort                                 
00002db9  exit                                  
00002df1  __aeabi_d2uiz                         
00002e35  SSIConfigSetExpClk                    
00002e77  UARTConfigSetExpClk                   
00002eb7  __aeabi_uidiv                         
00002eb7  __aeabi_uidivmod                      
00002ef9  SysCtlPeripheralEnable                
00002f2d  SysCtlPeripheralPresent               
00002f61  GPIODirModeSet                        
00002f8d  UARTDisable                           
00002fa9  main                                  
00002fc5  GPIOPinTypeGPIOOutput                 
00002fdd  _args_main                            
00002ff5  UARTEnable                            
00003009  _register_unlock                      
0000300f  _register_lock                        
00003017  _nop                                  
0000301d  GPIOPinTypeGPIOInput                  
0000302f  GPIOPinTypeSSI                        
00003041  GPIOPinTypeUART                       
00003053  SSIDataGetNonBlocking                 
00003065  TimerLoadSet                          
00003077  TimerPrescaleSet                      
00003089  SSIDataPutNonBlocking                 
00003097  TimerEnable                           
000030a5  __TI_decompress_none                  
000030b3  CPUcpsie                              
000030bf  GPIOIntEnable                         
000030cb  SSIDataGet                            
000030d7  __TI_zero_init                        
000030e3  ResetISR                              
000030ef  IntMasterEnable                       
000030f9  SSIDataPut                            
00003103  SSIEnable                             
0000310d  UARTCharGet                           
00003117  UARTCharPut                           
00003121  SSIBusy                               
00003129  TimerIntEnable                        
00003131  GPIOIntClear                          
00003137  GPIOPinRead                           
0000313d  GPIOPinWrite                          
00003143  SysCtlDelay                           
00003149  UARTClockSourceSet                    
0000314f  __TI_decompress_rle24                 
00003155  TimerIntClear                         
00003159  _system_pre_init                      
0000332c  __TI_Handler_Table_Base               
00003338  __TI_Handler_Table_Limit              
00003340  __TI_CINIT_Base                       
00003350  __TI_CINIT_Limit                      
20000000  __stack                               
20000200  __STACK_END                           
20000200  __STACK_TOP                           
20000240  UndecodedNumArray                     
2000025c  _lock                                 
20000260  _unlock                               
20000264  __TI_cleanup_ptr                      
20000268  __TI_dtors_ptr                        
2000026c  Encoder_Counter                       
2000026e  Encoder_ChangeStatus                  
2000026f  SignalA_LastRead                      
20000270  SignalB_LastRead                      
20000271  LastEncoded                           
2000027c  main_func_sp                          
ffffffff  __binit__                             
ffffffff  __c_args__                            
ffffffff  binit                                 
UNDEFED   SHT$$INIT_ARRAY$$Base                 
UNDEFED   SHT$$INIT_ARRAY$$Limit                

[150 symbols]
